[2022-10-28T11:06:04.072+0200][gc] Using G1
[2022-10-28T11:06:04.080+0200][gc,init] Version: 17.0.4+8-Ubuntu-122.04 (release)
[2022-10-28T11:06:04.080+0200][gc,init] CPUs: 8 total, 8 available
[2022-10-28T11:06:04.080+0200][gc,init] Memory: 32052M
[2022-10-28T11:06:04.080+0200][gc,init] Large Page Support: Disabled
[2022-10-28T11:06:04.080+0200][gc,init] NUMA Support: Disabled
[2022-10-28T11:06:04.080+0200][gc,init] Compressed Oops: Enabled (32-bit)
[2022-10-28T11:06:04.080+0200][gc,init] Heap Region Size: 1M
[2022-10-28T11:06:04.080+0200][gc,init] Heap Min Capacity: 1G
[2022-10-28T11:06:04.080+0200][gc,init] Heap Initial Capacity: 1G
[2022-10-28T11:06:04.080+0200][gc,init] Heap Max Capacity: 1G
[2022-10-28T11:06:04.080+0200][gc,init] Pre-touch: Disabled
[2022-10-28T11:06:04.080+0200][gc,init] Parallel Workers: 8
[2022-10-28T11:06:04.080+0200][gc,init] Concurrent Workers: 2
[2022-10-28T11:06:04.080+0200][gc,init] Concurrent Refinement Workers: 8
[2022-10-28T11:06:04.080+0200][gc,init] Periodic GC: Disabled
[2022-10-28T11:06:04.080+0200][gc,metaspace] CDS archive(s) mapped at: [0x0000000800000000-0x0000000800be3000-0x0000000800be3000), size 12464128, SharedBaseAddress: 0x0000000800000000, ArchiveRelocationMode: 0.
[2022-10-28T11:06:04.080+0200][gc,metaspace] Compressed class space mapped at: 0x0000000800c00000-0x0000000840c00000, reserved size: 1073741824
[2022-10-28T11:06:04.080+0200][gc,metaspace] Narrow klass base: 0x0000000800000000, Narrow klass shift: 0, Narrow klass range: 0x100000000
[2022-10-28T11:06:05.051+0200][gc,start    ] GC(0) Pause Young (Normal) (G1 Evacuation Pause)
[2022-10-28T11:06:05.052+0200][gc,task     ] GC(0) Using 8 workers of 8 for evacuation
[2022-10-28T11:06:05.057+0200][gc,phases   ] GC(0)   Pre Evacuate Collection Set: 0,1ms
[2022-10-28T11:06:05.057+0200][gc,phases   ] GC(0)   Merge Heap Roots: 0,1ms
[2022-10-28T11:06:05.057+0200][gc,phases   ] GC(0)   Evacuate Collection Set: 4,2ms
[2022-10-28T11:06:05.057+0200][gc,phases   ] GC(0)   Post Evacuate Collection Set: 0,4ms
[2022-10-28T11:06:05.057+0200][gc,phases   ] GC(0)   Other: 0,7ms
[2022-10-28T11:06:05.057+0200][gc,heap     ] GC(0) Eden regions: 51->0(44)
[2022-10-28T11:06:05.057+0200][gc,heap     ] GC(0) Survivor regions: 0->7(7)
[2022-10-28T11:06:05.057+0200][gc,heap     ] GC(0) Old regions: 0->1
[2022-10-28T11:06:05.057+0200][gc,heap     ] GC(0) Archive regions: 2->2
[2022-10-28T11:06:05.057+0200][gc,heap     ] GC(0) Humongous regions: 0->0
[2022-10-28T11:06:05.057+0200][gc,metaspace] GC(0) Metaspace: 18865K(19072K)->18865K(19072K) NonClass: 16600K(16704K)->16600K(16704K) Class: 2264K(2368K)->2264K(2368K)
[2022-10-28T11:06:05.057+0200][gc          ] GC(0) Pause Young (Normal) (G1 Evacuation Pause) 51M->8M(1024M) 5,643ms
[2022-10-28T11:06:05.057+0200][gc,cpu      ] GC(0) User=0,03s Sys=0,00s Real=0,00s
[2022-10-28T11:06:05.229+0200][gc,start    ] GC(1) Pause Young (Concurrent Start) (Metadata GC Threshold)
[2022-10-28T11:06:05.229+0200][gc,task     ] GC(1) Using 8 workers of 8 for evacuation
[2022-10-28T11:06:05.233+0200][gc,phases   ] GC(1)   Pre Evacuate Collection Set: 0,1ms
[2022-10-28T11:06:05.233+0200][gc,phases   ] GC(1)   Merge Heap Roots: 0,0ms
[2022-10-28T11:06:05.233+0200][gc,phases   ] GC(1)   Evacuate Collection Set: 4,3ms
[2022-10-28T11:06:05.234+0200][gc,phases   ] GC(1)   Post Evacuate Collection Set: 0,3ms
[2022-10-28T11:06:05.234+0200][gc,phases   ] GC(1)   Other: 0,2ms
[2022-10-28T11:06:05.234+0200][gc,heap     ] GC(1) Eden regions: 10->0(50)
[2022-10-28T11:06:05.234+0200][gc,heap     ] GC(1) Survivor regions: 7->1(7)
[2022-10-28T11:06:05.234+0200][gc,heap     ] GC(1) Old regions: 1->8
[2022-10-28T11:06:05.234+0200][gc,heap     ] GC(1) Archive regions: 2->2
[2022-10-28T11:06:05.234+0200][gc,heap     ] GC(1) Humongous regions: 0->0
[2022-10-28T11:06:05.234+0200][gc,metaspace] GC(1) Metaspace: 21332K(21504K)->21332K(21504K) NonClass: 18748K(18816K)->18748K(18816K) Class: 2584K(2688K)->2584K(2688K)
[2022-10-28T11:06:05.234+0200][gc          ] GC(1) Pause Young (Concurrent Start) (Metadata GC Threshold) 17M->9M(1024M) 5,070ms
[2022-10-28T11:06:05.234+0200][gc,cpu      ] GC(1) User=0,01s Sys=0,01s Real=0,00s
[2022-10-28T11:06:05.234+0200][gc          ] GC(2) Concurrent Mark Cycle
[2022-10-28T11:06:05.234+0200][gc,marking  ] GC(2) Concurrent Clear Claimed Marks
[2022-10-28T11:06:05.234+0200][gc,marking  ] GC(2) Concurrent Clear Claimed Marks 0,015ms
[2022-10-28T11:06:05.234+0200][gc,marking  ] GC(2) Concurrent Scan Root Regions
[2022-10-28T11:06:05.236+0200][gc,marking  ] GC(2) Concurrent Scan Root Regions 2,498ms
[2022-10-28T11:06:05.236+0200][gc,marking  ] GC(2) Concurrent Mark
[2022-10-28T11:06:05.236+0200][gc,marking  ] GC(2) Concurrent Mark From Roots
[2022-10-28T11:06:05.236+0200][gc,task     ] GC(2) Using 2 workers of 2 for marking
[2022-10-28T11:06:05.238+0200][gc,marking  ] GC(2) Concurrent Mark From Roots 1,535ms
[2022-10-28T11:06:05.238+0200][gc,marking  ] GC(2) Concurrent Preclean
[2022-10-28T11:06:05.238+0200][gc,marking  ] GC(2) Concurrent Preclean 0,124ms
[2022-10-28T11:06:05.238+0200][gc,start    ] GC(2) Pause Remark
[2022-10-28T11:06:05.239+0200][gc          ] GC(2) Pause Remark 9M->9M(1024M) 1,083ms
[2022-10-28T11:06:05.239+0200][gc,cpu      ] GC(2) User=0,00s Sys=0,00s Real=0,00s
[2022-10-28T11:06:05.239+0200][gc,marking  ] GC(2) Concurrent Mark 2,903ms
[2022-10-28T11:06:05.239+0200][gc,marking  ] GC(2) Concurrent Rebuild Remembered Sets
[2022-10-28T11:06:05.241+0200][gc,marking  ] GC(2) Concurrent Rebuild Remembered Sets 2,254ms
[2022-10-28T11:06:05.242+0200][gc,start    ] GC(2) Pause Cleanup
[2022-10-28T11:06:05.242+0200][gc          ] GC(2) Pause Cleanup 9M->9M(1024M) 0,145ms
[2022-10-28T11:06:05.242+0200][gc,cpu      ] GC(2) User=0,00s Sys=0,00s Real=0,00s
[2022-10-28T11:06:05.242+0200][gc,marking  ] GC(2) Concurrent Cleanup for Next Mark
[2022-10-28T11:06:05.246+0200][gc,marking  ] GC(2) Concurrent Cleanup for Next Mark 4,728ms
[2022-10-28T11:06:05.247+0200][gc          ] GC(2) Concurrent Mark Cycle 12,848ms
[2022-10-28T11:06:06.112+0200][gc,start    ] GC(3) Pause Young (Normal) (G1 Evacuation Pause)
[2022-10-28T11:06:06.112+0200][gc,task     ] GC(3) Using 8 workers of 8 for evacuation
[2022-10-28T11:06:06.117+0200][gc,phases   ] GC(3)   Pre Evacuate Collection Set: 0,2ms
[2022-10-28T11:06:06.117+0200][gc,phases   ] GC(3)   Merge Heap Roots: 0,0ms
[2022-10-28T11:06:06.117+0200][gc,phases   ] GC(3)   Evacuate Collection Set: 3,7ms
[2022-10-28T11:06:06.117+0200][gc,phases   ] GC(3)   Post Evacuate Collection Set: 0,5ms
[2022-10-28T11:06:06.117+0200][gc,phases   ] GC(3)   Other: 0,1ms
[2022-10-28T11:06:06.117+0200][gc,heap     ] GC(3) Eden regions: 50->0(44)
[2022-10-28T11:06:06.117+0200][gc,heap     ] GC(3) Survivor regions: 1->7(7)
[2022-10-28T11:06:06.117+0200][gc,heap     ] GC(3) Old regions: 8->8
[2022-10-28T11:06:06.117+0200][gc,heap     ] GC(3) Archive regions: 2->2
[2022-10-28T11:06:06.117+0200][gc,heap     ] GC(3) Humongous regions: 129->129
[2022-10-28T11:06:06.117+0200][gc,metaspace] GC(3) Metaspace: 30456K(30720K)->30456K(30720K) NonClass: 26961K(27072K)->26961K(27072K) Class: 3495K(3648K)->3495K(3648K)
[2022-10-28T11:06:06.117+0200][gc          ] GC(3) Pause Young (Normal) (G1 Evacuation Pause) 188M->144M(1024M) 4,616ms
[2022-10-28T11:06:06.117+0200][gc,cpu      ] GC(3) User=0,02s Sys=0,01s Real=0,00s
[2022-10-28T11:06:06.397+0200][gc,start    ] GC(4) Pause Young (Concurrent Start) (Metadata GC Threshold)
[2022-10-28T11:06:06.397+0200][gc,task     ] GC(4) Using 8 workers of 8 for evacuation
[2022-10-28T11:06:06.403+0200][gc,phases   ] GC(4)   Pre Evacuate Collection Set: 0,1ms
[2022-10-28T11:06:06.403+0200][gc,phases   ] GC(4)   Merge Heap Roots: 0,0ms
[2022-10-28T11:06:06.403+0200][gc,phases   ] GC(4)   Evacuate Collection Set: 6,1ms
[2022-10-28T11:06:06.403+0200][gc,phases   ] GC(4)   Post Evacuate Collection Set: 0,3ms
[2022-10-28T11:06:06.403+0200][gc,phases   ] GC(4)   Other: 0,1ms
[2022-10-28T11:06:06.403+0200][gc,heap     ] GC(4) Eden regions: 22->0(48)
[2022-10-28T11:06:06.403+0200][gc,heap     ] GC(4) Survivor regions: 7->3(7)
[2022-10-28T11:06:06.403+0200][gc,heap     ] GC(4) Old regions: 8->15
[2022-10-28T11:06:06.403+0200][gc,heap     ] GC(4) Archive regions: 2->2
[2022-10-28T11:06:06.403+0200][gc,heap     ] GC(4) Humongous regions: 129->129
[2022-10-28T11:06:06.403+0200][gc,metaspace] GC(4) Metaspace: 35828K(36160K)->35828K(36160K) NonClass: 31765K(31936K)->31765K(31936K) Class: 4063K(4224K)->4063K(4224K)
[2022-10-28T11:06:06.403+0200][gc          ] GC(4) Pause Young (Concurrent Start) (Metadata GC Threshold) 166M->146M(1024M) 6,786ms
[2022-10-28T11:06:06.403+0200][gc,cpu      ] GC(4) User=0,03s Sys=0,00s Real=0,01s
[2022-10-28T11:06:06.403+0200][gc          ] GC(5) Concurrent Mark Cycle
[2022-10-28T11:06:06.404+0200][gc,marking  ] GC(5) Concurrent Clear Claimed Marks
[2022-10-28T11:06:06.404+0200][gc,marking  ] GC(5) Concurrent Clear Claimed Marks 0,028ms
[2022-10-28T11:06:06.404+0200][gc,marking  ] GC(5) Concurrent Scan Root Regions
[2022-10-28T11:06:06.407+0200][gc,marking  ] GC(5) Concurrent Scan Root Regions 3,197ms
[2022-10-28T11:06:06.407+0200][gc,marking  ] GC(5) Concurrent Mark
[2022-10-28T11:06:06.407+0200][gc,marking  ] GC(5) Concurrent Mark From Roots
[2022-10-28T11:06:06.407+0200][gc,task     ] GC(5) Using 2 workers of 2 for marking
[2022-10-28T11:06:06.415+0200][gc,marking  ] GC(5) Concurrent Mark From Roots 8,144ms
[2022-10-28T11:06:06.415+0200][gc,marking  ] GC(5) Concurrent Preclean
[2022-10-28T11:06:06.415+0200][gc,marking  ] GC(5) Concurrent Preclean 0,264ms
[2022-10-28T11:06:06.415+0200][gc,start    ] GC(5) Pause Remark
[2022-10-28T11:06:06.417+0200][gc          ] GC(5) Pause Remark 147M->147M(1024M) 1,738ms
[2022-10-28T11:06:06.417+0200][gc,cpu      ] GC(5) User=0,01s Sys=0,00s Real=0,00s
[2022-10-28T11:06:06.417+0200][gc,marking  ] GC(5) Concurrent Mark 10,416ms
[2022-10-28T11:06:06.417+0200][gc,marking  ] GC(5) Concurrent Rebuild Remembered Sets
[2022-10-28T11:06:06.423+0200][gc,marking  ] GC(5) Concurrent Rebuild Remembered Sets 5,322ms
[2022-10-28T11:06:06.423+0200][gc,start    ] GC(5) Pause Cleanup
[2022-10-28T11:06:06.423+0200][gc          ] GC(5) Pause Cleanup 147M->147M(1024M) 0,146ms
[2022-10-28T11:06:06.423+0200][gc,cpu      ] GC(5) User=0,00s Sys=0,00s Real=0,00s
[2022-10-28T11:06:06.423+0200][gc,marking  ] GC(5) Concurrent Cleanup for Next Mark
[2022-10-28T11:06:06.433+0200][gc,marking  ] GC(5) Concurrent Cleanup for Next Mark 10,012ms
[2022-10-28T11:06:06.433+0200][gc          ] GC(5) Concurrent Mark Cycle 29,453ms
[2022-10-28T11:09:50.787+0200][gc,start    ] GC(6) Pause Young (Normal) (G1 Evacuation Pause)
[2022-10-28T11:09:50.787+0200][gc,task     ] GC(6) Using 8 workers of 8 for evacuation
[2022-10-28T11:09:50.793+0200][gc,phases   ] GC(6)   Pre Evacuate Collection Set: 0,1ms
[2022-10-28T11:09:50.793+0200][gc,phases   ] GC(6)   Merge Heap Roots: 0,1ms
[2022-10-28T11:09:50.793+0200][gc,phases   ] GC(6)   Evacuate Collection Set: 4,8ms
[2022-10-28T11:09:50.793+0200][gc,phases   ] GC(6)   Post Evacuate Collection Set: 0,5ms
[2022-10-28T11:09:50.793+0200][gc,phases   ] GC(6)   Other: 0,1ms
[2022-10-28T11:09:50.793+0200][gc,heap     ] GC(6) Eden regions: 48->0(44)
[2022-10-28T11:09:50.793+0200][gc,heap     ] GC(6) Survivor regions: 3->7(7)
[2022-10-28T11:09:50.793+0200][gc,heap     ] GC(6) Old regions: 15->15
[2022-10-28T11:09:50.793+0200][gc,heap     ] GC(6) Archive regions: 2->2
[2022-10-28T11:09:50.793+0200][gc,heap     ] GC(6) Humongous regions: 141->129
[2022-10-28T11:09:50.793+0200][gc,metaspace] GC(6) Metaspace: 41071K(41600K)->41071K(41600K) NonClass: 36203K(36480K)->36203K(36480K) Class: 4867K(5120K)->4867K(5120K)
[2022-10-28T11:09:50.793+0200][gc          ] GC(6) Pause Young (Normal) (G1 Evacuation Pause) 206M->150M(1024M) 5,774ms
[2022-10-28T11:09:50.793+0200][gc,cpu      ] GC(6) User=0,03s Sys=0,00s Real=0,01s
[2022-10-28T11:17:46.928+0200][gc,start    ] GC(7) Pause Young (Normal) (G1 Evacuation Pause)
[2022-10-28T11:17:46.928+0200][gc,task     ] GC(7) Using 8 workers of 8 for evacuation
[2022-10-28T11:17:46.935+0200][gc,phases   ] GC(7)   Pre Evacuate Collection Set: 0,2ms
[2022-10-28T11:17:46.935+0200][gc,phases   ] GC(7)   Merge Heap Roots: 0,1ms
[2022-10-28T11:17:46.935+0200][gc,phases   ] GC(7)   Evacuate Collection Set: 5,9ms
[2022-10-28T11:17:46.935+0200][gc,phases   ] GC(7)   Post Evacuate Collection Set: 0,7ms
[2022-10-28T11:17:46.935+0200][gc,phases   ] GC(7)   Other: 0,1ms
[2022-10-28T11:17:46.935+0200][gc,heap     ] GC(7) Eden regions: 44->0(47)
[2022-10-28T11:17:46.935+0200][gc,heap     ] GC(7) Survivor regions: 7->4(7)
[2022-10-28T11:17:46.935+0200][gc,heap     ] GC(7) Old regions: 15->19
[2022-10-28T11:17:46.935+0200][gc,heap     ] GC(7) Archive regions: 2->2
[2022-10-28T11:17:46.935+0200][gc,heap     ] GC(7) Humongous regions: 129->129
[2022-10-28T11:17:46.935+0200][gc,metaspace] GC(7) Metaspace: 41294K(41920K)->41294K(41920K) NonClass: 36401K(36736K)->36401K(36736K) Class: 4892K(5184K)->4892K(5184K)
[2022-10-28T11:17:46.935+0200][gc          ] GC(7) Pause Young (Normal) (G1 Evacuation Pause) 194M->151M(1024M) 7,052ms
[2022-10-28T11:17:46.935+0200][gc,cpu      ] GC(7) User=0,02s Sys=0,00s Real=0,01s
[2022-10-28T11:27:22.425+0200][gc,start    ] GC(8) Pause Young (Normal) (G1 Evacuation Pause)
[2022-10-28T11:27:22.425+0200][gc,task     ] GC(8) Using 8 workers of 8 for evacuation
[2022-10-28T11:27:22.432+0200][gc,phases   ] GC(8)   Pre Evacuate Collection Set: 0,2ms
[2022-10-28T11:27:22.432+0200][gc,phases   ] GC(8)   Merge Heap Roots: 0,1ms
[2022-10-28T11:27:22.432+0200][gc,phases   ] GC(8)   Evacuate Collection Set: 5,7ms
[2022-10-28T11:27:22.432+0200][gc,phases   ] GC(8)   Post Evacuate Collection Set: 0,4ms
[2022-10-28T11:27:22.432+0200][gc,phases   ] GC(8)   Other: 0,2ms
[2022-10-28T11:27:22.432+0200][gc,heap     ] GC(8) Eden regions: 47->0(46)
[2022-10-28T11:27:22.432+0200][gc,heap     ] GC(8) Survivor regions: 4->5(7)
[2022-10-28T11:27:22.432+0200][gc,heap     ] GC(8) Old regions: 19->19
[2022-10-28T11:27:22.432+0200][gc,heap     ] GC(8) Archive regions: 2->2
[2022-10-28T11:27:22.432+0200][gc,heap     ] GC(8) Humongous regions: 129->129
[2022-10-28T11:27:22.432+0200][gc,metaspace] GC(8) Metaspace: 41386K(42048K)->41386K(42048K) NonClass: 36493K(36864K)->36493K(36864K) Class: 4892K(5184K)->4892K(5184K)
[2022-10-28T11:27:22.432+0200][gc          ] GC(8) Pause Young (Normal) (G1 Evacuation Pause) 198M->152M(1024M) 6,770ms
[2022-10-28T11:27:22.432+0200][gc,cpu      ] GC(8) User=0,03s Sys=0,00s Real=0,01s
