[2022-10-14T06:24:05.378+0200][gc] Using G1
[2022-10-14T06:24:05.396+0200][gc,init] Version: 17.0.4+8-Ubuntu-122.04 (release)
[2022-10-14T06:24:05.396+0200][gc,init] CPUs: 8 total, 8 available
[2022-10-14T06:24:05.396+0200][gc,init] Memory: 32052M
[2022-10-14T06:24:05.396+0200][gc,init] Large Page Support: Disabled
[2022-10-14T06:24:05.396+0200][gc,init] NUMA Support: Disabled
[2022-10-14T06:24:05.396+0200][gc,init] Compressed Oops: Enabled (32-bit)
[2022-10-14T06:24:05.396+0200][gc,init] Heap Region Size: 1M
[2022-10-14T06:24:05.396+0200][gc,init] Heap Min Capacity: 1G
[2022-10-14T06:24:05.396+0200][gc,init] Heap Initial Capacity: 1G
[2022-10-14T06:24:05.396+0200][gc,init] Heap Max Capacity: 1G
[2022-10-14T06:24:05.396+0200][gc,init] Pre-touch: Disabled
[2022-10-14T06:24:05.396+0200][gc,init] Parallel Workers: 8
[2022-10-14T06:24:05.396+0200][gc,init] Concurrent Workers: 2
[2022-10-14T06:24:05.396+0200][gc,init] Concurrent Refinement Workers: 8
[2022-10-14T06:24:05.396+0200][gc,init] Periodic GC: Disabled
[2022-10-14T06:24:05.397+0200][gc,metaspace] CDS archive(s) mapped at: [0x0000000800000000-0x0000000800be3000-0x0000000800be3000), size 12464128, SharedBaseAddress: 0x0000000800000000, ArchiveRelocationMode: 0.
[2022-10-14T06:24:05.397+0200][gc,metaspace] Compressed class space mapped at: 0x0000000800c00000-0x0000000840c00000, reserved size: 1073741824
[2022-10-14T06:24:05.397+0200][gc,metaspace] Narrow klass base: 0x0000000800000000, Narrow klass shift: 0, Narrow klass range: 0x100000000
[2022-10-14T06:24:06.809+0200][gc,start    ] GC(0) Pause Young (Normal) (G1 Evacuation Pause)
[2022-10-14T06:24:06.810+0200][gc,task     ] GC(0) Using 8 workers of 8 for evacuation
[2022-10-14T06:24:06.815+0200][gc,phases   ] GC(0)   Pre Evacuate Collection Set: 0,1ms
[2022-10-14T06:24:06.815+0200][gc,phases   ] GC(0)   Merge Heap Roots: 0,1ms
[2022-10-14T06:24:06.815+0200][gc,phases   ] GC(0)   Evacuate Collection Set: 5,1ms
[2022-10-14T06:24:06.815+0200][gc,phases   ] GC(0)   Post Evacuate Collection Set: 0,5ms
[2022-10-14T06:24:06.816+0200][gc,phases   ] GC(0)   Other: 0,5ms
[2022-10-14T06:24:06.816+0200][gc,heap     ] GC(0) Eden regions: 51->0(44)
[2022-10-14T06:24:06.816+0200][gc,heap     ] GC(0) Survivor regions: 0->7(7)
[2022-10-14T06:24:06.816+0200][gc,heap     ] GC(0) Old regions: 0->1
[2022-10-14T06:24:06.816+0200][gc,heap     ] GC(0) Archive regions: 2->2
[2022-10-14T06:24:06.816+0200][gc,heap     ] GC(0) Humongous regions: 0->0
[2022-10-14T06:24:06.816+0200][gc,metaspace] GC(0) Metaspace: 18994K(19200K)->18994K(19200K) NonClass: 16710K(16832K)->16710K(16832K) Class: 2283K(2368K)->2283K(2368K)
[2022-10-14T06:24:06.816+0200][gc          ] GC(0) Pause Young (Normal) (G1 Evacuation Pause) 51M->8M(1024M) 6,333ms
[2022-10-14T06:24:06.816+0200][gc,cpu      ] GC(0) User=0,02s Sys=0,00s Real=0,01s
[2022-10-14T06:24:07.102+0200][gc,start    ] GC(1) Pause Young (Concurrent Start) (Metadata GC Threshold)
[2022-10-14T06:24:07.102+0200][gc,task     ] GC(1) Using 8 workers of 8 for evacuation
[2022-10-14T06:24:07.106+0200][gc,phases   ] GC(1)   Pre Evacuate Collection Set: 0,1ms
[2022-10-14T06:24:07.106+0200][gc,phases   ] GC(1)   Merge Heap Roots: 0,0ms
[2022-10-14T06:24:07.106+0200][gc,phases   ] GC(1)   Evacuate Collection Set: 3,5ms
[2022-10-14T06:24:07.106+0200][gc,phases   ] GC(1)   Post Evacuate Collection Set: 0,4ms
[2022-10-14T06:24:07.106+0200][gc,phases   ] GC(1)   Other: 0,2ms
[2022-10-14T06:24:07.106+0200][gc,heap     ] GC(1) Eden regions: 11->0(49)
[2022-10-14T06:24:07.106+0200][gc,heap     ] GC(1) Survivor regions: 7->2(7)
[2022-10-14T06:24:07.106+0200][gc,heap     ] GC(1) Old regions: 1->8
[2022-10-14T06:24:07.106+0200][gc,heap     ] GC(1) Archive regions: 2->2
[2022-10-14T06:24:07.106+0200][gc,heap     ] GC(1) Humongous regions: 129->129
[2022-10-14T06:24:07.106+0200][gc,metaspace] GC(1) Metaspace: 21285K(21504K)->21285K(21504K) NonClass: 18705K(18816K)->18705K(18816K) Class: 2579K(2688K)->2579K(2688K)
[2022-10-14T06:24:07.106+0200][gc          ] GC(1) Pause Young (Concurrent Start) (Metadata GC Threshold) 147M->138M(1024M) 4,344ms
[2022-10-14T06:24:07.106+0200][gc,cpu      ] GC(1) User=0,03s Sys=0,00s Real=0,00s
[2022-10-14T06:24:07.106+0200][gc          ] GC(2) Concurrent Mark Cycle
[2022-10-14T06:24:07.106+0200][gc,marking  ] GC(2) Concurrent Clear Claimed Marks
[2022-10-14T06:24:07.106+0200][gc,marking  ] GC(2) Concurrent Clear Claimed Marks 0,020ms
[2022-10-14T06:24:07.106+0200][gc,marking  ] GC(2) Concurrent Scan Root Regions
[2022-10-14T06:24:07.109+0200][gc,marking  ] GC(2) Concurrent Scan Root Regions 2,810ms
[2022-10-14T06:24:07.109+0200][gc,marking  ] GC(2) Concurrent Mark
[2022-10-14T06:24:07.109+0200][gc,marking  ] GC(2) Concurrent Mark From Roots
[2022-10-14T06:24:07.109+0200][gc,task     ] GC(2) Using 2 workers of 2 for marking
[2022-10-14T06:24:07.111+0200][gc,marking  ] GC(2) Concurrent Mark From Roots 1,840ms
[2022-10-14T06:24:07.111+0200][gc,marking  ] GC(2) Concurrent Preclean
[2022-10-14T06:24:07.111+0200][gc,marking  ] GC(2) Concurrent Preclean 0,106ms
[2022-10-14T06:24:07.111+0200][gc,start    ] GC(2) Pause Remark
[2022-10-14T06:24:07.112+0200][gc          ] GC(2) Pause Remark 139M->139M(1024M) 1,138ms
[2022-10-14T06:24:07.113+0200][gc,cpu      ] GC(2) User=0,01s Sys=0,00s Real=0,00s
[2022-10-14T06:24:07.113+0200][gc,marking  ] GC(2) Concurrent Mark 3,394ms
[2022-10-14T06:24:07.113+0200][gc,marking  ] GC(2) Concurrent Rebuild Remembered Sets
[2022-10-14T06:24:07.116+0200][gc,marking  ] GC(2) Concurrent Rebuild Remembered Sets 3,736ms
[2022-10-14T06:24:07.116+0200][gc,start    ] GC(2) Pause Cleanup
[2022-10-14T06:24:07.117+0200][gc          ] GC(2) Pause Cleanup 139M->139M(1024M) 0,133ms
[2022-10-14T06:24:07.117+0200][gc,cpu      ] GC(2) User=0,00s Sys=0,00s Real=0,00s
[2022-10-14T06:24:07.117+0200][gc,marking  ] GC(2) Concurrent Cleanup for Next Mark
[2022-10-14T06:24:07.122+0200][gc,marking  ] GC(2) Concurrent Cleanup for Next Mark 5,538ms
[2022-10-14T06:24:07.122+0200][gc          ] GC(2) Concurrent Mark Cycle 15,886ms
[2022-10-14T06:24:07.866+0200][gc,start    ] GC(3) Pause Young (Normal) (G1 Evacuation Pause)
[2022-10-14T06:24:07.866+0200][gc,task     ] GC(3) Using 8 workers of 8 for evacuation
[2022-10-14T06:24:07.871+0200][gc,phases   ] GC(3)   Pre Evacuate Collection Set: 0,1ms
[2022-10-14T06:24:07.871+0200][gc,phases   ] GC(3)   Merge Heap Roots: 0,0ms
[2022-10-14T06:24:07.871+0200][gc,phases   ] GC(3)   Evacuate Collection Set: 3,6ms
[2022-10-14T06:24:07.871+0200][gc,phases   ] GC(3)   Post Evacuate Collection Set: 0,4ms
[2022-10-14T06:24:07.871+0200][gc,phases   ] GC(3)   Other: 0,1ms
[2022-10-14T06:24:07.871+0200][gc,heap     ] GC(3) Eden regions: 49->0(45)
[2022-10-14T06:24:07.871+0200][gc,heap     ] GC(3) Survivor regions: 2->6(7)
[2022-10-14T06:24:07.871+0200][gc,heap     ] GC(3) Old regions: 8->8
[2022-10-14T06:24:07.871+0200][gc,heap     ] GC(3) Archive regions: 2->2
[2022-10-14T06:24:07.871+0200][gc,heap     ] GC(3) Humongous regions: 129->129
[2022-10-14T06:24:07.871+0200][gc,metaspace] GC(3) Metaspace: 32816K(33088K)->32816K(33088K) NonClass: 29120K(29248K)->29120K(29248K) Class: 3695K(3840K)->3695K(3840K)
[2022-10-14T06:24:07.871+0200][gc          ] GC(3) Pause Young (Normal) (G1 Evacuation Pause) 187M->142M(1024M) 4,360ms
[2022-10-14T06:24:07.871+0200][gc,cpu      ] GC(3) User=0,02s Sys=0,00s Real=0,00s
[2022-10-14T07:31:42.725+0200][gc,start    ] GC(4) Pause Young (Concurrent Start) (Metadata GC Threshold)
[2022-10-14T07:31:42.725+0200][gc,task     ] GC(4) Using 8 workers of 8 for evacuation
[2022-10-14T07:31:42.731+0200][gc,phases   ] GC(4)   Pre Evacuate Collection Set: 0,1ms
[2022-10-14T07:31:42.731+0200][gc,phases   ] GC(4)   Merge Heap Roots: 0,1ms
[2022-10-14T07:31:42.731+0200][gc,phases   ] GC(4)   Evacuate Collection Set: 6,0ms
[2022-10-14T07:31:42.731+0200][gc,phases   ] GC(4)   Post Evacuate Collection Set: 0,4ms
[2022-10-14T07:31:42.731+0200][gc,phases   ] GC(4)   Other: 0,2ms
[2022-10-14T07:31:42.731+0200][gc,heap     ] GC(4) Eden regions: 41->0(50)
[2022-10-14T07:31:42.731+0200][gc,heap     ] GC(4) Survivor regions: 6->1(7)
[2022-10-14T07:31:42.731+0200][gc,heap     ] GC(4) Old regions: 8->13
[2022-10-14T07:31:42.731+0200][gc,heap     ] GC(4) Archive regions: 2->2
[2022-10-14T07:31:42.731+0200][gc,heap     ] GC(4) Humongous regions: 129->129
[2022-10-14T07:31:42.731+0200][gc,metaspace] GC(4) Metaspace: 35697K(35968K)->35697K(35968K) NonClass: 31595K(31744K)->31595K(31744K) Class: 4101K(4224K)->4101K(4224K)
[2022-10-14T07:31:42.731+0200][gc          ] GC(4) Pause Young (Concurrent Start) (Metadata GC Threshold) 183M->143M(1024M) 6,900ms
[2022-10-14T07:31:42.732+0200][gc,cpu      ] GC(4) User=0,03s Sys=0,00s Real=0,00s
[2022-10-14T07:31:42.732+0200][gc          ] GC(5) Concurrent Mark Cycle
[2022-10-14T07:31:42.732+0200][gc,marking  ] GC(5) Concurrent Clear Claimed Marks
[2022-10-14T07:31:42.732+0200][gc,marking  ] GC(5) Concurrent Clear Claimed Marks 0,026ms
[2022-10-14T07:31:42.732+0200][gc,marking  ] GC(5) Concurrent Scan Root Regions
[2022-10-14T07:31:42.734+0200][gc,marking  ] GC(5) Concurrent Scan Root Regions 2,775ms
[2022-10-14T07:31:42.734+0200][gc,marking  ] GC(5) Concurrent Mark
[2022-10-14T07:31:42.734+0200][gc,marking  ] GC(5) Concurrent Mark From Roots
[2022-10-14T07:31:42.734+0200][gc,task     ] GC(5) Using 2 workers of 2 for marking
[2022-10-14T07:31:42.740+0200][gc,marking  ] GC(5) Concurrent Mark From Roots 5,802ms
[2022-10-14T07:31:42.740+0200][gc,marking  ] GC(5) Concurrent Preclean
[2022-10-14T07:31:42.741+0200][gc,marking  ] GC(5) Concurrent Preclean 0,342ms
[2022-10-14T07:31:42.741+0200][gc,start    ] GC(5) Pause Remark
[2022-10-14T07:31:42.745+0200][gc          ] GC(5) Pause Remark 144M->144M(1024M) 4,220ms
[2022-10-14T07:31:42.745+0200][gc,cpu      ] GC(5) User=0,02s Sys=0,00s Real=0,01s
[2022-10-14T07:31:42.745+0200][gc,marking  ] GC(5) Concurrent Mark 10,936ms
[2022-10-14T07:31:42.745+0200][gc,marking  ] GC(5) Concurrent Rebuild Remembered Sets
[2022-10-14T07:31:42.751+0200][gc,marking  ] GC(5) Concurrent Rebuild Remembered Sets 5,465ms
[2022-10-14T07:31:42.751+0200][gc,start    ] GC(5) Pause Cleanup
[2022-10-14T07:31:42.751+0200][gc          ] GC(5) Pause Cleanup 144M->144M(1024M) 0,518ms
[2022-10-14T07:31:42.752+0200][gc,cpu      ] GC(5) User=0,01s Sys=0,00s Real=0,00s
[2022-10-14T07:31:42.752+0200][gc,marking  ] GC(5) Concurrent Cleanup for Next Mark
[2022-10-14T07:31:42.757+0200][gc,marking  ] GC(5) Concurrent Cleanup for Next Mark 5,276ms
[2022-10-14T07:31:42.757+0200][gc          ] GC(5) Concurrent Mark Cycle 25,349ms
[2022-10-14T08:16:32.906+0200][gc,start    ] GC(6) Pause Young (Normal) (G1 Evacuation Pause)
[2022-10-14T08:16:32.906+0200][gc,task     ] GC(6) Using 8 workers of 8 for evacuation
[2022-10-14T08:16:32.913+0200][gc,phases   ] GC(6)   Pre Evacuate Collection Set: 0,3ms
[2022-10-14T08:16:32.913+0200][gc,phases   ] GC(6)   Merge Heap Roots: 0,2ms
[2022-10-14T08:16:32.913+0200][gc,phases   ] GC(6)   Evacuate Collection Set: 5,3ms
[2022-10-14T08:16:32.913+0200][gc,phases   ] GC(6)   Post Evacuate Collection Set: 1,1ms
[2022-10-14T08:16:32.913+0200][gc,phases   ] GC(6)   Other: 0,2ms
[2022-10-14T08:16:32.913+0200][gc,heap     ] GC(6) Eden regions: 50->0(48)
[2022-10-14T08:16:32.913+0200][gc,heap     ] GC(6) Survivor regions: 1->3(7)
[2022-10-14T08:16:32.913+0200][gc,heap     ] GC(6) Old regions: 13->13
[2022-10-14T08:16:32.913+0200][gc,heap     ] GC(6) Archive regions: 2->2
[2022-10-14T08:16:32.913+0200][gc,heap     ] GC(6) Humongous regions: 129->129
[2022-10-14T08:16:32.913+0200][gc,metaspace] GC(6) Metaspace: 38901K(39360K)->38901K(39360K) NonClass: 34312K(34560K)->34312K(34560K) Class: 4589K(4800K)->4589K(4800K)
[2022-10-14T08:16:32.913+0200][gc          ] GC(6) Pause Young (Normal) (G1 Evacuation Pause) 193M->144M(1024M) 7,350ms
[2022-10-14T08:16:32.913+0200][gc,cpu      ] GC(6) User=0,04s Sys=0,00s Real=0,01s
[2022-10-14T09:13:37.906+0200][gc,start    ] GC(7) Pause Young (Normal) (G1 Evacuation Pause)
[2022-10-14T09:13:37.906+0200][gc,task     ] GC(7) Using 8 workers of 8 for evacuation
[2022-10-14T09:13:37.914+0200][gc,phases   ] GC(7)   Pre Evacuate Collection Set: 0,4ms
[2022-10-14T09:13:37.914+0200][gc,phases   ] GC(7)   Merge Heap Roots: 0,3ms
[2022-10-14T09:13:37.914+0200][gc,phases   ] GC(7)   Evacuate Collection Set: 6,0ms
[2022-10-14T09:13:37.914+0200][gc,phases   ] GC(7)   Post Evacuate Collection Set: 1,4ms
[2022-10-14T09:13:37.914+0200][gc,phases   ] GC(7)   Other: 0,3ms
[2022-10-14T09:13:37.914+0200][gc,heap     ] GC(7) Eden regions: 48->0(49)
[2022-10-14T09:13:37.914+0200][gc,heap     ] GC(7) Survivor regions: 3->2(7)
[2022-10-14T09:13:37.914+0200][gc,heap     ] GC(7) Old regions: 13->13
[2022-10-14T09:13:37.914+0200][gc,heap     ] GC(7) Archive regions: 2->2
[2022-10-14T09:13:37.914+0200][gc,heap     ] GC(7) Humongous regions: 129->129
[2022-10-14T09:13:37.914+0200][gc,metaspace] GC(7) Metaspace: 39233K(39744K)->39233K(39744K) NonClass: 34640K(34944K)->34640K(34944K) Class: 4592K(4800K)->4592K(4800K)
[2022-10-14T09:13:37.914+0200][gc          ] GC(7) Pause Young (Normal) (G1 Evacuation Pause) 192M->144M(1024M) 8,637ms
[2022-10-14T09:13:37.914+0200][gc,cpu      ] GC(7) User=0,04s Sys=0,00s Real=0,01s
