[2022-10-13T16:52:37.101+0200][gc] Using G1
[2022-10-13T16:52:37.110+0200][gc,init] Version: 17.0.4+8-Ubuntu-122.04 (release)
[2022-10-13T16:52:37.110+0200][gc,init] CPUs: 8 total, 8 available
[2022-10-13T16:52:37.111+0200][gc,init] Memory: 32052M
[2022-10-13T16:52:37.111+0200][gc,init] Large Page Support: Disabled
[2022-10-13T16:52:37.111+0200][gc,init] NUMA Support: Disabled
[2022-10-13T16:52:37.111+0200][gc,init] Compressed Oops: Enabled (32-bit)
[2022-10-13T16:52:37.111+0200][gc,init] Heap Region Size: 1M
[2022-10-13T16:52:37.111+0200][gc,init] Heap Min Capacity: 1G
[2022-10-13T16:52:37.111+0200][gc,init] Heap Initial Capacity: 1G
[2022-10-13T16:52:37.111+0200][gc,init] Heap Max Capacity: 1G
[2022-10-13T16:52:37.111+0200][gc,init] Pre-touch: Disabled
[2022-10-13T16:52:37.111+0200][gc,init] Parallel Workers: 8
[2022-10-13T16:52:37.111+0200][gc,init] Concurrent Workers: 2
[2022-10-13T16:52:37.111+0200][gc,init] Concurrent Refinement Workers: 8
[2022-10-13T16:52:37.111+0200][gc,init] Periodic GC: Disabled
[2022-10-13T16:52:37.111+0200][gc,metaspace] CDS archive(s) mapped at: [0x0000000800000000-0x0000000800be3000-0x0000000800be3000), size 12464128, SharedBaseAddress: 0x0000000800000000, ArchiveRelocationMode: 0.
[2022-10-13T16:52:37.111+0200][gc,metaspace] Compressed class space mapped at: 0x0000000800c00000-0x0000000840c00000, reserved size: 1073741824
[2022-10-13T16:52:37.111+0200][gc,metaspace] Narrow klass base: 0x0000000800000000, Narrow klass shift: 0, Narrow klass range: 0x100000000
[2022-10-13T16:52:38.553+0200][gc,start    ] GC(0) Pause Young (Normal) (G1 Evacuation Pause)
[2022-10-13T16:52:38.554+0200][gc,task     ] GC(0) Using 8 workers of 8 for evacuation
[2022-10-13T16:52:38.559+0200][gc,phases   ] GC(0)   Pre Evacuate Collection Set: 0,1ms
[2022-10-13T16:52:38.559+0200][gc,phases   ] GC(0)   Merge Heap Roots: 0,1ms
[2022-10-13T16:52:38.559+0200][gc,phases   ] GC(0)   Evacuate Collection Set: 4,9ms
[2022-10-13T16:52:38.559+0200][gc,phases   ] GC(0)   Post Evacuate Collection Set: 0,5ms
[2022-10-13T16:52:38.559+0200][gc,phases   ] GC(0)   Other: 0,7ms
[2022-10-13T16:52:38.559+0200][gc,heap     ] GC(0) Eden regions: 51->0(44)
[2022-10-13T16:52:38.559+0200][gc,heap     ] GC(0) Survivor regions: 0->7(7)
[2022-10-13T16:52:38.559+0200][gc,heap     ] GC(0) Old regions: 0->1
[2022-10-13T16:52:38.559+0200][gc,heap     ] GC(0) Archive regions: 2->2
[2022-10-13T16:52:38.559+0200][gc,heap     ] GC(0) Humongous regions: 0->0
[2022-10-13T16:52:38.560+0200][gc,metaspace] GC(0) Metaspace: 18977K(19200K)->18977K(19200K) NonClass: 16694K(16832K)->16694K(16832K) Class: 2283K(2368K)->2283K(2368K)
[2022-10-13T16:52:38.560+0200][gc          ] GC(0) Pause Young (Normal) (G1 Evacuation Pause) 51M->8M(1024M) 6,403ms
[2022-10-13T16:52:38.560+0200][gc,cpu      ] GC(0) User=0,03s Sys=0,00s Real=0,00s
[2022-10-13T16:52:38.826+0200][gc,start    ] GC(1) Pause Young (Concurrent Start) (Metadata GC Threshold)
[2022-10-13T16:52:38.826+0200][gc,task     ] GC(1) Using 8 workers of 8 for evacuation
[2022-10-13T16:52:38.834+0200][gc,phases   ] GC(1)   Pre Evacuate Collection Set: 0,1ms
[2022-10-13T16:52:38.834+0200][gc,phases   ] GC(1)   Merge Heap Roots: 0,1ms
[2022-10-13T16:52:38.834+0200][gc,phases   ] GC(1)   Evacuate Collection Set: 7,6ms
[2022-10-13T16:52:38.834+0200][gc,phases   ] GC(1)   Post Evacuate Collection Set: 0,4ms
[2022-10-13T16:52:38.834+0200][gc,phases   ] GC(1)   Other: 0,2ms
[2022-10-13T16:52:38.834+0200][gc,heap     ] GC(1) Eden regions: 11->0(49)
[2022-10-13T16:52:38.834+0200][gc,heap     ] GC(1) Survivor regions: 7->2(7)
[2022-10-13T16:52:38.834+0200][gc,heap     ] GC(1) Old regions: 1->8
[2022-10-13T16:52:38.834+0200][gc,heap     ] GC(1) Archive regions: 2->2
[2022-10-13T16:52:38.834+0200][gc,heap     ] GC(1) Humongous regions: 129->129
[2022-10-13T16:52:38.834+0200][gc,metaspace] GC(1) Metaspace: 21331K(21504K)->21331K(21504K) NonClass: 18744K(18816K)->18744K(18816K) Class: 2587K(2688K)->2587K(2688K)
[2022-10-13T16:52:38.834+0200][gc          ] GC(1) Pause Young (Concurrent Start) (Metadata GC Threshold) 147M->138M(1024M) 8,523ms
[2022-10-13T16:52:38.834+0200][gc,cpu      ] GC(1) User=0,02s Sys=0,02s Real=0,01s
[2022-10-13T16:52:38.834+0200][gc          ] GC(2) Concurrent Mark Cycle
[2022-10-13T16:52:38.834+0200][gc,marking  ] GC(2) Concurrent Clear Claimed Marks
[2022-10-13T16:52:38.834+0200][gc,marking  ] GC(2) Concurrent Clear Claimed Marks 0,019ms
[2022-10-13T16:52:38.834+0200][gc,marking  ] GC(2) Concurrent Scan Root Regions
[2022-10-13T16:52:38.838+0200][gc,marking  ] GC(2) Concurrent Scan Root Regions 3,751ms
[2022-10-13T16:52:38.838+0200][gc,marking  ] GC(2) Concurrent Mark
[2022-10-13T16:52:38.838+0200][gc,marking  ] GC(2) Concurrent Mark From Roots
[2022-10-13T16:52:38.838+0200][gc,task     ] GC(2) Using 2 workers of 2 for marking
[2022-10-13T16:52:38.840+0200][gc,marking  ] GC(2) Concurrent Mark From Roots 2,026ms
[2022-10-13T16:52:38.840+0200][gc,marking  ] GC(2) Concurrent Preclean
[2022-10-13T16:52:38.840+0200][gc,marking  ] GC(2) Concurrent Preclean 0,103ms
[2022-10-13T16:52:38.840+0200][gc,start    ] GC(2) Pause Remark
[2022-10-13T16:52:38.842+0200][gc          ] GC(2) Pause Remark 139M->139M(1024M) 1,380ms
[2022-10-13T16:52:38.842+0200][gc,cpu      ] GC(2) User=0,00s Sys=0,00s Real=0,01s
[2022-10-13T16:52:38.842+0200][gc,marking  ] GC(2) Concurrent Mark 3,755ms
[2022-10-13T16:52:38.842+0200][gc,marking  ] GC(2) Concurrent Rebuild Remembered Sets
[2022-10-13T16:52:38.845+0200][gc,marking  ] GC(2) Concurrent Rebuild Remembered Sets 3,365ms
[2022-10-13T16:52:38.845+0200][gc,start    ] GC(2) Pause Cleanup
[2022-10-13T16:52:38.845+0200][gc          ] GC(2) Pause Cleanup 139M->139M(1024M) 0,160ms
[2022-10-13T16:52:38.845+0200][gc,cpu      ] GC(2) User=0,00s Sys=0,00s Real=0,00s
[2022-10-13T16:52:38.845+0200][gc,marking  ] GC(2) Concurrent Cleanup for Next Mark
[2022-10-13T16:52:38.852+0200][gc,marking  ] GC(2) Concurrent Cleanup for Next Mark 6,964ms
[2022-10-13T16:52:38.852+0200][gc          ] GC(2) Concurrent Mark Cycle 18,329ms
[2022-10-13T16:52:39.754+0200][gc,start    ] GC(3) Pause Young (Normal) (G1 Evacuation Pause)
[2022-10-13T16:52:39.754+0200][gc,task     ] GC(3) Using 8 workers of 8 for evacuation
[2022-10-13T16:52:39.758+0200][gc,phases   ] GC(3)   Pre Evacuate Collection Set: 0,1ms
[2022-10-13T16:52:39.758+0200][gc,phases   ] GC(3)   Merge Heap Roots: 0,0ms
[2022-10-13T16:52:39.758+0200][gc,phases   ] GC(3)   Evacuate Collection Set: 2,9ms
[2022-10-13T16:52:39.758+0200][gc,phases   ] GC(3)   Post Evacuate Collection Set: 0,4ms
[2022-10-13T16:52:39.758+0200][gc,phases   ] GC(3)   Other: 0,1ms
[2022-10-13T16:52:39.758+0200][gc,heap     ] GC(3) Eden regions: 49->0(45)
[2022-10-13T16:52:39.758+0200][gc,heap     ] GC(3) Survivor regions: 2->6(7)
[2022-10-13T16:52:39.758+0200][gc,heap     ] GC(3) Old regions: 8->8
[2022-10-13T16:52:39.758+0200][gc,heap     ] GC(3) Archive regions: 2->2
[2022-10-13T16:52:39.758+0200][gc,heap     ] GC(3) Humongous regions: 129->129
[2022-10-13T16:52:39.758+0200][gc,metaspace] GC(3) Metaspace: 32869K(33152K)->32869K(33152K) NonClass: 29158K(29312K)->29158K(29312K) Class: 3710K(3840K)->3710K(3840K)
[2022-10-13T16:52:39.758+0200][gc          ] GC(3) Pause Young (Normal) (G1 Evacuation Pause) 187M->142M(1024M) 3,675ms
[2022-10-13T16:52:39.758+0200][gc,cpu      ] GC(3) User=0,02s Sys=0,00s Real=0,00s
[2022-10-13T18:13:08.691+0200][gc,start    ] GC(4) Pause Young (Normal) (G1 Evacuation Pause)
[2022-10-13T18:13:08.691+0200][gc,task     ] GC(4) Using 8 workers of 8 for evacuation
[2022-10-13T18:13:08.703+0200][gc,phases   ] GC(4)   Pre Evacuate Collection Set: 0,4ms
[2022-10-13T18:13:08.704+0200][gc,phases   ] GC(4)   Merge Heap Roots: 0,2ms
[2022-10-13T18:13:08.704+0200][gc,phases   ] GC(4)   Evacuate Collection Set: 11,1ms
[2022-10-13T18:13:08.704+0200][gc,phases   ] GC(4)   Post Evacuate Collection Set: 0,8ms
[2022-10-13T18:13:08.704+0200][gc,phases   ] GC(4)   Other: 0,3ms
[2022-10-13T18:13:08.704+0200][gc,heap     ] GC(4) Eden regions: 45->0(50)
[2022-10-13T18:13:08.704+0200][gc,heap     ] GC(4) Survivor regions: 6->1(7)
[2022-10-13T18:13:08.704+0200][gc,heap     ] GC(4) Old regions: 8->13
[2022-10-13T18:13:08.704+0200][gc,heap     ] GC(4) Archive regions: 2->2
[2022-10-13T18:13:08.704+0200][gc,heap     ] GC(4) Humongous regions: 129->129
[2022-10-13T18:13:08.704+0200][gc,metaspace] GC(4) Metaspace: 35318K(35648K)->35318K(35648K) NonClass: 31304K(31488K)->31304K(31488K) Class: 4014K(4160K)->4014K(4160K)
[2022-10-13T18:13:08.704+0200][gc          ] GC(4) Pause Young (Normal) (G1 Evacuation Pause) 187M->143M(1024M) 13,290ms
[2022-10-13T18:13:08.704+0200][gc,cpu      ] GC(4) User=0,07s Sys=0,02s Real=0,01s
[2022-10-13T19:42:36.547+0200][gc,start    ] GC(5) Pause Young (Concurrent Start) (Metadata GC Threshold)
[2022-10-13T19:42:36.547+0200][gc,task     ] GC(5) Using 8 workers of 8 for evacuation
[2022-10-13T19:42:36.553+0200][gc,phases   ] GC(5)   Pre Evacuate Collection Set: 0,2ms
[2022-10-13T19:42:36.553+0200][gc,phases   ] GC(5)   Merge Heap Roots: 0,1ms
[2022-10-13T19:42:36.553+0200][gc,phases   ] GC(5)   Evacuate Collection Set: 3,7ms
[2022-10-13T19:42:36.553+0200][gc,phases   ] GC(5)   Post Evacuate Collection Set: 2,0ms
[2022-10-13T19:42:36.553+0200][gc,phases   ] GC(5)   Other: 0,2ms
[2022-10-13T19:42:36.553+0200][gc,heap     ] GC(5) Eden regions: 45->0(50)
[2022-10-13T19:42:36.553+0200][gc,heap     ] GC(5) Survivor regions: 1->1(7)
[2022-10-13T19:42:36.553+0200][gc,heap     ] GC(5) Old regions: 13->13
[2022-10-13T19:42:36.553+0200][gc,heap     ] GC(5) Archive regions: 2->2
[2022-10-13T19:42:36.553+0200][gc,heap     ] GC(5) Humongous regions: 129->129
[2022-10-13T19:42:36.553+0200][gc,metaspace] GC(5) Metaspace: 35855K(36096K)->35855K(36096K) NonClass: 31762K(31872K)->31762K(31872K) Class: 4092K(4224K)->4092K(4224K)
[2022-10-13T19:42:36.553+0200][gc          ] GC(5) Pause Young (Concurrent Start) (Metadata GC Threshold) 187M->143M(1024M) 6,306ms
[2022-10-13T19:42:36.553+0200][gc,cpu      ] GC(5) User=0,01s Sys=0,00s Real=0,01s
[2022-10-13T19:42:36.553+0200][gc          ] GC(6) Concurrent Mark Cycle
[2022-10-13T19:42:36.553+0200][gc,marking  ] GC(6) Concurrent Clear Claimed Marks
[2022-10-13T19:42:36.553+0200][gc,marking  ] GC(6) Concurrent Clear Claimed Marks 0,027ms
[2022-10-13T19:42:36.553+0200][gc,marking  ] GC(6) Concurrent Scan Root Regions
[2022-10-13T19:42:36.555+0200][gc,marking  ] GC(6) Concurrent Scan Root Regions 1,521ms
[2022-10-13T19:42:36.555+0200][gc,marking  ] GC(6) Concurrent Mark
[2022-10-13T19:42:36.555+0200][gc,marking  ] GC(6) Concurrent Mark From Roots
[2022-10-13T19:42:36.555+0200][gc,task     ] GC(6) Using 2 workers of 2 for marking
[2022-10-13T19:42:36.577+0200][gc,marking  ] GC(6) Concurrent Mark From Roots 22,253ms
[2022-10-13T19:42:36.577+0200][gc,marking  ] GC(6) Concurrent Preclean
[2022-10-13T19:42:36.578+0200][gc,marking  ] GC(6) Concurrent Preclean 0,380ms
[2022-10-13T19:42:36.578+0200][gc,start    ] GC(6) Pause Remark
[2022-10-13T19:42:36.583+0200][gc          ] GC(6) Pause Remark 143M->143M(1024M) 5,287ms
[2022-10-13T19:42:36.583+0200][gc,cpu      ] GC(6) User=0,01s Sys=0,00s Real=0,01s
[2022-10-13T19:42:36.587+0200][gc,marking  ] GC(6) Concurrent Mark 32,089ms
[2022-10-13T19:42:36.587+0200][gc,marking  ] GC(6) Concurrent Rebuild Remembered Sets
[2022-10-13T19:42:36.594+0200][gc,marking  ] GC(6) Concurrent Rebuild Remembered Sets 6,552ms
[2022-10-13T19:42:36.595+0200][gc,start    ] GC(6) Pause Cleanup
[2022-10-13T19:42:36.595+0200][gc          ] GC(6) Pause Cleanup 144M->144M(1024M) 0,169ms
[2022-10-13T19:42:36.595+0200][gc,cpu      ] GC(6) User=0,00s Sys=0,00s Real=0,00s
[2022-10-13T19:42:36.595+0200][gc,marking  ] GC(6) Concurrent Cleanup for Next Mark
[2022-10-13T19:42:36.600+0200][gc,marking  ] GC(6) Concurrent Cleanup for Next Mark 4,932ms
[2022-10-13T19:42:36.600+0200][gc          ] GC(6) Concurrent Mark Cycle 46,778ms
[2022-10-13T19:42:36.921+0200][gc,heap,exit] Heap
[2022-10-13T19:42:36.921+0200][gc,heap,exit]  garbage-first heap   total 1048576K, used 151921K [0x00000000c0000000, 0x0000000100000000)
[2022-10-13T19:42:36.921+0200][gc,heap,exit]   region size 1024K, 7 young (7168K), 1 survivors (1024K)
[2022-10-13T19:42:36.921+0200][gc,heap,exit]  Metaspace       used 36149K, committed 36416K, reserved 1081344K
[2022-10-13T19:42:36.921+0200][gc,heap,exit]   class space    used 4155K, committed 4288K, reserved 1048576K
