[2022-10-17T09:55:07.535+0200][gc] Using G1
[2022-10-17T09:55:07.548+0200][gc,init] Version: 17.0.4+8-Ubuntu-122.04 (release)
[2022-10-17T09:55:07.548+0200][gc,init] CPUs: 8 total, 8 available
[2022-10-17T09:55:07.548+0200][gc,init] Memory: 32052M
[2022-10-17T09:55:07.548+0200][gc,init] Large Page Support: Disabled
[2022-10-17T09:55:07.548+0200][gc,init] NUMA Support: Disabled
[2022-10-17T09:55:07.548+0200][gc,init] Compressed Oops: Enabled (32-bit)
[2022-10-17T09:55:07.548+0200][gc,init] Heap Region Size: 1M
[2022-10-17T09:55:07.548+0200][gc,init] Heap Min Capacity: 1G
[2022-10-17T09:55:07.548+0200][gc,init] Heap Initial Capacity: 1G
[2022-10-17T09:55:07.548+0200][gc,init] Heap Max Capacity: 1G
[2022-10-17T09:55:07.548+0200][gc,init] Pre-touch: Disabled
[2022-10-17T09:55:07.548+0200][gc,init] Parallel Workers: 8
[2022-10-17T09:55:07.548+0200][gc,init] Concurrent Workers: 2
[2022-10-17T09:55:07.549+0200][gc,init] Concurrent Refinement Workers: 8
[2022-10-17T09:55:07.549+0200][gc,init] Periodic GC: Disabled
[2022-10-17T09:55:07.549+0200][gc,metaspace] CDS archive(s) mapped at: [0x0000000800000000-0x0000000800be3000-0x0000000800be3000), size 12464128, SharedBaseAddress: 0x0000000800000000, ArchiveRelocationMode: 0.
[2022-10-17T09:55:07.549+0200][gc,metaspace] Compressed class space mapped at: 0x0000000800c00000-0x0000000840c00000, reserved size: 1073741824
[2022-10-17T09:55:07.549+0200][gc,metaspace] Narrow klass base: 0x0000000800000000, Narrow klass shift: 0, Narrow klass range: 0x100000000
[2022-10-17T09:55:08.861+0200][gc,start    ] GC(0) Pause Young (Normal) (G1 Evacuation Pause)
[2022-10-17T09:55:08.862+0200][gc,task     ] GC(0) Using 8 workers of 8 for evacuation
[2022-10-17T09:55:08.866+0200][gc,phases   ] GC(0)   Pre Evacuate Collection Set: 0,1ms
[2022-10-17T09:55:08.866+0200][gc,phases   ] GC(0)   Merge Heap Roots: 0,1ms
[2022-10-17T09:55:08.866+0200][gc,phases   ] GC(0)   Evacuate Collection Set: 3,4ms
[2022-10-17T09:55:08.866+0200][gc,phases   ] GC(0)   Post Evacuate Collection Set: 0,4ms
[2022-10-17T09:55:08.866+0200][gc,phases   ] GC(0)   Other: 0,8ms
[2022-10-17T09:55:08.866+0200][gc,heap     ] GC(0) Eden regions: 51->0(44)
[2022-10-17T09:55:08.866+0200][gc,heap     ] GC(0) Survivor regions: 0->7(7)
[2022-10-17T09:55:08.866+0200][gc,heap     ] GC(0) Old regions: 0->1
[2022-10-17T09:55:08.866+0200][gc,heap     ] GC(0) Archive regions: 2->2
[2022-10-17T09:55:08.866+0200][gc,heap     ] GC(0) Humongous regions: 0->0
[2022-10-17T09:55:08.866+0200][gc,metaspace] GC(0) Metaspace: 18975K(19200K)->18975K(19200K) NonClass: 16691K(16832K)->16691K(16832K) Class: 2284K(2368K)->2284K(2368K)
[2022-10-17T09:55:08.866+0200][gc          ] GC(0) Pause Young (Normal) (G1 Evacuation Pause) 51M->8M(1024M) 4,785ms
[2022-10-17T09:55:08.866+0200][gc,cpu      ] GC(0) User=0,02s Sys=0,00s Real=0,00s
[2022-10-17T09:55:09.096+0200][gc,start    ] GC(1) Pause Young (Concurrent Start) (Metadata GC Threshold)
[2022-10-17T09:55:09.096+0200][gc,task     ] GC(1) Using 8 workers of 8 for evacuation
[2022-10-17T09:55:09.101+0200][gc,phases   ] GC(1)   Pre Evacuate Collection Set: 0,1ms
[2022-10-17T09:55:09.101+0200][gc,phases   ] GC(1)   Merge Heap Roots: 0,1ms
[2022-10-17T09:55:09.101+0200][gc,phases   ] GC(1)   Evacuate Collection Set: 4,0ms
[2022-10-17T09:55:09.101+0200][gc,phases   ] GC(1)   Post Evacuate Collection Set: 0,3ms
[2022-10-17T09:55:09.101+0200][gc,phases   ] GC(1)   Other: 0,2ms
[2022-10-17T09:55:09.101+0200][gc,heap     ] GC(1) Eden regions: 10->0(49)
[2022-10-17T09:55:09.101+0200][gc,heap     ] GC(1) Survivor regions: 7->2(7)
[2022-10-17T09:55:09.101+0200][gc,heap     ] GC(1) Old regions: 1->8
[2022-10-17T09:55:09.101+0200][gc,heap     ] GC(1) Archive regions: 2->2
[2022-10-17T09:55:09.101+0200][gc,heap     ] GC(1) Humongous regions: 129->129
[2022-10-17T09:55:09.101+0200][gc,metaspace] GC(1) Metaspace: 21272K(21504K)->21272K(21504K) NonClass: 18694K(18816K)->18694K(18816K) Class: 2577K(2688K)->2577K(2688K)
[2022-10-17T09:55:09.101+0200][gc          ] GC(1) Pause Young (Concurrent Start) (Metadata GC Threshold) 147M->138M(1024M) 4,645ms
[2022-10-17T09:55:09.101+0200][gc,cpu      ] GC(1) User=0,02s Sys=0,00s Real=0,01s
[2022-10-17T09:55:09.101+0200][gc          ] GC(2) Concurrent Mark Cycle
[2022-10-17T09:55:09.101+0200][gc,marking  ] GC(2) Concurrent Clear Claimed Marks
[2022-10-17T09:55:09.101+0200][gc,marking  ] GC(2) Concurrent Clear Claimed Marks 0,018ms
[2022-10-17T09:55:09.101+0200][gc,marking  ] GC(2) Concurrent Scan Root Regions
[2022-10-17T09:55:09.104+0200][gc,marking  ] GC(2) Concurrent Scan Root Regions 2,682ms
[2022-10-17T09:55:09.104+0200][gc,marking  ] GC(2) Concurrent Mark
[2022-10-17T09:55:09.104+0200][gc,marking  ] GC(2) Concurrent Mark From Roots
[2022-10-17T09:55:09.104+0200][gc,task     ] GC(2) Using 2 workers of 2 for marking
[2022-10-17T09:55:09.106+0200][gc,marking  ] GC(2) Concurrent Mark From Roots 1,950ms
[2022-10-17T09:55:09.106+0200][gc,marking  ] GC(2) Concurrent Preclean
[2022-10-17T09:55:09.106+0200][gc,marking  ] GC(2) Concurrent Preclean 0,179ms
[2022-10-17T09:55:09.106+0200][gc,start    ] GC(2) Pause Remark
[2022-10-17T09:55:09.108+0200][gc          ] GC(2) Pause Remark 139M->139M(1024M) 1,664ms
[2022-10-17T09:55:09.108+0200][gc,cpu      ] GC(2) User=0,00s Sys=0,00s Real=0,00s
[2022-10-17T09:55:09.108+0200][gc,marking  ] GC(2) Concurrent Mark 4,029ms
[2022-10-17T09:55:09.108+0200][gc,marking  ] GC(2) Concurrent Rebuild Remembered Sets
[2022-10-17T09:55:09.110+0200][gc,marking  ] GC(2) Concurrent Rebuild Remembered Sets 2,534ms
[2022-10-17T09:55:09.110+0200][gc,start    ] GC(2) Pause Cleanup
[2022-10-17T09:55:09.111+0200][gc          ] GC(2) Pause Cleanup 139M->139M(1024M) 0,162ms
[2022-10-17T09:55:09.111+0200][gc,cpu      ] GC(2) User=0,00s Sys=0,00s Real=0,00s
[2022-10-17T09:55:09.111+0200][gc,marking  ] GC(2) Concurrent Cleanup for Next Mark
[2022-10-17T09:55:09.115+0200][gc,marking  ] GC(2) Concurrent Cleanup for Next Mark 4,280ms
[2022-10-17T09:55:09.115+0200][gc          ] GC(2) Concurrent Mark Cycle 13,975ms
[2022-10-17T09:55:09.838+0200][gc,start    ] GC(3) Pause Young (Normal) (G1 Evacuation Pause)
[2022-10-17T09:55:09.838+0200][gc,task     ] GC(3) Using 8 workers of 8 for evacuation
[2022-10-17T09:55:09.842+0200][gc,phases   ] GC(3)   Pre Evacuate Collection Set: 0,1ms
[2022-10-17T09:55:09.842+0200][gc,phases   ] GC(3)   Merge Heap Roots: 0,0ms
[2022-10-17T09:55:09.842+0200][gc,phases   ] GC(3)   Evacuate Collection Set: 3,2ms
[2022-10-17T09:55:09.842+0200][gc,phases   ] GC(3)   Post Evacuate Collection Set: 0,4ms
[2022-10-17T09:55:09.842+0200][gc,phases   ] GC(3)   Other: 0,1ms
[2022-10-17T09:55:09.842+0200][gc,heap     ] GC(3) Eden regions: 49->0(45)
[2022-10-17T09:55:09.842+0200][gc,heap     ] GC(3) Survivor regions: 2->6(7)
[2022-10-17T09:55:09.842+0200][gc,heap     ] GC(3) Old regions: 8->8
[2022-10-17T09:55:09.842+0200][gc,heap     ] GC(3) Archive regions: 2->2
[2022-10-17T09:55:09.842+0200][gc,heap     ] GC(3) Humongous regions: 129->129
[2022-10-17T09:55:09.842+0200][gc,metaspace] GC(3) Metaspace: 32845K(33152K)->32845K(33152K) NonClass: 29147K(29312K)->29147K(29312K) Class: 3697K(3840K)->3697K(3840K)
[2022-10-17T09:55:09.842+0200][gc          ] GC(3) Pause Young (Normal) (G1 Evacuation Pause) 187M->142M(1024M) 4,026ms
[2022-10-17T09:55:09.842+0200][gc,cpu      ] GC(3) User=0,02s Sys=0,00s Real=0,01s
[2022-10-17T10:01:33.752+0200][gc,start    ] GC(4) Pause Young (Concurrent Start) (Metadata GC Threshold)
[2022-10-17T10:01:33.752+0200][gc,task     ] GC(4) Using 8 workers of 8 for evacuation
[2022-10-17T10:01:33.759+0200][gc,phases   ] GC(4)   Pre Evacuate Collection Set: 0,1ms
[2022-10-17T10:01:33.759+0200][gc,phases   ] GC(4)   Merge Heap Roots: 0,1ms
[2022-10-17T10:01:33.759+0200][gc,phases   ] GC(4)   Evacuate Collection Set: 6,3ms
[2022-10-17T10:01:33.759+0200][gc,phases   ] GC(4)   Post Evacuate Collection Set: 0,4ms
[2022-10-17T10:01:33.759+0200][gc,phases   ] GC(4)   Other: 0,2ms
[2022-10-17T10:01:33.759+0200][gc,heap     ] GC(4) Eden regions: 17->0(49)
[2022-10-17T10:01:33.759+0200][gc,heap     ] GC(4) Survivor regions: 6->2(7)
[2022-10-17T10:01:33.759+0200][gc,heap     ] GC(4) Old regions: 8->13
[2022-10-17T10:01:33.759+0200][gc,heap     ] GC(4) Archive regions: 2->2
[2022-10-17T10:01:33.759+0200][gc,heap     ] GC(4) Humongous regions: 129->129
[2022-10-17T10:01:33.759+0200][gc,metaspace] GC(4) Metaspace: 35670K(35968K)->35670K(35968K) NonClass: 31482K(31680K)->31482K(31680K) Class: 4188K(4288K)->4188K(4288K)
[2022-10-17T10:01:33.759+0200][gc          ] GC(4) Pause Young (Concurrent Start) (Metadata GC Threshold) 158M->143M(1024M) 7,087ms
[2022-10-17T10:01:33.759+0200][gc,cpu      ] GC(4) User=0,02s Sys=0,00s Real=0,00s
[2022-10-17T10:01:33.759+0200][gc          ] GC(5) Concurrent Mark Cycle
[2022-10-17T10:01:33.759+0200][gc,marking  ] GC(5) Concurrent Clear Claimed Marks
[2022-10-17T10:01:33.759+0200][gc,marking  ] GC(5) Concurrent Clear Claimed Marks 0,030ms
[2022-10-17T10:01:33.759+0200][gc,marking  ] GC(5) Concurrent Scan Root Regions
[2022-10-17T10:01:33.762+0200][gc,marking  ] GC(5) Concurrent Scan Root Regions 2,702ms
[2022-10-17T10:01:33.762+0200][gc,marking  ] GC(5) Concurrent Mark
[2022-10-17T10:01:33.762+0200][gc,marking  ] GC(5) Concurrent Mark From Roots
[2022-10-17T10:01:33.762+0200][gc,task     ] GC(5) Using 2 workers of 2 for marking
[2022-10-17T10:01:33.771+0200][gc,marking  ] GC(5) Concurrent Mark From Roots 9,322ms
[2022-10-17T10:01:33.771+0200][gc,marking  ] GC(5) Concurrent Preclean
[2022-10-17T10:01:33.771+0200][gc,marking  ] GC(5) Concurrent Preclean 0,146ms
[2022-10-17T10:01:33.771+0200][gc,start    ] GC(5) Pause Remark
[2022-10-17T10:01:33.774+0200][gc          ] GC(5) Pause Remark 144M->144M(1024M) 2,534ms
[2022-10-17T10:01:33.774+0200][gc,cpu      ] GC(5) User=0,01s Sys=0,00s Real=0,00s
[2022-10-17T10:01:33.774+0200][gc,marking  ] GC(5) Concurrent Mark 12,199ms
[2022-10-17T10:01:33.774+0200][gc,marking  ] GC(5) Concurrent Rebuild Remembered Sets
[2022-10-17T10:01:33.780+0200][gc,marking  ] GC(5) Concurrent Rebuild Remembered Sets 6,185ms
[2022-10-17T10:01:33.780+0200][gc,start    ] GC(5) Pause Cleanup
[2022-10-17T10:01:33.780+0200][gc          ] GC(5) Pause Cleanup 144M->144M(1024M) 0,131ms
[2022-10-17T10:01:33.780+0200][gc,cpu      ] GC(5) User=0,00s Sys=0,00s Real=0,00s
[2022-10-17T10:01:33.780+0200][gc,marking  ] GC(5) Concurrent Cleanup for Next Mark
[2022-10-17T10:01:33.788+0200][gc,marking  ] GC(5) Concurrent Cleanup for Next Mark 7,743ms
[2022-10-17T10:01:33.788+0200][gc          ] GC(5) Concurrent Mark Cycle 29,300ms
[2022-10-17T10:25:16.212+0200][gc,start    ] GC(6) Pause Young (Prepare Mixed) (G1 Evacuation Pause)
[2022-10-17T10:25:16.212+0200][gc,task     ] GC(6) Using 8 workers of 8 for evacuation
[2022-10-17T10:25:16.220+0200][gc,phases   ] GC(6)   Pre Evacuate Collection Set: 0,3ms
[2022-10-17T10:25:16.220+0200][gc,phases   ] GC(6)   Merge Heap Roots: 0,1ms
[2022-10-17T10:25:16.220+0200][gc,phases   ] GC(6)   Evacuate Collection Set: 6,1ms
[2022-10-17T10:25:16.220+0200][gc,phases   ] GC(6)   Post Evacuate Collection Set: 1,1ms
[2022-10-17T10:25:16.220+0200][gc,phases   ] GC(6)   Other: 0,2ms
[2022-10-17T10:25:16.220+0200][gc,heap     ] GC(6) Eden regions: 49->0(48)
[2022-10-17T10:25:16.220+0200][gc,heap     ] GC(6) Survivor regions: 2->3(7)
[2022-10-17T10:25:16.220+0200][gc,heap     ] GC(6) Old regions: 13->13
[2022-10-17T10:25:16.220+0200][gc,heap     ] GC(6) Archive regions: 2->2
[2022-10-17T10:25:16.220+0200][gc,heap     ] GC(6) Humongous regions: 129->129
[2022-10-17T10:25:16.220+0200][gc,metaspace] GC(6) Metaspace: 39211K(39744K)->39211K(39744K) NonClass: 34592K(34880K)->34592K(34880K) Class: 4619K(4864K)->4619K(4864K)
[2022-10-17T10:25:16.220+0200][gc          ] GC(6) Pause Young (Prepare Mixed) (G1 Evacuation Pause) 192M->145M(1024M) 8,086ms
[2022-10-17T10:25:16.220+0200][gc,cpu      ] GC(6) User=0,04s Sys=0,00s Real=0,01s
[2022-10-17T10:36:38.914+0200][gc,start    ] GC(7) Pause Young (Mixed) (G1 Evacuation Pause)
[2022-10-17T10:36:38.914+0200][gc,task     ] GC(7) Using 8 workers of 8 for evacuation
[2022-10-17T10:36:38.940+0200][gc,mmu      ] GC(7) MMU target violated: 21,0ms (20,0ms/21,0ms)
[2022-10-17T10:36:38.940+0200][gc,phases   ] GC(7)   Pre Evacuate Collection Set: 0,4ms
[2022-10-17T10:36:38.940+0200][gc,phases   ] GC(7)   Merge Heap Roots: 0,4ms
[2022-10-17T10:36:38.940+0200][gc,phases   ] GC(7)   Evacuate Collection Set: 21,8ms
[2022-10-17T10:36:38.940+0200][gc,phases   ] GC(7)   Post Evacuate Collection Set: 3,4ms
[2022-10-17T10:36:38.940+0200][gc,phases   ] GC(7)   Other: 0,3ms
[2022-10-17T10:36:38.940+0200][gc,heap     ] GC(7) Eden regions: 48->0(45)
[2022-10-17T10:36:38.940+0200][gc,heap     ] GC(7) Survivor regions: 3->6(7)
[2022-10-17T10:36:38.940+0200][gc,heap     ] GC(7) Old regions: 13->13
[2022-10-17T10:36:38.940+0200][gc,heap     ] GC(7) Archive regions: 2->2
[2022-10-17T10:36:38.940+0200][gc,heap     ] GC(7) Humongous regions: 129->129
[2022-10-17T10:36:38.940+0200][gc,metaspace] GC(7) Metaspace: 41688K(42240K)->41688K(42240K) NonClass: 36758K(37056K)->36758K(37056K) Class: 4930K(5184K)->4930K(5184K)
[2022-10-17T10:36:38.940+0200][gc          ] GC(7) Pause Young (Mixed) (G1 Evacuation Pause) 193M->147M(1024M) 26,454ms
[2022-10-17T10:36:38.940+0200][gc,cpu      ] GC(7) User=0,11s Sys=0,00s Real=0,03s
[2022-10-17T10:49:42.792+0200][gc,start    ] GC(8) Pause Young (Normal) (G1 Evacuation Pause)
[2022-10-17T10:49:42.792+0200][gc,task     ] GC(8) Using 8 workers of 8 for evacuation
[2022-10-17T10:49:42.798+0200][gc,phases   ] GC(8)   Pre Evacuate Collection Set: 0,2ms
[2022-10-17T10:49:42.798+0200][gc,phases   ] GC(8)   Merge Heap Roots: 0,1ms
[2022-10-17T10:49:42.798+0200][gc,phases   ] GC(8)   Evacuate Collection Set: 4,6ms
[2022-10-17T10:49:42.798+0200][gc,phases   ] GC(8)   Post Evacuate Collection Set: 0,4ms
[2022-10-17T10:49:42.798+0200][gc,phases   ] GC(8)   Other: 0,2ms
[2022-10-17T10:49:42.798+0200][gc,heap     ] GC(8) Eden regions: 45->0(48)
[2022-10-17T10:49:42.798+0200][gc,heap     ] GC(8) Survivor regions: 6->3(7)
[2022-10-17T10:49:42.798+0200][gc,heap     ] GC(8) Old regions: 13->15
[2022-10-17T10:49:42.798+0200][gc,heap     ] GC(8) Archive regions: 2->2
[2022-10-17T10:49:42.798+0200][gc,heap     ] GC(8) Humongous regions: 129->129
[2022-10-17T10:49:42.798+0200][gc,metaspace] GC(8) Metaspace: 41798K(42368K)->41798K(42368K) NonClass: 36868K(37184K)->36868K(37184K) Class: 4930K(5184K)->4930K(5184K)
[2022-10-17T10:49:42.798+0200][gc          ] GC(8) Pause Young (Normal) (G1 Evacuation Pause) 192M->147M(1024M) 5,584ms
[2022-10-17T10:49:42.798+0200][gc,cpu      ] GC(8) User=0,03s Sys=0,01s Real=0,00s
[2022-10-17T11:03:58.914+0200][gc,start    ] GC(9) Pause Young (Normal) (G1 Evacuation Pause)
[2022-10-17T11:03:58.914+0200][gc,task     ] GC(9) Using 8 workers of 8 for evacuation
[2022-10-17T11:03:58.919+0200][gc,phases   ] GC(9)   Pre Evacuate Collection Set: 0,2ms
[2022-10-17T11:03:58.919+0200][gc,phases   ] GC(9)   Merge Heap Roots: 0,1ms
[2022-10-17T11:03:58.919+0200][gc,phases   ] GC(9)   Evacuate Collection Set: 4,1ms
[2022-10-17T11:03:58.919+0200][gc,phases   ] GC(9)   Post Evacuate Collection Set: 0,7ms
[2022-10-17T11:03:58.919+0200][gc,phases   ] GC(9)   Other: 0,2ms
[2022-10-17T11:03:58.919+0200][gc,heap     ] GC(9) Eden regions: 48->0(51)
[2022-10-17T11:03:58.919+0200][gc,heap     ] GC(9) Survivor regions: 3->4(7)
[2022-10-17T11:03:58.919+0200][gc,heap     ] GC(9) Old regions: 15->15
[2022-10-17T11:03:58.919+0200][gc,heap     ] GC(9) Archive regions: 2->2
[2022-10-17T11:03:58.919+0200][gc,heap     ] GC(9) Humongous regions: 129->129
[2022-10-17T11:03:58.919+0200][gc,metaspace] GC(9) Metaspace: 41921K(42560K)->41921K(42560K) NonClass: 36987K(37376K)->36987K(37376K) Class: 4934K(5184K)->4934K(5184K)
[2022-10-17T11:03:58.919+0200][gc          ] GC(9) Pause Young (Normal) (G1 Evacuation Pause) 195M->148M(1024M) 5,537ms
[2022-10-17T11:03:58.919+0200][gc,cpu      ] GC(9) User=0,03s Sys=0,00s Real=0,01s
[2022-10-17T11:20:33.914+0200][gc,start    ] GC(10) Pause Young (Normal) (G1 Evacuation Pause)
[2022-10-17T11:20:33.914+0200][gc,task     ] GC(10) Using 8 workers of 8 for evacuation
[2022-10-17T11:20:33.919+0200][gc,phases   ] GC(10)   Pre Evacuate Collection Set: 0,2ms
[2022-10-17T11:20:33.919+0200][gc,phases   ] GC(10)   Merge Heap Roots: 0,1ms
[2022-10-17T11:20:33.919+0200][gc,phases   ] GC(10)   Evacuate Collection Set: 3,9ms
[2022-10-17T11:20:33.919+0200][gc,phases   ] GC(10)   Post Evacuate Collection Set: 0,7ms
[2022-10-17T11:20:33.919+0200][gc,phases   ] GC(10)   Other: 0,1ms
[2022-10-17T11:20:33.919+0200][gc,heap     ] GC(10) Eden regions: 51->0(78)
[2022-10-17T11:20:33.919+0200][gc,heap     ] GC(10) Survivor regions: 4->4(7)
[2022-10-17T11:20:33.919+0200][gc,heap     ] GC(10) Old regions: 15->15
[2022-10-17T11:20:33.919+0200][gc,heap     ] GC(10) Archive regions: 2->2
[2022-10-17T11:20:33.919+0200][gc,heap     ] GC(10) Humongous regions: 129->129
[2022-10-17T11:20:33.919+0200][gc,metaspace] GC(10) Metaspace: 41993K(42560K)->41993K(42560K) NonClass: 37059K(37376K)->37059K(37376K) Class: 4934K(5184K)->4934K(5184K)
[2022-10-17T11:20:33.919+0200][gc          ] GC(10) Pause Young (Normal) (G1 Evacuation Pause) 199M->148M(1024M) 5,291ms
[2022-10-17T11:20:33.919+0200][gc,cpu      ] GC(10) User=0,03s Sys=0,00s Real=0,01s
[2022-10-17T11:46:09.521+0200][gc,start    ] GC(11) Pause Young (Normal) (G1 Evacuation Pause)
[2022-10-17T11:46:09.521+0200][gc,task     ] GC(11) Using 8 workers of 8 for evacuation
[2022-10-17T11:46:09.535+0200][gc,phases   ] GC(11)   Pre Evacuate Collection Set: 0,4ms
[2022-10-17T11:46:09.535+0200][gc,phases   ] GC(11)   Merge Heap Roots: 0,2ms
[2022-10-17T11:46:09.535+0200][gc,phases   ] GC(11)   Evacuate Collection Set: 10,8ms
[2022-10-17T11:46:09.535+0200][gc,phases   ] GC(11)   Post Evacuate Collection Set: 1,5ms
[2022-10-17T11:46:09.535+0200][gc,phases   ] GC(11)   Other: 0,4ms
[2022-10-17T11:46:09.535+0200][gc,heap     ] GC(11) Eden regions: 78->0(157)
[2022-10-17T11:46:09.535+0200][gc,heap     ] GC(11) Survivor regions: 4->4(11)
[2022-10-17T11:46:09.535+0200][gc,heap     ] GC(11) Old regions: 15->15
[2022-10-17T11:46:09.535+0200][gc,heap     ] GC(11) Archive regions: 2->2
[2022-10-17T11:46:09.535+0200][gc,heap     ] GC(11) Humongous regions: 129->129
[2022-10-17T11:46:09.535+0200][gc,metaspace] GC(11) Metaspace: 42042K(42624K)->42042K(42624K) NonClass: 37108K(37440K)->37108K(37440K) Class: 4934K(5184K)->4934K(5184K)
[2022-10-17T11:46:09.535+0200][gc          ] GC(11) Pause Young (Normal) (G1 Evacuation Pause) 226M->148M(1024M) 13,543ms
[2022-10-17T11:46:09.535+0200][gc,cpu      ] GC(11) User=0,07s Sys=0,00s Real=0,01s
