[2022-10-11T06:24:16.665+0200][gc] Using G1
[2022-10-11T06:24:16.677+0200][gc,init] Version: 17.0.4+8-Ubuntu-122.04 (release)
[2022-10-11T06:24:16.677+0200][gc,init] CPUs: 8 total, 8 available
[2022-10-11T06:24:16.677+0200][gc,init] Memory: 32052M
[2022-10-11T06:24:16.677+0200][gc,init] Large Page Support: Disabled
[2022-10-11T06:24:16.677+0200][gc,init] NUMA Support: Disabled
[2022-10-11T06:24:16.677+0200][gc,init] Compressed Oops: Enabled (32-bit)
[2022-10-11T06:24:16.677+0200][gc,init] Heap Region Size: 1M
[2022-10-11T06:24:16.677+0200][gc,init] Heap Min Capacity: 1G
[2022-10-11T06:24:16.677+0200][gc,init] Heap Initial Capacity: 1G
[2022-10-11T06:24:16.677+0200][gc,init] Heap Max Capacity: 1G
[2022-10-11T06:24:16.677+0200][gc,init] Pre-touch: Disabled
[2022-10-11T06:24:16.677+0200][gc,init] Parallel Workers: 8
[2022-10-11T06:24:16.677+0200][gc,init] Concurrent Workers: 2
[2022-10-11T06:24:16.677+0200][gc,init] Concurrent Refinement Workers: 8
[2022-10-11T06:24:16.677+0200][gc,init] Periodic GC: Disabled
[2022-10-11T06:24:16.677+0200][gc,metaspace] CDS archive(s) mapped at: [0x0000000800000000-0x0000000800be3000-0x0000000800be3000), size 12464128, SharedBaseAddress: 0x0000000800000000, ArchiveRelocationMode: 0.
[2022-10-11T06:24:16.677+0200][gc,metaspace] Compressed class space mapped at: 0x0000000800c00000-0x0000000840c00000, reserved size: 1073741824
[2022-10-11T06:24:16.677+0200][gc,metaspace] Narrow klass base: 0x0000000800000000, Narrow klass shift: 0, Narrow klass range: 0x100000000
[2022-10-11T06:24:17.567+0200][gc,start    ] GC(0) Pause Young (Normal) (G1 Evacuation Pause)
[2022-10-11T06:24:17.568+0200][gc,task     ] GC(0) Using 8 workers of 8 for evacuation
[2022-10-11T06:24:17.572+0200][gc,phases   ] GC(0)   Pre Evacuate Collection Set: 0,1ms
[2022-10-11T06:24:17.572+0200][gc,phases   ] GC(0)   Merge Heap Roots: 0,1ms
[2022-10-11T06:24:17.572+0200][gc,phases   ] GC(0)   Evacuate Collection Set: 3,6ms
[2022-10-11T06:24:17.572+0200][gc,phases   ] GC(0)   Post Evacuate Collection Set: 0,5ms
[2022-10-11T06:24:17.572+0200][gc,phases   ] GC(0)   Other: 1,1ms
[2022-10-11T06:24:17.572+0200][gc,heap     ] GC(0) Eden regions: 51->0(44)
[2022-10-11T06:24:17.572+0200][gc,heap     ] GC(0) Survivor regions: 0->7(7)
[2022-10-11T06:24:17.572+0200][gc,heap     ] GC(0) Old regions: 0->1
[2022-10-11T06:24:17.572+0200][gc,heap     ] GC(0) Archive regions: 2->2
[2022-10-11T06:24:17.572+0200][gc,heap     ] GC(0) Humongous regions: 0->0
[2022-10-11T06:24:17.572+0200][gc,metaspace] GC(0) Metaspace: 18977K(19200K)->18977K(19200K) NonClass: 16693K(16832K)->16693K(16832K) Class: 2283K(2368K)->2283K(2368K)
[2022-10-11T06:24:17.572+0200][gc          ] GC(0) Pause Young (Normal) (G1 Evacuation Pause) 51M->8M(1024M) 5,539ms
[2022-10-11T06:24:17.572+0200][gc,cpu      ] GC(0) User=0,01s Sys=0,01s Real=0,00s
[2022-10-11T06:24:17.760+0200][gc,start    ] GC(1) Pause Young (Concurrent Start) (Metadata GC Threshold)
[2022-10-11T06:24:17.760+0200][gc,task     ] GC(1) Using 8 workers of 8 for evacuation
[2022-10-11T06:24:17.764+0200][gc,phases   ] GC(1)   Pre Evacuate Collection Set: 0,1ms
[2022-10-11T06:24:17.764+0200][gc,phases   ] GC(1)   Merge Heap Roots: 0,1ms
[2022-10-11T06:24:17.764+0200][gc,phases   ] GC(1)   Evacuate Collection Set: 2,9ms
[2022-10-11T06:24:17.764+0200][gc,phases   ] GC(1)   Post Evacuate Collection Set: 0,5ms
[2022-10-11T06:24:17.764+0200][gc,phases   ] GC(1)   Other: 0,2ms
[2022-10-11T06:24:17.764+0200][gc,heap     ] GC(1) Eden regions: 11->0(49)
[2022-10-11T06:24:17.764+0200][gc,heap     ] GC(1) Survivor regions: 7->2(7)
[2022-10-11T06:24:17.764+0200][gc,heap     ] GC(1) Old regions: 1->8
[2022-10-11T06:24:17.764+0200][gc,heap     ] GC(1) Archive regions: 2->2
[2022-10-11T06:24:17.764+0200][gc,heap     ] GC(1) Humongous regions: 129->129
[2022-10-11T06:24:17.764+0200][gc,metaspace] GC(1) Metaspace: 21322K(21504K)->21322K(21504K) NonClass: 18735K(18816K)->18735K(18816K) Class: 2587K(2688K)->2587K(2688K)
[2022-10-11T06:24:17.764+0200][gc          ] GC(1) Pause Young (Concurrent Start) (Metadata GC Threshold) 147M->138M(1024M) 3,908ms
[2022-10-11T06:24:17.764+0200][gc,cpu      ] GC(1) User=0,02s Sys=0,00s Real=0,00s
[2022-10-11T06:24:17.764+0200][gc          ] GC(2) Concurrent Mark Cycle
[2022-10-11T06:24:17.764+0200][gc,marking  ] GC(2) Concurrent Clear Claimed Marks
[2022-10-11T06:24:17.764+0200][gc,marking  ] GC(2) Concurrent Clear Claimed Marks 0,013ms
[2022-10-11T06:24:17.764+0200][gc,marking  ] GC(2) Concurrent Scan Root Regions
[2022-10-11T06:24:17.766+0200][gc,marking  ] GC(2) Concurrent Scan Root Regions 1,840ms
[2022-10-11T06:24:17.766+0200][gc,marking  ] GC(2) Concurrent Mark
[2022-10-11T06:24:17.766+0200][gc,marking  ] GC(2) Concurrent Mark From Roots
[2022-10-11T06:24:17.766+0200][gc,task     ] GC(2) Using 2 workers of 2 for marking
[2022-10-11T06:24:17.767+0200][gc,marking  ] GC(2) Concurrent Mark From Roots 1,568ms
[2022-10-11T06:24:17.767+0200][gc,marking  ] GC(2) Concurrent Preclean
[2022-10-11T06:24:17.768+0200][gc,marking  ] GC(2) Concurrent Preclean 0,094ms
[2022-10-11T06:24:17.768+0200][gc,start    ] GC(2) Pause Remark
[2022-10-11T06:24:17.769+0200][gc          ] GC(2) Pause Remark 139M->139M(1024M) 1,128ms
[2022-10-11T06:24:17.769+0200][gc,cpu      ] GC(2) User=0,00s Sys=0,00s Real=0,00s
[2022-10-11T06:24:17.769+0200][gc,marking  ] GC(2) Concurrent Mark 3,013ms
[2022-10-11T06:24:17.769+0200][gc,marking  ] GC(2) Concurrent Rebuild Remembered Sets
[2022-10-11T06:24:17.771+0200][gc,marking  ] GC(2) Concurrent Rebuild Remembered Sets 2,520ms
[2022-10-11T06:24:17.771+0200][gc,start    ] GC(2) Pause Cleanup
[2022-10-11T06:24:17.772+0200][gc          ] GC(2) Pause Cleanup 139M->139M(1024M) 0,088ms
[2022-10-11T06:24:17.772+0200][gc,cpu      ] GC(2) User=0,00s Sys=0,00s Real=0,00s
[2022-10-11T06:24:17.772+0200][gc,marking  ] GC(2) Concurrent Cleanup for Next Mark
[2022-10-11T06:24:17.775+0200][gc,marking  ] GC(2) Concurrent Cleanup for Next Mark 3,844ms
[2022-10-11T06:24:17.775+0200][gc          ] GC(2) Concurrent Mark Cycle 11,569ms
[2022-10-11T06:24:18.274+0200][gc,start    ] GC(3) Pause Young (Normal) (G1 Evacuation Pause)
[2022-10-11T06:24:18.274+0200][gc,task     ] GC(3) Using 8 workers of 8 for evacuation
[2022-10-11T06:24:18.278+0200][gc,phases   ] GC(3)   Pre Evacuate Collection Set: 0,1ms
[2022-10-11T06:24:18.278+0200][gc,phases   ] GC(3)   Merge Heap Roots: 0,0ms
[2022-10-11T06:24:18.278+0200][gc,phases   ] GC(3)   Evacuate Collection Set: 3,4ms
[2022-10-11T06:24:18.278+0200][gc,phases   ] GC(3)   Post Evacuate Collection Set: 0,2ms
[2022-10-11T06:24:18.278+0200][gc,phases   ] GC(3)   Other: 0,1ms
[2022-10-11T06:24:18.278+0200][gc,heap     ] GC(3) Eden regions: 49->0(45)
[2022-10-11T06:24:18.278+0200][gc,heap     ] GC(3) Survivor regions: 2->6(7)
[2022-10-11T06:24:18.278+0200][gc,heap     ] GC(3) Old regions: 8->8
[2022-10-11T06:24:18.278+0200][gc,heap     ] GC(3) Archive regions: 2->2
[2022-10-11T06:24:18.278+0200][gc,heap     ] GC(3) Humongous regions: 129->129
[2022-10-11T06:24:18.278+0200][gc,metaspace] GC(3) Metaspace: 32873K(33152K)->32873K(33152K) NonClass: 29161K(29312K)->29161K(29312K) Class: 3712K(3840K)->3712K(3840K)
[2022-10-11T06:24:18.278+0200][gc          ] GC(3) Pause Young (Normal) (G1 Evacuation Pause) 187M->142M(1024M) 3,981ms
[2022-10-11T06:24:18.278+0200][gc,cpu      ] GC(3) User=0,02s Sys=0,00s Real=0,00s
[2022-10-11T06:28:25.880+0200][gc,start    ] GC(4) Pause Young (Concurrent Start) (Metadata GC Threshold)
[2022-10-11T06:28:25.880+0200][gc,task     ] GC(4) Using 8 workers of 8 for evacuation
[2022-10-11T06:28:25.884+0200][gc,phases   ] GC(4)   Pre Evacuate Collection Set: 0,2ms
[2022-10-11T06:28:25.884+0200][gc,phases   ] GC(4)   Merge Heap Roots: 0,1ms
[2022-10-11T06:28:25.884+0200][gc,phases   ] GC(4)   Evacuate Collection Set: 2,9ms
[2022-10-11T06:28:25.884+0200][gc,phases   ] GC(4)   Post Evacuate Collection Set: 0,5ms
[2022-10-11T06:28:25.884+0200][gc,phases   ] GC(4)   Other: 0,1ms
[2022-10-11T06:28:25.884+0200][gc,heap     ] GC(4) Eden regions: 17->0(49)
[2022-10-11T06:28:25.884+0200][gc,heap     ] GC(4) Survivor regions: 6->2(7)
[2022-10-11T06:28:25.884+0200][gc,heap     ] GC(4) Old regions: 8->13
[2022-10-11T06:28:25.884+0200][gc,heap     ] GC(4) Archive regions: 2->2
[2022-10-11T06:28:25.884+0200][gc,heap     ] GC(4) Humongous regions: 129->129
[2022-10-11T06:28:25.884+0200][gc,metaspace] GC(4) Metaspace: 35889K(36160K)->35889K(36160K) NonClass: 31656K(31808K)->31656K(31808K) Class: 4233K(4352K)->4233K(4352K)
[2022-10-11T06:28:25.884+0200][gc          ] GC(4) Pause Young (Concurrent Start) (Metadata GC Threshold) 158M->143M(1024M) 3,846ms
[2022-10-11T06:28:25.884+0200][gc,cpu      ] GC(4) User=0,02s Sys=0,00s Real=0,00s
[2022-10-11T06:28:25.884+0200][gc          ] GC(5) Concurrent Mark Cycle
[2022-10-11T06:28:25.884+0200][gc,marking  ] GC(5) Concurrent Clear Claimed Marks
[2022-10-11T06:28:25.884+0200][gc,marking  ] GC(5) Concurrent Clear Claimed Marks 0,027ms
[2022-10-11T06:28:25.884+0200][gc,marking  ] GC(5) Concurrent Scan Root Regions
[2022-10-11T06:28:25.887+0200][gc,marking  ] GC(5) Concurrent Scan Root Regions 2,773ms
[2022-10-11T06:28:25.887+0200][gc,marking  ] GC(5) Concurrent Mark
[2022-10-11T06:28:25.887+0200][gc,marking  ] GC(5) Concurrent Mark From Roots
[2022-10-11T06:28:25.887+0200][gc,task     ] GC(5) Using 2 workers of 2 for marking
[2022-10-11T06:28:25.892+0200][gc,marking  ] GC(5) Concurrent Mark From Roots 5,378ms
[2022-10-11T06:28:25.892+0200][gc,marking  ] GC(5) Concurrent Preclean
[2022-10-11T06:28:25.892+0200][gc,marking  ] GC(5) Concurrent Preclean 0,203ms
[2022-10-11T06:28:25.892+0200][gc,start    ] GC(5) Pause Remark
[2022-10-11T06:28:25.893+0200][gc          ] GC(5) Pause Remark 144M->144M(1024M) 1,053ms
[2022-10-11T06:28:25.893+0200][gc,cpu      ] GC(5) User=0,00s Sys=0,00s Real=0,01s
[2022-10-11T06:28:25.893+0200][gc,marking  ] GC(5) Concurrent Mark 6,836ms
[2022-10-11T06:28:25.893+0200][gc,marking  ] GC(5) Concurrent Rebuild Remembered Sets
[2022-10-11T06:28:25.898+0200][gc,marking  ] GC(5) Concurrent Rebuild Remembered Sets 4,142ms
[2022-10-11T06:28:25.898+0200][gc,start    ] GC(5) Pause Cleanup
[2022-10-11T06:28:25.898+0200][gc          ] GC(5) Pause Cleanup 144M->144M(1024M) 0,130ms
[2022-10-11T06:28:25.898+0200][gc,cpu      ] GC(5) User=0,00s Sys=0,00s Real=0,00s
[2022-10-11T06:28:25.898+0200][gc,marking  ] GC(5) Concurrent Cleanup for Next Mark
[2022-10-11T06:28:25.903+0200][gc,marking  ] GC(5) Concurrent Cleanup for Next Mark 4,835ms
[2022-10-11T06:28:25.903+0200][gc          ] GC(5) Concurrent Mark Cycle 19,081ms
[2022-10-11T07:22:20.961+0200][gc,start    ] GC(6) Pause Young (Normal) (G1 Evacuation Pause)
[2022-10-11T07:22:20.961+0200][gc,task     ] GC(6) Using 8 workers of 8 for evacuation
[2022-10-11T07:22:20.967+0200][gc,phases   ] GC(6)   Pre Evacuate Collection Set: 0,3ms
[2022-10-11T07:22:20.967+0200][gc,phases   ] GC(6)   Merge Heap Roots: 0,2ms
[2022-10-11T07:22:20.967+0200][gc,phases   ] GC(6)   Evacuate Collection Set: 3,8ms
[2022-10-11T07:22:20.967+0200][gc,phases   ] GC(6)   Post Evacuate Collection Set: 0,9ms
[2022-10-11T07:22:20.967+0200][gc,phases   ] GC(6)   Other: 0,3ms
[2022-10-11T07:22:20.967+0200][gc,heap     ] GC(6) Eden regions: 49->0(49)
[2022-10-11T07:22:20.967+0200][gc,heap     ] GC(6) Survivor regions: 2->2(7)
[2022-10-11T07:22:20.967+0200][gc,heap     ] GC(6) Old regions: 13->13
[2022-10-11T07:22:20.967+0200][gc,heap     ] GC(6) Archive regions: 2->2
[2022-10-11T07:22:20.967+0200][gc,heap     ] GC(6) Humongous regions: 129->129
[2022-10-11T07:22:20.967+0200][gc,metaspace] GC(6) Metaspace: 37980K(38464K)->37980K(38464K) NonClass: 33472K(33728K)->33472K(33728K) Class: 4508K(4736K)->4508K(4736K)
[2022-10-11T07:22:20.967+0200][gc          ] GC(6) Pause Young (Normal) (G1 Evacuation Pause) 192M->143M(1024M) 5,735ms
[2022-10-11T07:22:20.967+0200][gc,cpu      ] GC(6) User=0,04s Sys=0,00s Real=0,01s
[2022-10-11T08:08:26.737+0200][gc,start    ] GC(7) Pause Young (Normal) (G1 Evacuation Pause)
[2022-10-11T08:08:26.737+0200][gc,task     ] GC(7) Using 8 workers of 8 for evacuation
[2022-10-11T08:08:26.739+0200][gc,phases   ] GC(7)   Pre Evacuate Collection Set: 0,1ms
[2022-10-11T08:08:26.739+0200][gc,phases   ] GC(7)   Merge Heap Roots: 0,1ms
[2022-10-11T08:08:26.739+0200][gc,phases   ] GC(7)   Evacuate Collection Set: 1,4ms
[2022-10-11T08:08:26.739+0200][gc,phases   ] GC(7)   Post Evacuate Collection Set: 0,4ms
[2022-10-11T08:08:26.739+0200][gc,phases   ] GC(7)   Other: 0,1ms
[2022-10-11T08:08:26.739+0200][gc,heap     ] GC(7) Eden regions: 49->0(48)
[2022-10-11T08:08:26.739+0200][gc,heap     ] GC(7) Survivor regions: 2->3(7)
[2022-10-11T08:08:26.739+0200][gc,heap     ] GC(7) Old regions: 13->13
[2022-10-11T08:08:26.739+0200][gc,heap     ] GC(7) Archive regions: 2->2
[2022-10-11T08:08:26.739+0200][gc,heap     ] GC(7) Humongous regions: 129->129
[2022-10-11T08:08:26.739+0200][gc,metaspace] GC(7) Metaspace: 38640K(39040K)->38640K(39040K) NonClass: 34096K(34304K)->34096K(34304K) Class: 4543K(4736K)->4543K(4736K)
[2022-10-11T08:08:26.739+0200][gc          ] GC(7) Pause Young (Normal) (G1 Evacuation Pause) 192M->144M(1024M) 2,194ms
[2022-10-11T08:08:26.739+0200][gc,cpu      ] GC(7) User=0,01s Sys=0,00s Real=0,00s
[2022-10-11T08:19:21.565+0200][gc,start    ] GC(8) Pause Young (Normal) (G1 Evacuation Pause)
[2022-10-11T08:19:21.565+0200][gc,task     ] GC(8) Using 8 workers of 8 for evacuation
[2022-10-11T08:19:21.577+0200][gc,phases   ] GC(8)   Pre Evacuate Collection Set: 0,3ms
[2022-10-11T08:19:21.577+0200][gc,phases   ] GC(8)   Merge Heap Roots: 0,2ms
[2022-10-11T08:19:21.577+0200][gc,phases   ] GC(8)   Evacuate Collection Set: 9,3ms
[2022-10-11T08:19:21.577+0200][gc,phases   ] GC(8)   Post Evacuate Collection Set: 1,5ms
[2022-10-11T08:19:21.577+0200][gc,phases   ] GC(8)   Other: 0,3ms
[2022-10-11T08:19:21.577+0200][gc,heap     ] GC(8) Eden regions: 48->0(46)
[2022-10-11T08:19:21.577+0200][gc,heap     ] GC(8) Survivor regions: 3->5(7)
[2022-10-11T08:19:21.577+0200][gc,heap     ] GC(8) Old regions: 13->13
[2022-10-11T08:19:21.577+0200][gc,heap     ] GC(8) Archive regions: 2->2
[2022-10-11T08:19:21.577+0200][gc,heap     ] GC(8) Humongous regions: 129->129
[2022-10-11T08:19:21.577+0200][gc,metaspace] GC(8) Metaspace: 41472K(42112K)->41472K(42112K) NonClass: 36572K(36928K)->36572K(36928K) Class: 4900K(5184K)->4900K(5184K)
[2022-10-11T08:19:21.577+0200][gc          ] GC(8) Pause Young (Normal) (G1 Evacuation Pause) 192M->147M(1024M) 11,808ms
[2022-10-11T08:19:21.577+0200][gc,cpu      ] GC(8) User=0,08s Sys=0,00s Real=0,01s
[2022-10-11T08:33:24.064+0200][gc,start    ] GC(9) Pause Young (Normal) (G1 Evacuation Pause)
[2022-10-11T08:33:24.064+0200][gc,task     ] GC(9) Using 8 workers of 8 for evacuation
[2022-10-11T08:33:24.068+0200][gc,phases   ] GC(9)   Pre Evacuate Collection Set: 0,2ms
[2022-10-11T08:33:24.068+0200][gc,phases   ] GC(9)   Merge Heap Roots: 0,1ms
[2022-10-11T08:33:24.068+0200][gc,phases   ] GC(9)   Evacuate Collection Set: 3,8ms
[2022-10-11T08:33:24.068+0200][gc,phases   ] GC(9)   Post Evacuate Collection Set: 0,4ms
[2022-10-11T08:33:24.068+0200][gc,phases   ] GC(9)   Other: 0,1ms
[2022-10-11T08:33:24.068+0200][gc,heap     ] GC(9) Eden regions: 46->0(55)
[2022-10-11T08:33:24.069+0200][gc,heap     ] GC(9) Survivor regions: 5->4(7)
[2022-10-11T08:33:24.069+0200][gc,heap     ] GC(9) Old regions: 13->15
[2022-10-11T08:33:24.069+0200][gc,heap     ] GC(9) Archive regions: 2->2
[2022-10-11T08:33:24.069+0200][gc,heap     ] GC(9) Humongous regions: 129->129
[2022-10-11T08:33:24.069+0200][gc,metaspace] GC(9) Metaspace: 41545K(42176K)->41545K(42176K) NonClass: 36645K(36992K)->36645K(36992K) Class: 4900K(5184K)->4900K(5184K)
[2022-10-11T08:33:24.069+0200][gc          ] GC(9) Pause Young (Normal) (G1 Evacuation Pause) 193M->148M(1024M) 4,665ms
[2022-10-11T08:33:24.069+0200][gc,cpu      ] GC(9) User=0,02s Sys=0,00s Real=0,01s
[2022-10-11T08:51:40.961+0200][gc,start    ] GC(10) Pause Young (Normal) (G1 Evacuation Pause)
[2022-10-11T08:51:40.961+0200][gc,task     ] GC(10) Using 8 workers of 8 for evacuation
[2022-10-11T08:51:40.972+0200][gc,phases   ] GC(10)   Pre Evacuate Collection Set: 0,4ms
[2022-10-11T08:51:40.972+0200][gc,phases   ] GC(10)   Merge Heap Roots: 0,2ms
[2022-10-11T08:51:40.972+0200][gc,phases   ] GC(10)   Evacuate Collection Set: 7,4ms
[2022-10-11T08:51:40.972+0200][gc,phases   ] GC(10)   Post Evacuate Collection Set: 2,7ms
[2022-10-11T08:51:40.972+0200][gc,phases   ] GC(10)   Other: 0,3ms
[2022-10-11T08:51:40.972+0200][gc,heap     ] GC(10) Eden regions: 55->0(136)
[2022-10-11T08:51:40.972+0200][gc,heap     ] GC(10) Survivor regions: 4->4(8)
[2022-10-11T08:51:40.972+0200][gc,heap     ] GC(10) Old regions: 15->15
[2022-10-11T08:51:40.972+0200][gc,heap     ] GC(10) Archive regions: 2->2
[2022-10-11T08:51:40.972+0200][gc,heap     ] GC(10) Humongous regions: 129->129
[2022-10-11T08:51:40.972+0200][gc,metaspace] GC(10) Metaspace: 41575K(42176K)->41575K(42176K) NonClass: 36675K(36992K)->36675K(36992K) Class: 4900K(5184K)->4900K(5184K)
[2022-10-11T08:51:40.972+0200][gc          ] GC(10) Pause Young (Normal) (G1 Evacuation Pause) 203M->147M(1024M) 11,276ms
[2022-10-11T08:51:40.972+0200][gc,cpu      ] GC(10) User=0,06s Sys=0,00s Real=0,01s
[2022-10-11T09:38:45.961+0200][gc,start    ] GC(11) Pause Young (Normal) (G1 Evacuation Pause)
[2022-10-11T09:38:45.961+0200][gc,task     ] GC(11) Using 8 workers of 8 for evacuation
[2022-10-11T09:38:45.972+0200][gc,phases   ] GC(11)   Pre Evacuate Collection Set: 0,3ms
[2022-10-11T09:38:45.972+0200][gc,phases   ] GC(11)   Merge Heap Roots: 0,2ms
[2022-10-11T09:38:45.972+0200][gc,phases   ] GC(11)   Evacuate Collection Set: 9,1ms
[2022-10-11T09:38:45.972+0200][gc,phases   ] GC(11)   Post Evacuate Collection Set: 1,1ms
[2022-10-11T09:38:45.972+0200][gc,phases   ] GC(11)   Other: 0,3ms
[2022-10-11T09:38:45.972+0200][gc,heap     ] GC(11) Eden regions: 136->0(193)
[2022-10-11T09:38:45.972+0200][gc,heap     ] GC(11) Survivor regions: 4->4(18)
[2022-10-11T09:38:45.972+0200][gc,heap     ] GC(11) Old regions: 15->15
[2022-10-11T09:38:45.972+0200][gc,heap     ] GC(11) Archive regions: 2->2
[2022-10-11T09:38:45.972+0200][gc,heap     ] GC(11) Humongous regions: 129->129
[2022-10-11T09:38:45.972+0200][gc,metaspace] GC(11) Metaspace: 41604K(42176K)->41604K(42176K) NonClass: 36704K(36992K)->36704K(36992K) Class: 4900K(5184K)->4900K(5184K)
[2022-10-11T09:38:45.972+0200][gc          ] GC(11) Pause Young (Normal) (G1 Evacuation Pause) 283M->148M(1024M) 11,196ms
[2022-10-11T09:38:45.972+0200][gc,cpu      ] GC(11) User=0,05s Sys=0,01s Real=0,01s
[2022-10-11T10:46:35.961+0200][gc,start    ] GC(12) Pause Young (Normal) (G1 Evacuation Pause)
[2022-10-11T10:46:35.961+0200][gc,task     ] GC(12) Using 8 workers of 8 for evacuation
[2022-10-11T10:46:35.970+0200][gc,phases   ] GC(12)   Pre Evacuate Collection Set: 0,2ms
[2022-10-11T10:46:35.970+0200][gc,phases   ] GC(12)   Merge Heap Roots: 0,2ms
[2022-10-11T10:46:35.970+0200][gc,phases   ] GC(12)   Evacuate Collection Set: 6,8ms
[2022-10-11T10:46:35.970+0200][gc,phases   ] GC(12)   Post Evacuate Collection Set: 1,6ms
[2022-10-11T10:46:35.970+0200][gc,phases   ] GC(12)   Other: 0,3ms
[2022-10-11T10:46:35.970+0200][gc,heap     ] GC(12) Eden regions: 193->0(320)
[2022-10-11T10:46:35.970+0200][gc,heap     ] GC(12) Survivor regions: 4->5(25)
[2022-10-11T10:46:35.970+0200][gc,heap     ] GC(12) Old regions: 15->15
[2022-10-11T10:46:35.970+0200][gc,heap     ] GC(12) Archive regions: 2->2
[2022-10-11T10:46:35.970+0200][gc,heap     ] GC(12) Humongous regions: 129->129
[2022-10-11T10:46:35.970+0200][gc,metaspace] GC(12) Metaspace: 41621K(42240K)->41621K(42240K) NonClass: 36721K(37056K)->36721K(37056K) Class: 4900K(5184K)->4900K(5184K)
[2022-10-11T10:46:35.970+0200][gc          ] GC(12) Pause Young (Normal) (G1 Evacuation Pause) 341M->148M(1024M) 9,325ms
[2022-10-11T10:46:35.970+0200][gc,cpu      ] GC(12) User=0,05s Sys=0,00s Real=0,01s
[2022-10-11T11:51:35.059+0200][gc,start    ] GC(13) Pause Young (Normal) (G1 Evacuation Pause)
[2022-10-11T11:51:35.059+0200][gc,task     ] GC(13) Using 8 workers of 8 for evacuation
[2022-10-11T11:51:35.072+0200][gc,phases   ] GC(13)   Pre Evacuate Collection Set: 0,2ms
[2022-10-11T11:51:35.072+0200][gc,phases   ] GC(13)   Merge Heap Roots: 0,1ms
[2022-10-11T11:51:35.072+0200][gc,phases   ] GC(13)   Evacuate Collection Set: 11,8ms
[2022-10-11T11:51:35.072+0200][gc,phases   ] GC(13)   Post Evacuate Collection Set: 0,8ms
[2022-10-11T11:51:35.072+0200][gc,phases   ] GC(13)   Other: 0,2ms
[2022-10-11T11:51:35.072+0200][gc,heap     ] GC(13) Eden regions: 320->0(272)
[2022-10-11T11:51:35.072+0200][gc,heap     ] GC(13) Survivor regions: 5->6(41)
[2022-10-11T11:51:35.072+0200][gc,heap     ] GC(13) Old regions: 15->15
[2022-10-11T11:51:35.072+0200][gc,heap     ] GC(13) Archive regions: 2->2
[2022-10-11T11:51:35.072+0200][gc,heap     ] GC(13) Humongous regions: 129->129
[2022-10-11T11:51:35.072+0200][gc,metaspace] GC(13) Metaspace: 43134K(43712K)->43134K(43712K) NonClass: 38131K(38464K)->38131K(38464K) Class: 5002K(5248K)->5002K(5248K)
[2022-10-11T11:51:35.072+0200][gc          ] GC(13) Pause Young (Normal) (G1 Evacuation Pause) 468M->150M(1024M) 13,136ms
[2022-10-11T11:51:35.072+0200][gc,cpu      ] GC(13) User=0,03s Sys=0,01s Real=0,01s
