[2022-10-30T09:14:17.341+0100][gc] Using G1
[2022-10-30T09:14:17.352+0100][gc,init] Version: 17.0.4+8-Ubuntu-122.04 (release)
[2022-10-30T09:14:17.352+0100][gc,init] CPUs: 8 total, 8 available
[2022-10-30T09:14:17.352+0100][gc,init] Memory: 32052M
[2022-10-30T09:14:17.352+0100][gc,init] Large Page Support: Disabled
[2022-10-30T09:14:17.352+0100][gc,init] NUMA Support: Disabled
[2022-10-30T09:14:17.352+0100][gc,init] Compressed Oops: Enabled (32-bit)
[2022-10-30T09:14:17.352+0100][gc,init] Heap Region Size: 1M
[2022-10-30T09:14:17.352+0100][gc,init] Heap Min Capacity: 1G
[2022-10-30T09:14:17.352+0100][gc,init] Heap Initial Capacity: 1G
[2022-10-30T09:14:17.352+0100][gc,init] Heap Max Capacity: 1G
[2022-10-30T09:14:17.352+0100][gc,init] Pre-touch: Disabled
[2022-10-30T09:14:17.352+0100][gc,init] Parallel Workers: 8
[2022-10-30T09:14:17.352+0100][gc,init] Concurrent Workers: 2
[2022-10-30T09:14:17.352+0100][gc,init] Concurrent Refinement Workers: 8
[2022-10-30T09:14:17.352+0100][gc,init] Periodic GC: Disabled
[2022-10-30T09:14:17.352+0100][gc,metaspace] CDS archive(s) mapped at: [0x0000000800000000-0x0000000800be3000-0x0000000800be3000), size 12464128, SharedBaseAddress: 0x0000000800000000, ArchiveRelocationMode: 0.
[2022-10-30T09:14:17.352+0100][gc,metaspace] Compressed class space mapped at: 0x0000000800c00000-0x0000000840c00000, reserved size: 1073741824
[2022-10-30T09:14:17.352+0100][gc,metaspace] Narrow klass base: 0x0000000800000000, Narrow klass shift: 0, Narrow klass range: 0x100000000
[2022-10-30T09:14:18.199+0100][gc,start    ] GC(0) Pause Young (Normal) (G1 Evacuation Pause)
[2022-10-30T09:14:18.200+0100][gc,task     ] GC(0) Using 8 workers of 8 for evacuation
[2022-10-30T09:14:18.205+0100][gc,phases   ] GC(0)   Pre Evacuate Collection Set: 0,1ms
[2022-10-30T09:14:18.205+0100][gc,phases   ] GC(0)   Merge Heap Roots: 0,1ms
[2022-10-30T09:14:18.205+0100][gc,phases   ] GC(0)   Evacuate Collection Set: 4,3ms
[2022-10-30T09:14:18.205+0100][gc,phases   ] GC(0)   Post Evacuate Collection Set: 0,4ms
[2022-10-30T09:14:18.205+0100][gc,phases   ] GC(0)   Other: 0,7ms
[2022-10-30T09:14:18.205+0100][gc,heap     ] GC(0) Eden regions: 51->0(44)
[2022-10-30T09:14:18.205+0100][gc,heap     ] GC(0) Survivor regions: 0->7(7)
[2022-10-30T09:14:18.205+0100][gc,heap     ] GC(0) Old regions: 0->1
[2022-10-30T09:14:18.205+0100][gc,heap     ] GC(0) Archive regions: 2->2
[2022-10-30T09:14:18.205+0100][gc,heap     ] GC(0) Humongous regions: 0->0
[2022-10-30T09:14:18.205+0100][gc,metaspace] GC(0) Metaspace: 18838K(19072K)->18838K(19072K) NonClass: 16574K(16704K)->16574K(16704K) Class: 2264K(2368K)->2264K(2368K)
[2022-10-30T09:14:18.205+0100][gc          ] GC(0) Pause Young (Normal) (G1 Evacuation Pause) 51M->8M(1024M) 5,773ms
[2022-10-30T09:14:18.205+0100][gc,cpu      ] GC(0) User=0,02s Sys=0,00s Real=0,01s
[2022-10-30T09:14:18.358+0100][gc,start    ] GC(1) Pause Young (Concurrent Start) (Metadata GC Threshold)
[2022-10-30T09:14:18.358+0100][gc,task     ] GC(1) Using 8 workers of 8 for evacuation
[2022-10-30T09:14:18.363+0100][gc,phases   ] GC(1)   Pre Evacuate Collection Set: 0,1ms
[2022-10-30T09:14:18.363+0100][gc,phases   ] GC(1)   Merge Heap Roots: 0,0ms
[2022-10-30T09:14:18.363+0100][gc,phases   ] GC(1)   Evacuate Collection Set: 3,6ms
[2022-10-30T09:14:18.363+0100][gc,phases   ] GC(1)   Post Evacuate Collection Set: 0,3ms
[2022-10-30T09:14:18.363+0100][gc,phases   ] GC(1)   Other: 0,2ms
[2022-10-30T09:14:18.363+0100][gc,heap     ] GC(1) Eden regions: 10->0(50)
[2022-10-30T09:14:18.363+0100][gc,heap     ] GC(1) Survivor regions: 7->1(7)
[2022-10-30T09:14:18.363+0100][gc,heap     ] GC(1) Old regions: 1->7
[2022-10-30T09:14:18.363+0100][gc,heap     ] GC(1) Archive regions: 2->2
[2022-10-30T09:14:18.363+0100][gc,heap     ] GC(1) Humongous regions: 0->0
[2022-10-30T09:14:18.363+0100][gc,metaspace] GC(1) Metaspace: 21293K(21504K)->21293K(21504K) NonClass: 18709K(18816K)->18709K(18816K) Class: 2584K(2688K)->2584K(2688K)
[2022-10-30T09:14:18.363+0100][gc          ] GC(1) Pause Young (Concurrent Start) (Metadata GC Threshold) 17M->8M(1024M) 4,259ms
[2022-10-30T09:14:18.363+0100][gc,cpu      ] GC(1) User=0,02s Sys=0,00s Real=0,01s
[2022-10-30T09:14:18.363+0100][gc          ] GC(2) Concurrent Mark Cycle
[2022-10-30T09:14:18.363+0100][gc,marking  ] GC(2) Concurrent Clear Claimed Marks
[2022-10-30T09:14:18.363+0100][gc,marking  ] GC(2) Concurrent Clear Claimed Marks 0,015ms
[2022-10-30T09:14:18.363+0100][gc,marking  ] GC(2) Concurrent Scan Root Regions
[2022-10-30T09:14:18.365+0100][gc,marking  ] GC(2) Concurrent Scan Root Regions 2,395ms
[2022-10-30T09:14:18.365+0100][gc,marking  ] GC(2) Concurrent Mark
[2022-10-30T09:14:18.365+0100][gc,marking  ] GC(2) Concurrent Mark From Roots
[2022-10-30T09:14:18.365+0100][gc,task     ] GC(2) Using 2 workers of 2 for marking
[2022-10-30T09:14:18.366+0100][gc,marking  ] GC(2) Concurrent Mark From Roots 1,310ms
[2022-10-30T09:14:18.366+0100][gc,marking  ] GC(2) Concurrent Preclean
[2022-10-30T09:14:18.367+0100][gc,marking  ] GC(2) Concurrent Preclean 0,097ms
[2022-10-30T09:14:18.367+0100][gc,start    ] GC(2) Pause Remark
[2022-10-30T09:14:18.368+0100][gc          ] GC(2) Pause Remark 9M->9M(1024M) 0,914ms
[2022-10-30T09:14:18.368+0100][gc,cpu      ] GC(2) User=0,01s Sys=0,00s Real=0,00s
[2022-10-30T09:14:18.368+0100][gc,marking  ] GC(2) Concurrent Mark 2,571ms
[2022-10-30T09:14:18.368+0100][gc,marking  ] GC(2) Concurrent Rebuild Remembered Sets
[2022-10-30T09:14:18.368+0100][gc,marking  ] GC(2) Concurrent Rebuild Remembered Sets 0,007ms
[2022-10-30T09:14:18.368+0100][gc,start    ] GC(2) Pause Cleanup
[2022-10-30T09:14:18.368+0100][gc          ] GC(2) Pause Cleanup 9M->9M(1024M) 0,011ms
[2022-10-30T09:14:18.368+0100][gc,cpu      ] GC(2) User=0,00s Sys=0,00s Real=0,00s
[2022-10-30T09:14:18.368+0100][gc,marking  ] GC(2) Concurrent Cleanup for Next Mark
[2022-10-30T09:14:18.372+0100][gc,marking  ] GC(2) Concurrent Cleanup for Next Mark 4,004ms
[2022-10-30T09:14:18.372+0100][gc          ] GC(2) Concurrent Mark Cycle 9,289ms
[2022-10-30T09:14:19.610+0100][gc,start    ] GC(3) Pause Young (Normal) (G1 Evacuation Pause)
[2022-10-30T09:14:19.610+0100][gc,task     ] GC(3) Using 8 workers of 8 for evacuation
[2022-10-30T09:14:19.614+0100][gc,phases   ] GC(3)   Pre Evacuate Collection Set: 0,1ms
[2022-10-30T09:14:19.614+0100][gc,phases   ] GC(3)   Merge Heap Roots: 0,0ms
[2022-10-30T09:14:19.614+0100][gc,phases   ] GC(3)   Evacuate Collection Set: 3,9ms
[2022-10-30T09:14:19.614+0100][gc,phases   ] GC(3)   Post Evacuate Collection Set: 0,4ms
[2022-10-30T09:14:19.614+0100][gc,phases   ] GC(3)   Other: 0,1ms
[2022-10-30T09:14:19.614+0100][gc,heap     ] GC(3) Eden regions: 50->0(44)
[2022-10-30T09:14:19.614+0100][gc,heap     ] GC(3) Survivor regions: 1->7(7)
[2022-10-30T09:14:19.614+0100][gc,heap     ] GC(3) Old regions: 7->7
[2022-10-30T09:14:19.614+0100][gc,heap     ] GC(3) Archive regions: 2->2
[2022-10-30T09:14:19.614+0100][gc,heap     ] GC(3) Humongous regions: 129->129
[2022-10-30T09:14:19.614+0100][gc,metaspace] GC(3) Metaspace: 30856K(31104K)->30856K(31104K) NonClass: 27307K(27456K)->27307K(27456K) Class: 3548K(3648K)->3548K(3648K)
[2022-10-30T09:14:19.614+0100][gc          ] GC(3) Pause Young (Normal) (G1 Evacuation Pause) 187M->143M(1024M) 4,675ms
[2022-10-30T09:14:19.614+0100][gc,cpu      ] GC(3) User=0,02s Sys=0,01s Real=0,00s
[2022-10-30T09:14:19.851+0100][gc,start    ] GC(4) Pause Young (Concurrent Start) (Metadata GC Threshold)
[2022-10-30T09:14:19.851+0100][gc,task     ] GC(4) Using 8 workers of 8 for evacuation
[2022-10-30T09:14:19.858+0100][gc,phases   ] GC(4)   Pre Evacuate Collection Set: 0,1ms
[2022-10-30T09:14:19.859+0100][gc,phases   ] GC(4)   Merge Heap Roots: 0,0ms
[2022-10-30T09:14:19.859+0100][gc,phases   ] GC(4)   Evacuate Collection Set: 6,8ms
[2022-10-30T09:14:19.859+0100][gc,phases   ] GC(4)   Post Evacuate Collection Set: 0,4ms
[2022-10-30T09:14:19.859+0100][gc,phases   ] GC(4)   Other: 0,1ms
[2022-10-30T09:14:19.859+0100][gc,heap     ] GC(4) Eden regions: 20->0(49)
[2022-10-30T09:14:19.859+0100][gc,heap     ] GC(4) Survivor regions: 7->2(7)
[2022-10-30T09:14:19.859+0100][gc,heap     ] GC(4) Old regions: 7->14
[2022-10-30T09:14:19.859+0100][gc,heap     ] GC(4) Archive regions: 2->2
[2022-10-30T09:14:19.859+0100][gc,heap     ] GC(4) Humongous regions: 129->129
[2022-10-30T09:14:19.859+0100][gc,metaspace] GC(4) Metaspace: 35719K(35968K)->35719K(35968K) NonClass: 31665K(31808K)->31665K(31808K) Class: 4053K(4160K)->4053K(4160K)
[2022-10-30T09:14:19.859+0100][gc          ] GC(4) Pause Young (Concurrent Start) (Metadata GC Threshold) 162M->145M(1024M) 7,618ms
[2022-10-30T09:14:19.859+0100][gc,cpu      ] GC(4) User=0,05s Sys=0,01s Real=0,00s
[2022-10-30T09:14:19.859+0100][gc          ] GC(5) Concurrent Mark Cycle
[2022-10-30T09:14:19.859+0100][gc,marking  ] GC(5) Concurrent Clear Claimed Marks
[2022-10-30T09:14:19.859+0100][gc,marking  ] GC(5) Concurrent Clear Claimed Marks 0,026ms
[2022-10-30T09:14:19.859+0100][gc,marking  ] GC(5) Concurrent Scan Root Regions
[2022-10-30T09:14:19.862+0100][gc,marking  ] GC(5) Concurrent Scan Root Regions 3,684ms
[2022-10-30T09:14:19.862+0100][gc,marking  ] GC(5) Concurrent Mark
[2022-10-30T09:14:19.862+0100][gc,marking  ] GC(5) Concurrent Mark From Roots
[2022-10-30T09:14:19.862+0100][gc,task     ] GC(5) Using 2 workers of 2 for marking
[2022-10-30T09:14:19.869+0100][gc,marking  ] GC(5) Concurrent Mark From Roots 6,131ms
[2022-10-30T09:14:19.869+0100][gc,marking  ] GC(5) Concurrent Preclean
[2022-10-30T09:14:19.869+0100][gc,marking  ] GC(5) Concurrent Preclean 0,189ms
[2022-10-30T09:14:19.870+0100][gc,start    ] GC(5) Pause Remark
[2022-10-30T09:14:19.871+0100][gc          ] GC(5) Pause Remark 145M->145M(1024M) 1,349ms
[2022-10-30T09:14:19.871+0100][gc,cpu      ] GC(5) User=0,00s Sys=0,00s Real=0,00s
[2022-10-30T09:14:19.871+0100][gc,marking  ] GC(5) Concurrent Mark 8,713ms
[2022-10-30T09:14:19.871+0100][gc,marking  ] GC(5) Concurrent Rebuild Remembered Sets
[2022-10-30T09:14:19.877+0100][gc,marking  ] GC(5) Concurrent Rebuild Remembered Sets 5,455ms
[2022-10-30T09:14:19.877+0100][gc,start    ] GC(5) Pause Cleanup
[2022-10-30T09:14:19.877+0100][gc          ] GC(5) Pause Cleanup 146M->146M(1024M) 0,149ms
[2022-10-30T09:14:19.877+0100][gc,cpu      ] GC(5) User=0,00s Sys=0,00s Real=0,00s
[2022-10-30T09:14:19.877+0100][gc,marking  ] GC(5) Concurrent Cleanup for Next Mark
[2022-10-30T09:14:19.890+0100][gc,marking  ] GC(5) Concurrent Cleanup for Next Mark 13,256ms
[2022-10-30T09:14:19.890+0100][gc          ] GC(5) Concurrent Mark Cycle 31,675ms
[2022-10-30T09:14:41.082+0100][gc,start    ] GC(6) Pause Young (Normal) (G1 Evacuation Pause)
[2022-10-30T09:14:41.082+0100][gc,task     ] GC(6) Using 8 workers of 8 for evacuation
[2022-10-30T09:14:41.094+0100][gc,phases   ] GC(6)   Pre Evacuate Collection Set: 0,2ms
[2022-10-30T09:14:41.094+0100][gc,phases   ] GC(6)   Merge Heap Roots: 0,1ms
[2022-10-30T09:14:41.094+0100][gc,phases   ] GC(6)   Evacuate Collection Set: 10,3ms
[2022-10-30T09:14:41.094+0100][gc,phases   ] GC(6)   Post Evacuate Collection Set: 1,5ms
[2022-10-30T09:14:41.094+0100][gc,phases   ] GC(6)   Other: 0,1ms
[2022-10-30T09:14:41.094+0100][gc,heap     ] GC(6) Eden regions: 49->0(46)
[2022-10-30T09:14:41.094+0100][gc,heap     ] GC(6) Survivor regions: 2->5(7)
[2022-10-30T09:14:41.094+0100][gc,heap     ] GC(6) Old regions: 14->14
[2022-10-30T09:14:41.094+0100][gc,heap     ] GC(6) Archive regions: 2->2
[2022-10-30T09:14:41.094+0100][gc,heap     ] GC(6) Humongous regions: 153->129
[2022-10-30T09:14:41.094+0100][gc,metaspace] GC(6) Metaspace: 41449K(42176K)->41449K(42176K) NonClass: 36519K(36928K)->36519K(36928K) Class: 4930K(5248K)->4930K(5248K)
[2022-10-30T09:14:41.094+0100][gc          ] GC(6) Pause Young (Normal) (G1 Evacuation Pause) 218M->147M(1024M) 12,376ms
[2022-10-30T09:14:41.094+0100][gc,cpu      ] GC(6) User=0,02s Sys=0,00s Real=0,01s
[2022-10-30T09:14:45.837+0100][gc,start    ] GC(7) Pause Young (Normal) (G1 Evacuation Pause)
[2022-10-30T09:14:45.837+0100][gc,task     ] GC(7) Using 8 workers of 8 for evacuation
[2022-10-30T09:14:45.846+0100][gc,phases   ] GC(7)   Pre Evacuate Collection Set: 0,1ms
[2022-10-30T09:14:45.846+0100][gc,phases   ] GC(7)   Merge Heap Roots: 0,1ms
[2022-10-30T09:14:45.846+0100][gc,phases   ] GC(7)   Evacuate Collection Set: 7,7ms
[2022-10-30T09:14:45.846+0100][gc,phases   ] GC(7)   Post Evacuate Collection Set: 1,1ms
[2022-10-30T09:14:45.846+0100][gc,phases   ] GC(7)   Other: 0,1ms
[2022-10-30T09:14:45.846+0100][gc,heap     ] GC(7) Eden regions: 46->0(46)
[2022-10-30T09:14:45.846+0100][gc,heap     ] GC(7) Survivor regions: 5->5(7)
[2022-10-30T09:14:45.846+0100][gc,heap     ] GC(7) Old regions: 14->15
[2022-10-30T09:14:45.846+0100][gc,heap     ] GC(7) Archive regions: 2->2
[2022-10-30T09:14:45.846+0100][gc,heap     ] GC(7) Humongous regions: 129->129
[2022-10-30T09:14:45.846+0100][gc,metaspace] GC(7) Metaspace: 42184K(42880K)->42184K(42880K) NonClass: 37253K(37632K)->37253K(37632K) Class: 4930K(5248K)->4930K(5248K)
[2022-10-30T09:14:45.846+0100][gc          ] GC(7) Pause Young (Normal) (G1 Evacuation Pause) 193M->149M(1024M) 9,254ms
[2022-10-30T09:14:45.846+0100][gc,cpu      ] GC(7) User=0,02s Sys=0,00s Real=0,01s
[2022-10-30T09:14:49.164+0100][gc,start    ] GC(8) Pause Young (Normal) (G1 Evacuation Pause)
[2022-10-30T09:14:49.164+0100][gc,task     ] GC(8) Using 8 workers of 8 for evacuation
[2022-10-30T09:14:49.174+0100][gc,phases   ] GC(8)   Pre Evacuate Collection Set: 0,2ms
[2022-10-30T09:14:49.174+0100][gc,phases   ] GC(8)   Merge Heap Roots: 0,1ms
[2022-10-30T09:14:49.174+0100][gc,phases   ] GC(8)   Evacuate Collection Set: 9,4ms
[2022-10-30T09:14:49.174+0100][gc,phases   ] GC(8)   Post Evacuate Collection Set: 0,5ms
[2022-10-30T09:14:49.174+0100][gc,phases   ] GC(8)   Other: 0,1ms
[2022-10-30T09:14:49.174+0100][gc,heap     ] GC(8) Eden regions: 46->0(47)
[2022-10-30T09:14:49.174+0100][gc,heap     ] GC(8) Survivor regions: 5->4(7)
[2022-10-30T09:14:49.174+0100][gc,heap     ] GC(8) Old regions: 15->18
[2022-10-30T09:14:49.174+0100][gc,heap     ] GC(8) Archive regions: 2->2
[2022-10-30T09:14:49.174+0100][gc,heap     ] GC(8) Humongous regions: 129->129
[2022-10-30T09:14:49.174+0100][gc,metaspace] GC(8) Metaspace: 42373K(43008K)->42373K(43008K) NonClass: 37413K(37760K)->37413K(37760K) Class: 4960K(5248K)->4960K(5248K)
[2022-10-30T09:14:49.174+0100][gc          ] GC(8) Pause Young (Normal) (G1 Evacuation Pause) 195M->150M(1024M) 10,540ms
[2022-10-30T09:14:49.174+0100][gc,cpu      ] GC(8) User=0,03s Sys=0,00s Real=0,01s
[2022-10-30T09:14:52.183+0100][gc,start    ] GC(9) Pause Young (Normal) (G1 Evacuation Pause)
[2022-10-30T09:14:52.183+0100][gc,task     ] GC(9) Using 8 workers of 8 for evacuation
[2022-10-30T09:14:52.188+0100][gc,phases   ] GC(9)   Pre Evacuate Collection Set: 0,2ms
[2022-10-30T09:14:52.188+0100][gc,phases   ] GC(9)   Merge Heap Roots: 0,1ms
[2022-10-30T09:14:52.188+0100][gc,phases   ] GC(9)   Evacuate Collection Set: 4,6ms
[2022-10-30T09:14:52.188+0100][gc,phases   ] GC(9)   Post Evacuate Collection Set: 0,2ms
[2022-10-30T09:14:52.188+0100][gc,phases   ] GC(9)   Other: 0,1ms
[2022-10-30T09:14:52.188+0100][gc,heap     ] GC(9) Eden regions: 47->0(46)
[2022-10-30T09:14:52.188+0100][gc,heap     ] GC(9) Survivor regions: 4->6(7)
[2022-10-30T09:14:52.188+0100][gc,heap     ] GC(9) Old regions: 18->18
[2022-10-30T09:14:52.188+0100][gc,heap     ] GC(9) Archive regions: 2->2
[2022-10-30T09:14:52.188+0100][gc,heap     ] GC(9) Humongous regions: 129->129
[2022-10-30T09:14:52.188+0100][gc,metaspace] GC(9) Metaspace: 42432K(43072K)->42432K(43072K) NonClass: 37460K(37824K)->37460K(37824K) Class: 4971K(5248K)->4971K(5248K)
[2022-10-30T09:14:52.188+0100][gc          ] GC(9) Pause Young (Normal) (G1 Evacuation Pause) 197M->152M(1024M) 5,273ms
[2022-10-30T09:14:52.188+0100][gc,cpu      ] GC(9) User=0,03s Sys=0,00s Real=0,00s
[2022-10-30T09:14:54.343+0100][gc,start    ] GC(10) Pause Young (Normal) (G1 Evacuation Pause)
[2022-10-30T09:14:54.343+0100][gc,task     ] GC(10) Using 8 workers of 8 for evacuation
[2022-10-30T09:14:54.349+0100][gc,phases   ] GC(10)   Pre Evacuate Collection Set: 0,1ms
[2022-10-30T09:14:54.349+0100][gc,phases   ] GC(10)   Merge Heap Roots: 0,1ms
[2022-10-30T09:14:54.349+0100][gc,phases   ] GC(10)   Evacuate Collection Set: 5,5ms
[2022-10-30T09:14:54.349+0100][gc,phases   ] GC(10)   Post Evacuate Collection Set: 0,3ms
[2022-10-30T09:14:54.349+0100][gc,phases   ] GC(10)   Other: 0,1ms
[2022-10-30T09:14:54.349+0100][gc,heap     ] GC(10) Eden regions: 46->0(92)
[2022-10-30T09:14:54.349+0100][gc,heap     ] GC(10) Survivor regions: 6->4(7)
[2022-10-30T09:14:54.349+0100][gc,heap     ] GC(10) Old regions: 18->21
[2022-10-30T09:14:54.349+0100][gc,heap     ] GC(10) Archive regions: 2->2
[2022-10-30T09:14:54.349+0100][gc,heap     ] GC(10) Humongous regions: 129->129
[2022-10-30T09:14:54.349+0100][gc,metaspace] GC(10) Metaspace: 42438K(43072K)->42438K(43072K) NonClass: 37466K(37824K)->37466K(37824K) Class: 4972K(5248K)->4972K(5248K)
[2022-10-30T09:14:54.349+0100][gc          ] GC(10) Pause Young (Normal) (G1 Evacuation Pause) 198M->154M(1024M) 6,181ms
[2022-10-30T09:14:54.349+0100][gc,cpu      ] GC(10) User=0,03s Sys=0,00s Real=0,01s
[2022-10-30T09:14:57.820+0100][gc,start    ] GC(11) Pause Young (Normal) (G1 Evacuation Pause)
[2022-10-30T09:14:57.820+0100][gc,task     ] GC(11) Using 8 workers of 8 for evacuation
[2022-10-30T09:14:57.829+0100][gc,phases   ] GC(11)   Pre Evacuate Collection Set: 0,2ms
[2022-10-30T09:14:57.829+0100][gc,phases   ] GC(11)   Merge Heap Roots: 0,1ms
[2022-10-30T09:14:57.829+0100][gc,phases   ] GC(11)   Evacuate Collection Set: 8,5ms
[2022-10-30T09:14:57.829+0100][gc,phases   ] GC(11)   Post Evacuate Collection Set: 0,3ms
[2022-10-30T09:14:57.829+0100][gc,phases   ] GC(11)   Other: 0,1ms
[2022-10-30T09:14:57.829+0100][gc,heap     ] GC(11) Eden regions: 75->0(88)
[2022-10-30T09:14:57.829+0100][gc,heap     ] GC(11) Survivor regions: 4->6(10)
[2022-10-30T09:14:57.829+0100][gc,heap     ] GC(11) Old regions: 21->21
[2022-10-30T09:14:57.829+0100][gc,heap     ] GC(11) Archive regions: 2->2
[2022-10-30T09:14:57.829+0100][gc,heap     ] GC(11) Humongous regions: 129->129
[2022-10-30T09:14:57.829+0100][gc,metaspace] GC(11) Metaspace: 42452K(43072K)->42452K(43072K) NonClass: 37480K(37824K)->37480K(37824K) Class: 4972K(5248K)->4972K(5248K)
[2022-10-30T09:14:57.829+0100][gc          ] GC(11) Pause Young (Normal) (G1 Evacuation Pause) 229M->155M(1024M) 9,308ms
[2022-10-30T09:14:57.829+0100][gc,cpu      ] GC(11) User=0,05s Sys=0,00s Real=0,02s
[2022-10-30T09:15:14.556+0100][gc,start    ] GC(12) Pause Young (Normal) (G1 Evacuation Pause)
[2022-10-30T09:15:14.557+0100][gc,task     ] GC(12) Using 8 workers of 8 for evacuation
[2022-10-30T09:15:14.564+0100][gc,phases   ] GC(12)   Pre Evacuate Collection Set: 0,1ms
[2022-10-30T09:15:14.564+0100][gc,phases   ] GC(12)   Merge Heap Roots: 0,1ms
[2022-10-30T09:15:14.564+0100][gc,phases   ] GC(12)   Evacuate Collection Set: 6,6ms
[2022-10-30T09:15:14.564+0100][gc,phases   ] GC(12)   Post Evacuate Collection Set: 0,3ms
[2022-10-30T09:15:14.564+0100][gc,phases   ] GC(12)   Other: 0,1ms
[2022-10-30T09:15:14.564+0100][gc,heap     ] GC(12) Eden regions: 76->0(114)
[2022-10-30T09:15:14.564+0100][gc,heap     ] GC(12) Survivor regions: 6->8(11)
[2022-10-30T09:15:14.564+0100][gc,heap     ] GC(12) Old regions: 21->21
[2022-10-30T09:15:14.564+0100][gc,heap     ] GC(12) Archive regions: 2->2
[2022-10-30T09:15:14.564+0100][gc,heap     ] GC(12) Humongous regions: 129->129
[2022-10-30T09:15:14.564+0100][gc,metaspace] GC(12) Metaspace: 42514K(43136K)->42514K(43136K) NonClass: 37531K(37888K)->37531K(37888K) Class: 4982K(5248K)->4982K(5248K)
[2022-10-30T09:15:14.564+0100][gc          ] GC(12) Pause Young (Normal) (G1 Evacuation Pause) 231M->157M(1024M) 7,322ms
[2022-10-30T09:15:14.564+0100][gc,cpu      ] GC(12) User=0,03s Sys=0,01s Real=0,01s
[2022-10-30T09:15:20.144+0100][gc,start    ] GC(13) Pause Young (Normal) (G1 Evacuation Pause)
[2022-10-30T09:15:20.144+0100][gc,task     ] GC(13) Using 8 workers of 8 for evacuation
[2022-10-30T09:15:20.161+0100][gc,phases   ] GC(13)   Pre Evacuate Collection Set: 0,1ms
[2022-10-30T09:15:20.161+0100][gc,phases   ] GC(13)   Merge Heap Roots: 0,1ms
[2022-10-30T09:15:20.161+0100][gc,phases   ] GC(13)   Evacuate Collection Set: 16,2ms
[2022-10-30T09:15:20.161+0100][gc,phases   ] GC(13)   Post Evacuate Collection Set: 0,3ms
[2022-10-30T09:15:20.161+0100][gc,phases   ] GC(13)   Other: 0,1ms
[2022-10-30T09:15:20.161+0100][gc,heap     ] GC(13) Eden regions: 114->0(158)
[2022-10-30T09:15:20.161+0100][gc,heap     ] GC(13) Survivor regions: 8->10(16)
[2022-10-30T09:15:20.161+0100][gc,heap     ] GC(13) Old regions: 21->21
[2022-10-30T09:15:20.161+0100][gc,heap     ] GC(13) Archive regions: 2->2
[2022-10-30T09:15:20.161+0100][gc,heap     ] GC(13) Humongous regions: 129->129
[2022-10-30T09:15:20.161+0100][gc,metaspace] GC(13) Metaspace: 42528K(43136K)->42528K(43136K) NonClass: 37545K(37888K)->37545K(37888K) Class: 4982K(5248K)->4982K(5248K)
[2022-10-30T09:15:20.161+0100][gc          ] GC(13) Pause Young (Normal) (G1 Evacuation Pause) 271M->160M(1024M) 16,914ms
[2022-10-30T09:15:20.161+0100][gc,cpu      ] GC(13) User=0,05s Sys=0,01s Real=0,02s
[2022-10-30T09:16:55.854+0100][gc,start    ] GC(14) Pause Young (Normal) (G1 Evacuation Pause)
[2022-10-30T09:16:55.854+0100][gc,task     ] GC(14) Using 8 workers of 8 for evacuation
[2022-10-30T09:16:55.862+0100][gc,phases   ] GC(14)   Pre Evacuate Collection Set: 0,1ms
[2022-10-30T09:16:55.862+0100][gc,phases   ] GC(14)   Merge Heap Roots: 0,1ms
[2022-10-30T09:16:55.862+0100][gc,phases   ] GC(14)   Evacuate Collection Set: 7,1ms
[2022-10-30T09:16:55.862+0100][gc,phases   ] GC(14)   Post Evacuate Collection Set: 0,3ms
[2022-10-30T09:16:55.862+0100][gc,phases   ] GC(14)   Other: 0,1ms
[2022-10-30T09:16:55.862+0100][gc,heap     ] GC(14) Eden regions: 158->0(185)
[2022-10-30T09:16:55.862+0100][gc,heap     ] GC(14) Survivor regions: 10->14(21)
[2022-10-30T09:16:55.862+0100][gc,heap     ] GC(14) Old regions: 21->21
[2022-10-30T09:16:55.862+0100][gc,heap     ] GC(14) Archive regions: 2->2
[2022-10-30T09:16:55.862+0100][gc,heap     ] GC(14) Humongous regions: 129->129
[2022-10-30T09:16:55.862+0100][gc,metaspace] GC(14) Metaspace: 42624K(43264K)->42624K(43264K) NonClass: 37641K(38016K)->37641K(38016K) Class: 4982K(5248K)->4982K(5248K)
[2022-10-30T09:16:55.862+0100][gc          ] GC(14) Pause Young (Normal) (G1 Evacuation Pause) 318M->163M(1024M) 7,812ms
[2022-10-30T09:16:55.862+0100][gc,cpu      ] GC(14) User=0,05s Sys=0,01s Real=0,01s
[2022-10-30T09:17:13.723+0100][gc,start    ] GC(15) Pause Young (Normal) (G1 Evacuation Pause)
[2022-10-30T09:17:13.723+0100][gc,task     ] GC(15) Using 8 workers of 8 for evacuation
[2022-10-30T09:17:13.742+0100][gc,phases   ] GC(15)   Pre Evacuate Collection Set: 0,2ms
[2022-10-30T09:17:13.742+0100][gc,phases   ] GC(15)   Merge Heap Roots: 0,1ms
[2022-10-30T09:17:13.742+0100][gc,phases   ] GC(15)   Evacuate Collection Set: 18,4ms
[2022-10-30T09:17:13.742+0100][gc,phases   ] GC(15)   Post Evacuate Collection Set: 0,5ms
[2022-10-30T09:17:13.742+0100][gc,phases   ] GC(15)   Other: 0,1ms
[2022-10-30T09:17:13.742+0100][gc,heap     ] GC(15) Eden regions: 185->0(138)
[2022-10-30T09:17:13.742+0100][gc,heap     ] GC(15) Survivor regions: 14->17(25)
[2022-10-30T09:17:13.742+0100][gc,heap     ] GC(15) Old regions: 21->23
[2022-10-30T09:17:13.742+0100][gc,heap     ] GC(15) Archive regions: 2->2
[2022-10-30T09:17:13.742+0100][gc,heap     ] GC(15) Humongous regions: 129->129
[2022-10-30T09:17:13.742+0100][gc,metaspace] GC(15) Metaspace: 42643K(43264K)->42643K(43264K) NonClass: 37660K(38016K)->37660K(38016K) Class: 4982K(5248K)->4982K(5248K)
[2022-10-30T09:17:13.742+0100][gc          ] GC(15) Pause Young (Normal) (G1 Evacuation Pause) 348M->168M(1024M) 19,400ms
[2022-10-30T09:17:13.742+0100][gc,cpu      ] GC(15) User=0,07s Sys=0,00s Real=0,02s
[2022-10-30T09:17:32.469+0100][gc,start    ] GC(16) Pause Young (Normal) (G1 Evacuation Pause)
[2022-10-30T09:17:32.470+0100][gc,task     ] GC(16) Using 8 workers of 8 for evacuation
[2022-10-30T09:17:32.490+0100][gc,mmu      ] GC(16) MMU target violated: 20,9ms (20,0ms/21,0ms)
[2022-10-30T09:17:32.490+0100][gc,phases   ] GC(16)   Pre Evacuate Collection Set: 0,1ms
[2022-10-30T09:17:32.490+0100][gc,phases   ] GC(16)   Merge Heap Roots: 0,1ms
[2022-10-30T09:17:32.491+0100][gc,phases   ] GC(16)   Evacuate Collection Set: 20,2ms
[2022-10-30T09:17:32.491+0100][gc,phases   ] GC(16)   Post Evacuate Collection Set: 0,4ms
[2022-10-30T09:17:32.491+0100][gc,phases   ] GC(16)   Other: 0,2ms
[2022-10-30T09:17:32.491+0100][gc,heap     ] GC(16) Eden regions: 104->0(262)
[2022-10-30T09:17:32.491+0100][gc,heap     ] GC(16) Survivor regions: 17->9(16)
[2022-10-30T09:17:32.491+0100][gc,heap     ] GC(16) Old regions: 23->33
[2022-10-30T09:17:32.491+0100][gc,heap     ] GC(16) Archive regions: 2->2
[2022-10-30T09:17:32.491+0100][gc,heap     ] GC(16) Humongous regions: 129->129
[2022-10-30T09:17:32.491+0100][gc,metaspace] GC(16) Metaspace: 42660K(43264K)->42660K(43264K) NonClass: 37678K(38016K)->37678K(38016K) Class: 4982K(5248K)->4982K(5248K)
[2022-10-30T09:17:32.491+0100][gc          ] GC(16) Pause Young (Normal) (G1 Evacuation Pause) 272M->171M(1024M) 21,125ms
[2022-10-30T09:17:32.491+0100][gc,cpu      ] GC(16) User=0,07s Sys=0,00s Real=0,02s
[2022-10-30T09:17:42.564+0100][gc,start    ] GC(17) Pause Young (Normal) (G1 Evacuation Pause)
[2022-10-30T09:17:42.564+0100][gc,task     ] GC(17) Using 8 workers of 8 for evacuation
[2022-10-30T09:17:42.586+0100][gc,mmu      ] GC(17) MMU target violated: 21,0ms (20,0ms/21,0ms)
[2022-10-30T09:17:42.586+0100][gc,phases   ] GC(17)   Pre Evacuate Collection Set: 0,2ms
[2022-10-30T09:17:42.586+0100][gc,phases   ] GC(17)   Merge Heap Roots: 0,1ms
[2022-10-30T09:17:42.586+0100][gc,phases   ] GC(17)   Evacuate Collection Set: 22,0ms
[2022-10-30T09:17:42.586+0100][gc,phases   ] GC(17)   Post Evacuate Collection Set: 0,3ms
[2022-10-30T09:17:42.586+0100][gc,phases   ] GC(17)   Other: 0,2ms
[2022-10-30T09:17:42.586+0100][gc,heap     ] GC(17) Eden regions: 231->0(143)
[2022-10-30T09:17:42.587+0100][gc,heap     ] GC(17) Survivor regions: 9->12(30)
[2022-10-30T09:17:42.587+0100][gc,heap     ] GC(17) Old regions: 33->33
[2022-10-30T09:17:42.587+0100][gc,heap     ] GC(17) Archive regions: 2->2
[2022-10-30T09:17:42.587+0100][gc,heap     ] GC(17) Humongous regions: 129->129
[2022-10-30T09:17:42.587+0100][gc,metaspace] GC(17) Metaspace: 42671K(43328K)->42671K(43328K) NonClass: 37688K(38080K)->37688K(38080K) Class: 4982K(5248K)->4982K(5248K)
[2022-10-30T09:17:42.587+0100][gc          ] GC(17) Pause Young (Normal) (G1 Evacuation Pause) 402M->174M(1024M) 22,884ms
[2022-10-30T09:17:42.587+0100][gc,cpu      ] GC(17) User=0,06s Sys=0,00s Real=0,02s
[2022-10-30T09:40:37.963+0100][gc,start    ] GC(18) Pause Young (Normal) (G1 Evacuation Pause)
[2022-10-30T09:40:37.963+0100][gc,task     ] GC(18) Using 8 workers of 8 for evacuation
[2022-10-30T09:40:38.007+0100][gc,mmu      ] GC(18) MMU target violated: 21,0ms (20,0ms/21,0ms)
[2022-10-30T09:40:38.007+0100][gc,phases   ] GC(18)   Pre Evacuate Collection Set: 0,4ms
[2022-10-30T09:40:38.007+0100][gc,phases   ] GC(18)   Merge Heap Roots: 0,3ms
[2022-10-30T09:40:38.007+0100][gc,phases   ] GC(18)   Evacuate Collection Set: 42,2ms
[2022-10-30T09:40:38.007+0100][gc,phases   ] GC(18)   Post Evacuate Collection Set: 1,1ms
[2022-10-30T09:40:38.007+0100][gc,phases   ] GC(18)   Other: 0,5ms
[2022-10-30T09:40:38.007+0100][gc,heap     ] GC(18) Eden regions: 143->0(34)
[2022-10-30T09:40:38.007+0100][gc,heap     ] GC(18) Survivor regions: 12->17(20)
[2022-10-30T09:40:38.007+0100][gc,heap     ] GC(18) Old regions: 33->39
[2022-10-30T09:40:38.008+0100][gc,heap     ] GC(18) Archive regions: 2->2
[2022-10-30T09:40:38.008+0100][gc,heap     ] GC(18) Humongous regions: 129->129
[2022-10-30T09:40:38.008+0100][gc,metaspace] GC(18) Metaspace: 42954K(43584K)->42954K(43584K) NonClass: 37950K(38272K)->37950K(38272K) Class: 5004K(5312K)->5004K(5312K)
[2022-10-30T09:40:38.008+0100][gc          ] GC(18) Pause Young (Normal) (G1 Evacuation Pause) 317M->184M(1024M) 44,775ms
[2022-10-30T09:40:38.008+0100][gc,cpu      ] GC(18) User=0,32s Sys=0,00s Real=0,04s
[2022-10-30T09:47:43.279+0100][gc,start    ] GC(19) Pause Young (Normal) (G1 Evacuation Pause)
[2022-10-30T09:47:43.279+0100][gc,task     ] GC(19) Using 8 workers of 8 for evacuation
[2022-10-30T09:47:43.289+0100][gc,phases   ] GC(19)   Pre Evacuate Collection Set: 0,1ms
[2022-10-30T09:47:43.289+0100][gc,phases   ] GC(19)   Merge Heap Roots: 0,1ms
[2022-10-30T09:47:43.289+0100][gc,phases   ] GC(19)   Evacuate Collection Set: 9,8ms
[2022-10-30T09:47:43.289+0100][gc,phases   ] GC(19)   Post Evacuate Collection Set: 0,3ms
[2022-10-30T09:47:43.289+0100][gc,phases   ] GC(19)   Other: 0,1ms
[2022-10-30T09:47:43.289+0100][gc,heap     ] GC(19) Eden regions: 34->0(131)
[2022-10-30T09:47:43.289+0100][gc,heap     ] GC(19) Survivor regions: 17->5(7)
[2022-10-30T09:47:43.289+0100][gc,heap     ] GC(19) Old regions: 39->53
[2022-10-30T09:47:43.289+0100][gc,heap     ] GC(19) Archive regions: 2->2
[2022-10-30T09:47:43.289+0100][gc,heap     ] GC(19) Humongous regions: 129->129
[2022-10-30T09:47:43.289+0100][gc,metaspace] GC(19) Metaspace: 43000K(43712K)->43000K(43712K) NonClass: 37996K(38400K)->37996K(38400K) Class: 5004K(5312K)->5004K(5312K)
[2022-10-30T09:47:43.289+0100][gc          ] GC(19) Pause Young (Normal) (G1 Evacuation Pause) 218M->187M(1024M) 10,444ms
[2022-10-30T09:47:43.290+0100][gc,cpu      ] GC(19) User=0,07s Sys=0,00s Real=0,02s
[2022-10-30T10:15:00.756+0100][gc,start    ] GC(20) Pause Young (Normal) (G1 Evacuation Pause)
[2022-10-30T10:15:00.757+0100][gc,task     ] GC(20) Using 8 workers of 8 for evacuation
[2022-10-30T10:15:00.784+0100][gc,mmu      ] GC(20) MMU target violated: 21,0ms (20,0ms/21,0ms)
[2022-10-30T10:15:00.784+0100][gc,phases   ] GC(20)   Pre Evacuate Collection Set: 0,4ms
[2022-10-30T10:15:00.784+0100][gc,phases   ] GC(20)   Merge Heap Roots: 0,3ms
[2022-10-30T10:15:00.784+0100][gc,phases   ] GC(20)   Evacuate Collection Set: 25,8ms
[2022-10-30T10:15:00.784+0100][gc,phases   ] GC(20)   Post Evacuate Collection Set: 0,4ms
[2022-10-30T10:15:00.784+0100][gc,phases   ] GC(20)   Other: 0,3ms
[2022-10-30T10:15:00.784+0100][gc,heap     ] GC(20) Eden regions: 131->0(35)
[2022-10-30T10:15:00.784+0100][gc,heap     ] GC(20) Survivor regions: 5->16(17)
[2022-10-30T10:15:00.784+0100][gc,heap     ] GC(20) Old regions: 53->53
[2022-10-30T10:15:00.784+0100][gc,heap     ] GC(20) Archive regions: 2->2
[2022-10-30T10:15:00.784+0100][gc,heap     ] GC(20) Humongous regions: 129->129
[2022-10-30T10:15:00.784+0100][gc,metaspace] GC(20) Metaspace: 43121K(43776K)->43121K(43776K) NonClass: 38114K(38464K)->38114K(38464K) Class: 5007K(5312K)->5007K(5312K)
[2022-10-30T10:15:00.784+0100][gc          ] GC(20) Pause Young (Normal) (G1 Evacuation Pause) 318M->198M(1024M) 27,342ms
[2022-10-30T10:15:00.784+0100][gc,cpu      ] GC(20) User=0,18s Sys=0,00s Real=0,03s
[2022-10-30T10:22:34.549+0100][gc,start    ] GC(21) Pause Young (Normal) (G1 Evacuation Pause)
[2022-10-30T10:22:34.549+0100][gc,task     ] GC(21) Using 8 workers of 8 for evacuation
[2022-10-30T10:22:34.602+0100][gc,mmu      ] GC(21) MMU target violated: 21,0ms (20,0ms/21,0ms)
[2022-10-30T10:22:34.602+0100][gc,phases   ] GC(21)   Pre Evacuate Collection Set: 0,4ms
[2022-10-30T10:22:34.602+0100][gc,phases   ] GC(21)   Merge Heap Roots: 0,2ms
[2022-10-30T10:22:34.602+0100][gc,phases   ] GC(21)   Evacuate Collection Set: 51,6ms
[2022-10-30T10:22:34.602+0100][gc,phases   ] GC(21)   Post Evacuate Collection Set: 0,7ms
[2022-10-30T10:22:34.602+0100][gc,phases   ] GC(21)   Other: 0,4ms
[2022-10-30T10:22:34.602+0100][gc,heap     ] GC(21) Eden regions: 35->0(54)
[2022-10-30T10:22:34.602+0100][gc,heap     ] GC(21) Survivor regions: 16->4(7)
[2022-10-30T10:22:34.602+0100][gc,heap     ] GC(21) Old regions: 53->68
[2022-10-30T10:22:34.602+0100][gc,heap     ] GC(21) Archive regions: 2->2
[2022-10-30T10:22:34.602+0100][gc,heap     ] GC(21) Humongous regions: 129->129
[2022-10-30T10:22:34.602+0100][gc,metaspace] GC(21) Metaspace: 43144K(43776K)->43144K(43776K) NonClass: 38136K(38464K)->38136K(38464K) Class: 5007K(5312K)->5007K(5312K)
[2022-10-30T10:22:34.602+0100][gc          ] GC(21) Pause Young (Normal) (G1 Evacuation Pause) 233M->201M(1024M) 53,583ms
[2022-10-30T10:22:34.602+0100][gc,cpu      ] GC(21) User=0,24s Sys=0,02s Real=0,05s
[2022-10-30T10:24:17.801+0100][gc,start    ] GC(22) Pause Young (Normal) (G1 Evacuation Pause)
[2022-10-30T10:24:17.801+0100][gc,task     ] GC(22) Using 8 workers of 8 for evacuation
[2022-10-30T10:24:17.809+0100][gc,phases   ] GC(22)   Pre Evacuate Collection Set: 0,1ms
[2022-10-30T10:24:17.809+0100][gc,phases   ] GC(22)   Merge Heap Roots: 0,1ms
[2022-10-30T10:24:17.809+0100][gc,phases   ] GC(22)   Evacuate Collection Set: 6,9ms
[2022-10-30T10:24:17.809+0100][gc,phases   ] GC(22)   Post Evacuate Collection Set: 0,5ms
[2022-10-30T10:24:17.809+0100][gc,phases   ] GC(22)   Other: 0,1ms
[2022-10-30T10:24:17.809+0100][gc,heap     ] GC(22) Eden regions: 54->0(59)
[2022-10-30T10:24:17.809+0100][gc,heap     ] GC(22) Survivor regions: 4->6(8)
[2022-10-30T10:24:17.809+0100][gc,heap     ] GC(22) Old regions: 68->68
[2022-10-30T10:24:17.809+0100][gc,heap     ] GC(22) Archive regions: 2->2
[2022-10-30T10:24:17.809+0100][gc,heap     ] GC(22) Humongous regions: 129->129
[2022-10-30T10:24:17.809+0100][gc,metaspace] GC(22) Metaspace: 43150K(43776K)->43150K(43776K) NonClass: 38142K(38464K)->38142K(38464K) Class: 5007K(5312K)->5007K(5312K)
[2022-10-30T10:24:17.809+0100][gc          ] GC(22) Pause Young (Normal) (G1 Evacuation Pause) 255M->202M(1024M) 7,770ms
[2022-10-30T10:24:17.809+0100][gc,cpu      ] GC(22) User=0,03s Sys=0,00s Real=0,01s
[2022-10-30T10:24:20.870+0100][gc,start    ] GC(23) Pause Young (Normal) (G1 Evacuation Pause)
[2022-10-30T10:24:20.871+0100][gc,task     ] GC(23) Using 8 workers of 8 for evacuation
[2022-10-30T10:24:20.880+0100][gc,phases   ] GC(23)   Pre Evacuate Collection Set: 0,1ms
[2022-10-30T10:24:20.880+0100][gc,phases   ] GC(23)   Merge Heap Roots: 0,1ms
[2022-10-30T10:24:20.880+0100][gc,phases   ] GC(23)   Evacuate Collection Set: 9,0ms
[2022-10-30T10:24:20.880+0100][gc,phases   ] GC(23)   Post Evacuate Collection Set: 0,6ms
[2022-10-30T10:24:20.880+0100][gc,phases   ] GC(23)   Other: 0,1ms
[2022-10-30T10:24:20.880+0100][gc,heap     ] GC(23) Eden regions: 59->0(100)
[2022-10-30T10:24:20.880+0100][gc,heap     ] GC(23) Survivor regions: 6->6(9)
[2022-10-30T10:24:20.880+0100][gc,heap     ] GC(23) Old regions: 68->69
[2022-10-30T10:24:20.880+0100][gc,heap     ] GC(23) Archive regions: 2->2
[2022-10-30T10:24:20.880+0100][gc,heap     ] GC(23) Humongous regions: 129->129
[2022-10-30T10:24:20.880+0100][gc,metaspace] GC(23) Metaspace: 43150K(43776K)->43150K(43776K) NonClass: 38142K(38464K)->38142K(38464K) Class: 5007K(5312K)->5007K(5312K)
[2022-10-30T10:24:20.881+0100][gc          ] GC(23) Pause Young (Normal) (G1 Evacuation Pause) 261M->204M(1024M) 10,052ms
[2022-10-30T10:24:20.881+0100][gc,cpu      ] GC(23) User=0,03s Sys=0,00s Real=0,01s
[2022-10-30T10:24:25.244+0100][gc,start    ] GC(24) Pause Young (Normal) (G1 Evacuation Pause)
[2022-10-30T10:24:25.244+0100][gc,task     ] GC(24) Using 8 workers of 8 for evacuation
[2022-10-30T10:24:25.254+0100][gc,phases   ] GC(24)   Pre Evacuate Collection Set: 0,2ms
[2022-10-30T10:24:25.254+0100][gc,phases   ] GC(24)   Merge Heap Roots: 0,1ms
[2022-10-30T10:24:25.254+0100][gc,phases   ] GC(24)   Evacuate Collection Set: 9,0ms
[2022-10-30T10:24:25.254+0100][gc,phases   ] GC(24)   Post Evacuate Collection Set: 0,7ms
[2022-10-30T10:24:25.254+0100][gc,phases   ] GC(24)   Other: 0,3ms
[2022-10-30T10:24:25.254+0100][gc,heap     ] GC(24) Eden regions: 100->0(108)
[2022-10-30T10:24:25.254+0100][gc,heap     ] GC(24) Survivor regions: 6->9(14)
[2022-10-30T10:24:25.254+0100][gc,heap     ] GC(24) Old regions: 69->69
[2022-10-30T10:24:25.254+0100][gc,heap     ] GC(24) Archive regions: 2->2
[2022-10-30T10:24:25.254+0100][gc,heap     ] GC(24) Humongous regions: 129->129
[2022-10-30T10:24:25.254+0100][gc,metaspace] GC(24) Metaspace: 43151K(43776K)->43151K(43776K) NonClass: 38143K(38464K)->38143K(38464K) Class: 5007K(5312K)->5007K(5312K)
[2022-10-30T10:24:25.254+0100][gc          ] GC(24) Pause Young (Normal) (G1 Evacuation Pause) 304M->206M(1024M) 10,489ms
[2022-10-30T10:24:25.254+0100][gc,cpu      ] GC(24) User=0,03s Sys=0,00s Real=0,01s
[2022-10-30T10:24:43.243+0100][gc,start    ] GC(25) Pause Young (Normal) (G1 Evacuation Pause)
[2022-10-30T10:24:43.243+0100][gc,task     ] GC(25) Using 8 workers of 8 for evacuation
[2022-10-30T10:24:43.257+0100][gc,phases   ] GC(25)   Pre Evacuate Collection Set: 0,2ms
[2022-10-30T10:24:43.257+0100][gc,phases   ] GC(25)   Merge Heap Roots: 0,1ms
[2022-10-30T10:24:43.257+0100][gc,phases   ] GC(25)   Evacuate Collection Set: 13,2ms
[2022-10-30T10:24:43.257+0100][gc,phases   ] GC(25)   Post Evacuate Collection Set: 0,3ms
[2022-10-30T10:24:43.257+0100][gc,phases   ] GC(25)   Other: 0,1ms
[2022-10-30T10:24:43.257+0100][gc,heap     ] GC(25) Eden regions: 108->0(191)
[2022-10-30T10:24:43.257+0100][gc,heap     ] GC(25) Survivor regions: 9->8(15)
[2022-10-30T10:24:43.257+0100][gc,heap     ] GC(25) Old regions: 69->72
[2022-10-30T10:24:43.257+0100][gc,heap     ] GC(25) Archive regions: 2->2
[2022-10-30T10:24:43.257+0100][gc,heap     ] GC(25) Humongous regions: 129->129
[2022-10-30T10:24:43.257+0100][gc,metaspace] GC(25) Metaspace: 43155K(43840K)->43155K(43840K) NonClass: 38148K(38528K)->38148K(38528K) Class: 5007K(5312K)->5007K(5312K)
[2022-10-30T10:24:43.257+0100][gc          ] GC(25) Pause Young (Normal) (G1 Evacuation Pause) 314M->208M(1024M) 14,038ms
[2022-10-30T10:24:43.257+0100][gc,cpu      ] GC(25) User=0,03s Sys=0,01s Real=0,01s
[2022-10-30T10:24:50.929+0100][gc,start    ] GC(26) Pause Young (Normal) (G1 Evacuation Pause)
[2022-10-30T10:24:50.929+0100][gc,task     ] GC(26) Using 8 workers of 8 for evacuation
[2022-10-30T10:24:50.935+0100][gc,phases   ] GC(26)   Pre Evacuate Collection Set: 0,1ms
[2022-10-30T10:24:50.935+0100][gc,phases   ] GC(26)   Merge Heap Roots: 0,1ms
[2022-10-30T10:24:50.935+0100][gc,phases   ] GC(26)   Evacuate Collection Set: 5,8ms
[2022-10-30T10:24:50.935+0100][gc,phases   ] GC(26)   Post Evacuate Collection Set: 0,4ms
[2022-10-30T10:24:50.935+0100][gc,phases   ] GC(26)   Other: 0,1ms
[2022-10-30T10:24:50.935+0100][gc,heap     ] GC(26) Eden regions: 191->0(226)
[2022-10-30T10:24:50.935+0100][gc,heap     ] GC(26) Survivor regions: 8->11(25)
[2022-10-30T10:24:50.935+0100][gc,heap     ] GC(26) Old regions: 72->72
[2022-10-30T10:24:50.935+0100][gc,heap     ] GC(26) Archive regions: 2->2
[2022-10-30T10:24:50.935+0100][gc,heap     ] GC(26) Humongous regions: 129->129
[2022-10-30T10:24:50.935+0100][gc,metaspace] GC(26) Metaspace: 43160K(43840K)->43160K(43840K) NonClass: 38152K(38528K)->38152K(38528K) Class: 5007K(5312K)->5007K(5312K)
[2022-10-30T10:24:50.935+0100][gc          ] GC(26) Pause Young (Normal) (G1 Evacuation Pause) 399M->211M(1024M) 6,512ms
[2022-10-30T10:24:50.935+0100][gc,cpu      ] GC(26) User=0,03s Sys=0,00s Real=0,00s
[2022-10-30T10:44:41.619+0100][gc,start    ] GC(27) Pause Young (Normal) (G1 Evacuation Pause)
[2022-10-30T10:44:41.619+0100][gc,task     ] GC(27) Using 8 workers of 8 for evacuation
[2022-10-30T10:44:41.655+0100][gc,mmu      ] GC(27) MMU target violated: 21,0ms (20,0ms/21,0ms)
[2022-10-30T10:44:41.655+0100][gc,phases   ] GC(27)   Pre Evacuate Collection Set: 0,2ms
[2022-10-30T10:44:41.655+0100][gc,phases   ] GC(27)   Merge Heap Roots: 0,1ms
[2022-10-30T10:44:41.655+0100][gc,phases   ] GC(27)   Evacuate Collection Set: 34,7ms
[2022-10-30T10:44:41.655+0100][gc,phases   ] GC(27)   Post Evacuate Collection Set: 0,5ms
[2022-10-30T10:44:41.655+0100][gc,phases   ] GC(27)   Other: 0,2ms
[2022-10-30T10:44:41.655+0100][gc,heap     ] GC(27) Eden regions: 226->0(38)
[2022-10-30T10:44:41.655+0100][gc,heap     ] GC(27) Survivor regions: 11->24(30)
[2022-10-30T10:44:41.655+0100][gc,heap     ] GC(27) Old regions: 72->72
[2022-10-30T10:44:41.655+0100][gc,heap     ] GC(27) Archive regions: 2->2
[2022-10-30T10:44:41.655+0100][gc,heap     ] GC(27) Humongous regions: 129->129
[2022-10-30T10:44:41.655+0100][gc,metaspace] GC(27) Metaspace: 43168K(43840K)->43168K(43840K) NonClass: 38160K(38528K)->38160K(38528K) Class: 5007K(5312K)->5007K(5312K)
[2022-10-30T10:44:41.655+0100][gc          ] GC(27) Pause Young (Normal) (G1 Evacuation Pause) 437M->224M(1024M) 35,759ms
[2022-10-30T10:44:41.655+0100][gc,cpu      ] GC(27) User=0,08s Sys=0,00s Real=0,04s
[2022-10-30T10:44:43.346+0100][gc,start    ] GC(28) Pause Young (Normal) (G1 Evacuation Pause)
[2022-10-30T10:44:43.347+0100][gc,task     ] GC(28) Using 8 workers of 8 for evacuation
[2022-10-30T10:44:43.364+0100][gc,phases   ] GC(28)   Pre Evacuate Collection Set: 0,1ms
[2022-10-30T10:44:43.364+0100][gc,phases   ] GC(28)   Merge Heap Roots: 0,1ms
[2022-10-30T10:44:43.364+0100][gc,phases   ] GC(28)   Evacuate Collection Set: 16,8ms
[2022-10-30T10:44:43.364+0100][gc,phases   ] GC(28)   Post Evacuate Collection Set: 0,3ms
[2022-10-30T10:44:43.364+0100][gc,phases   ] GC(28)   Other: 0,1ms
[2022-10-30T10:44:43.364+0100][gc,heap     ] GC(28) Eden regions: 38->0(333)
[2022-10-30T10:44:43.364+0100][gc,heap     ] GC(28) Survivor regions: 24->4(8)
[2022-10-30T10:44:43.364+0100][gc,heap     ] GC(28) Old regions: 72->94
[2022-10-30T10:44:43.364+0100][gc,heap     ] GC(28) Archive regions: 2->2
[2022-10-30T10:44:43.364+0100][gc,heap     ] GC(28) Humongous regions: 129->129
[2022-10-30T10:44:43.364+0100][gc,metaspace] GC(28) Metaspace: 43168K(43840K)->43168K(43840K) NonClass: 38160K(38528K)->38160K(38528K) Class: 5007K(5312K)->5007K(5312K)
[2022-10-30T10:44:43.364+0100][gc          ] GC(28) Pause Young (Normal) (G1 Evacuation Pause) 262M->227M(1024M) 17,441ms
[2022-10-30T10:44:43.364+0100][gc,cpu      ] GC(28) User=0,08s Sys=0,02s Real=0,02s
[2022-10-30T10:45:10.295+0100][gc,start    ] GC(29) Pause Young (Normal) (G1 Evacuation Pause)
[2022-10-30T10:45:10.295+0100][gc,task     ] GC(29) Using 8 workers of 8 for evacuation
[2022-10-30T10:45:10.313+0100][gc,phases   ] GC(29)   Pre Evacuate Collection Set: 0,2ms
[2022-10-30T10:45:10.313+0100][gc,phases   ] GC(29)   Merge Heap Roots: 0,1ms
[2022-10-30T10:45:10.313+0100][gc,phases   ] GC(29)   Evacuate Collection Set: 16,3ms
[2022-10-30T10:45:10.313+0100][gc,phases   ] GC(29)   Post Evacuate Collection Set: 0,4ms
[2022-10-30T10:45:10.313+0100][gc,phases   ] GC(29)   Other: 0,2ms
[2022-10-30T10:45:10.313+0100][gc,heap     ] GC(29) Eden regions: 333->0(208)
[2022-10-30T10:45:10.313+0100][gc,heap     ] GC(29) Survivor regions: 4->12(43)
[2022-10-30T10:45:10.313+0100][gc,heap     ] GC(29) Old regions: 94->94
[2022-10-30T10:45:10.313+0100][gc,heap     ] GC(29) Archive regions: 2->2
[2022-10-30T10:45:10.313+0100][gc,heap     ] GC(29) Humongous regions: 129->129
[2022-10-30T10:45:10.313+0100][gc,metaspace] GC(29) Metaspace: 43178K(43840K)->43178K(43840K) NonClass: 38171K(38528K)->38171K(38528K) Class: 5007K(5312K)->5007K(5312K)
[2022-10-30T10:45:10.313+0100][gc          ] GC(29) Pause Young (Normal) (G1 Evacuation Pause) 560M->234M(1024M) 17,289ms
[2022-10-30T10:45:10.313+0100][gc,cpu      ] GC(29) User=0,05s Sys=0,01s Real=0,02s
[2022-10-30T10:52:02.674+0100][gc,start    ] GC(30) Pause Young (Normal) (G1 Evacuation Pause)
[2022-10-30T10:52:02.674+0100][gc,task     ] GC(30) Using 8 workers of 8 for evacuation
[2022-10-30T10:52:02.695+0100][gc,mmu      ] GC(30) MMU target violated: 21,0ms (20,0ms/21,0ms)
[2022-10-30T10:52:02.695+0100][gc,phases   ] GC(30)   Pre Evacuate Collection Set: 0,2ms
[2022-10-30T10:52:02.695+0100][gc,phases   ] GC(30)   Merge Heap Roots: 0,1ms
[2022-10-30T10:52:02.695+0100][gc,phases   ] GC(30)   Evacuate Collection Set: 21,1ms
[2022-10-30T10:52:02.695+0100][gc,phases   ] GC(30)   Post Evacuate Collection Set: 0,3ms
[2022-10-30T10:52:02.695+0100][gc,phases   ] GC(30)   Other: 0,2ms
[2022-10-30T10:52:02.695+0100][gc,heap     ] GC(30) Eden regions: 203->0(75)
[2022-10-30T10:52:02.695+0100][gc,heap     ] GC(30) Survivor regions: 12->19(27)
[2022-10-30T10:52:02.695+0100][gc,heap     ] GC(30) Old regions: 94->94
[2022-10-30T10:52:02.695+0100][gc,heap     ] GC(30) Archive regions: 2->2
[2022-10-30T10:52:02.695+0100][gc,heap     ] GC(30) Humongous regions: 129->129
[2022-10-30T10:52:02.695+0100][gc,metaspace] GC(30) Metaspace: 43190K(43840K)->43190K(43840K) NonClass: 38183K(38528K)->38183K(38528K) Class: 5007K(5312K)->5007K(5312K)
[2022-10-30T10:52:02.695+0100][gc          ] GC(30) Pause Young (Normal) (G1 Evacuation Pause) 437M->242M(1024M) 21,869ms
[2022-10-30T10:52:02.695+0100][gc,cpu      ] GC(30) User=0,07s Sys=0,00s Real=0,02s
[2022-10-30T10:52:06.971+0100][gc,start    ] GC(31) Pause Young (Normal) (G1 Evacuation Pause)
[2022-10-30T10:52:06.971+0100][gc,task     ] GC(31) Using 8 workers of 8 for evacuation
[2022-10-30T10:52:06.985+0100][gc,phases   ] GC(31)   Pre Evacuate Collection Set: 0,1ms
[2022-10-30T10:52:06.985+0100][gc,phases   ] GC(31)   Merge Heap Roots: 0,1ms
[2022-10-30T10:52:06.985+0100][gc,phases   ] GC(31)   Evacuate Collection Set: 12,9ms
[2022-10-30T10:52:06.985+0100][gc,phases   ] GC(31)   Post Evacuate Collection Set: 0,4ms
[2022-10-30T10:52:06.985+0100][gc,phases   ] GC(31)   Other: 0,1ms
[2022-10-30T10:52:06.985+0100][gc,heap     ] GC(31) Eden regions: 71->0(299)
[2022-10-30T10:52:06.985+0100][gc,heap     ] GC(31) Survivor regions: 19->6(12)
[2022-10-30T10:52:06.985+0100][gc,heap     ] GC(31) Old regions: 94->112
[2022-10-30T10:52:06.985+0100][gc,heap     ] GC(31) Archive regions: 2->2
[2022-10-30T10:52:06.985+0100][gc,heap     ] GC(31) Humongous regions: 129->129
[2022-10-30T10:52:06.985+0100][gc,metaspace] GC(31) Metaspace: 43192K(43840K)->43192K(43840K) NonClass: 38184K(38528K)->38184K(38528K) Class: 5007K(5312K)->5007K(5312K)
[2022-10-30T10:52:06.985+0100][gc          ] GC(31) Pause Young (Normal) (G1 Evacuation Pause) 313M->247M(1024M) 13,719ms
[2022-10-30T10:52:06.985+0100][gc,cpu      ] GC(31) User=0,07s Sys=0,02s Real=0,01s
[2022-10-30T10:52:33.506+0100][gc,start    ] GC(32) Pause Young (Normal) (G1 Evacuation Pause)
[2022-10-30T10:52:33.506+0100][gc,task     ] GC(32) Using 8 workers of 8 for evacuation
[2022-10-30T10:52:33.521+0100][gc,phases   ] GC(32)   Pre Evacuate Collection Set: 0,1ms
[2022-10-30T10:52:33.521+0100][gc,phases   ] GC(32)   Merge Heap Roots: 0,1ms
[2022-10-30T10:52:33.521+0100][gc,phases   ] GC(32)   Evacuate Collection Set: 13,6ms
[2022-10-30T10:52:33.521+0100][gc,phases   ] GC(32)   Post Evacuate Collection Set: 0,4ms
[2022-10-30T10:52:33.521+0100][gc,phases   ] GC(32)   Other: 0,1ms
[2022-10-30T10:52:33.521+0100][gc,heap     ] GC(32) Eden regions: 299->0(224)
[2022-10-30T10:52:33.521+0100][gc,heap     ] GC(32) Survivor regions: 6->13(39)
[2022-10-30T10:52:33.521+0100][gc,heap     ] GC(32) Old regions: 112->112
[2022-10-30T10:52:33.521+0100][gc,heap     ] GC(32) Archive regions: 2->2
[2022-10-30T10:52:33.521+0100][gc,heap     ] GC(32) Humongous regions: 129->129
[2022-10-30T10:52:33.521+0100][gc,metaspace] GC(32) Metaspace: 43193K(43840K)->43193K(43840K) NonClass: 38185K(38528K)->38185K(38528K) Class: 5007K(5312K)->5007K(5312K)
[2022-10-30T10:52:33.521+0100][gc          ] GC(32) Pause Young (Normal) (G1 Evacuation Pause) 546M->254M(1024M) 14,503ms
[2022-10-30T10:52:33.521+0100][gc,cpu      ] GC(32) User=0,05s Sys=0,00s Real=0,02s
[2022-10-30T11:03:01.514+0100][gc,start    ] GC(33) Pause Young (Normal) (G1 Evacuation Pause)
[2022-10-30T11:03:01.514+0100][gc,task     ] GC(33) Using 8 workers of 8 for evacuation
[2022-10-30T11:03:01.535+0100][gc,mmu      ] GC(33) MMU target violated: 20,7ms (20,0ms/21,0ms)
[2022-10-30T11:03:01.535+0100][gc,phases   ] GC(33)   Pre Evacuate Collection Set: 0,6ms
[2022-10-30T11:03:01.535+0100][gc,phases   ] GC(33)   Merge Heap Roots: 0,3ms
[2022-10-30T11:03:01.535+0100][gc,phases   ] GC(33)   Evacuate Collection Set: 19,6ms
[2022-10-30T11:03:01.535+0100][gc,phases   ] GC(33)   Post Evacuate Collection Set: 0,3ms
[2022-10-30T11:03:01.535+0100][gc,phases   ] GC(33)   Other: 0,3ms
[2022-10-30T11:03:01.535+0100][gc,heap     ] GC(33) Eden regions: 224->0(34)
[2022-10-30T11:03:01.535+0100][gc,heap     ] GC(33) Survivor regions: 13->21(30)
[2022-10-30T11:03:01.535+0100][gc,heap     ] GC(33) Old regions: 112->112
[2022-10-30T11:03:01.535+0100][gc,heap     ] GC(33) Archive regions: 2->2
[2022-10-30T11:03:01.535+0100][gc,heap     ] GC(33) Humongous regions: 129->129
[2022-10-30T11:03:01.535+0100][gc,metaspace] GC(33) Metaspace: 43195K(43840K)->43195K(43840K) NonClass: 38187K(38528K)->38187K(38528K) Class: 5007K(5312K)->5007K(5312K)
[2022-10-30T11:03:01.535+0100][gc          ] GC(33) Pause Young (Normal) (G1 Evacuation Pause) 478M->262M(1024M) 21,068ms
[2022-10-30T11:03:01.535+0100][gc,cpu      ] GC(33) User=0,11s Sys=0,00s Real=0,02s
[2022-10-30T11:04:10.923+0100][gc,start    ] GC(34) Pause Young (Normal) (G1 Evacuation Pause)
[2022-10-30T11:04:10.923+0100][gc,task     ] GC(34) Using 8 workers of 8 for evacuation
[2022-10-30T11:04:10.947+0100][gc,mmu      ] GC(34) MMU target violated: 21,0ms (20,0ms/21,0ms)
[2022-10-30T11:04:10.947+0100][gc,phases   ] GC(34)   Pre Evacuate Collection Set: 0,2ms
[2022-10-30T11:04:10.947+0100][gc,phases   ] GC(34)   Merge Heap Roots: 0,1ms
[2022-10-30T11:04:10.947+0100][gc,phases   ] GC(34)   Evacuate Collection Set: 23,0ms
[2022-10-30T11:04:10.947+0100][gc,phases   ] GC(34)   Post Evacuate Collection Set: 0,8ms
[2022-10-30T11:04:10.947+0100][gc,phases   ] GC(34)   Other: 0,2ms
[2022-10-30T11:04:10.947+0100][gc,heap     ] GC(34) Eden regions: 34->0(298)
[2022-10-30T11:04:10.947+0100][gc,heap     ] GC(34) Survivor regions: 21->5(7)
[2022-10-30T11:04:10.947+0100][gc,heap     ] GC(34) Old regions: 112->130
[2022-10-30T11:04:10.947+0100][gc,heap     ] GC(34) Archive regions: 2->2
[2022-10-30T11:04:10.947+0100][gc,heap     ] GC(34) Humongous regions: 129->129
[2022-10-30T11:04:10.947+0100][gc,metaspace] GC(34) Metaspace: 43201K(43840K)->43201K(43840K) NonClass: 38193K(38528K)->38193K(38528K) Class: 5007K(5312K)->5007K(5312K)
[2022-10-30T11:04:10.947+0100][gc          ] GC(34) Pause Young (Normal) (G1 Evacuation Pause) 296M->264M(1024M) 24,353ms
[2022-10-30T11:04:10.947+0100][gc,cpu      ] GC(34) User=0,08s Sys=0,01s Real=0,02s
[2022-10-30T11:04:36.515+0100][gc,start    ] GC(35) Pause Young (Normal) (G1 Evacuation Pause)
[2022-10-30T11:04:36.515+0100][gc,task     ] GC(35) Using 8 workers of 8 for evacuation
[2022-10-30T11:04:36.527+0100][gc,phases   ] GC(35)   Pre Evacuate Collection Set: 0,1ms
[2022-10-30T11:04:36.527+0100][gc,phases   ] GC(35)   Merge Heap Roots: 0,1ms
[2022-10-30T11:04:36.527+0100][gc,phases   ] GC(35)   Evacuate Collection Set: 11,6ms
[2022-10-30T11:04:36.527+0100][gc,phases   ] GC(35)   Post Evacuate Collection Set: 0,4ms
[2022-10-30T11:04:36.527+0100][gc,phases   ] GC(35)   Other: 0,1ms
[2022-10-30T11:04:36.527+0100][gc,heap     ] GC(35) Eden regions: 298->0(221)
[2022-10-30T11:04:36.527+0100][gc,heap     ] GC(35) Survivor regions: 5->14(38)
[2022-10-30T11:04:36.527+0100][gc,heap     ] GC(35) Old regions: 130->130
[2022-10-30T11:04:36.527+0100][gc,heap     ] GC(35) Archive regions: 2->2
[2022-10-30T11:04:36.527+0100][gc,heap     ] GC(35) Humongous regions: 129->129
[2022-10-30T11:04:36.527+0100][gc,metaspace] GC(35) Metaspace: 43224K(43840K)->43224K(43840K) NonClass: 38216K(38528K)->38216K(38528K) Class: 5007K(5312K)->5007K(5312K)
[2022-10-30T11:04:36.528+0100][gc          ] GC(35) Pause Young (Normal) (G1 Evacuation Pause) 562M->273M(1024M) 12,440ms
[2022-10-30T11:04:36.528+0100][gc,cpu      ] GC(35) User=0,05s Sys=0,00s Real=0,01s
[2022-10-30T11:04:56.845+0100][gc,start    ] GC(36) Pause Young (Normal) (G1 Evacuation Pause)
[2022-10-30T11:04:56.845+0100][gc,task     ] GC(36) Using 8 workers of 8 for evacuation
[2022-10-30T11:04:56.855+0100][gc,phases   ] GC(36)   Pre Evacuate Collection Set: 0,1ms
[2022-10-30T11:04:56.855+0100][gc,phases   ] GC(36)   Merge Heap Roots: 0,1ms
[2022-10-30T11:04:56.855+0100][gc,phases   ] GC(36)   Evacuate Collection Set: 9,5ms
[2022-10-30T11:04:56.855+0100][gc,phases   ] GC(36)   Post Evacuate Collection Set: 0,3ms
[2022-10-30T11:04:56.855+0100][gc,phases   ] GC(36)   Other: 0,1ms
[2022-10-30T11:04:56.855+0100][gc,heap     ] GC(36) Eden regions: 221->0(221)
[2022-10-30T11:04:56.855+0100][gc,heap     ] GC(36) Survivor regions: 14->18(30)
[2022-10-30T11:04:56.855+0100][gc,heap     ] GC(36) Old regions: 130->130
[2022-10-30T11:04:56.855+0100][gc,heap     ] GC(36) Archive regions: 2->2
[2022-10-30T11:04:56.855+0100][gc,heap     ] GC(36) Humongous regions: 129->129
[2022-10-30T11:04:56.855+0100][gc,metaspace] GC(36) Metaspace: 43229K(43840K)->43229K(43840K) NonClass: 38222K(38528K)->38222K(38528K) Class: 5007K(5312K)->5007K(5312K)
[2022-10-30T11:04:56.855+0100][gc          ] GC(36) Pause Young (Normal) (G1 Evacuation Pause) 494M->277M(1024M) 10,188ms
[2022-10-30T11:04:56.856+0100][gc,cpu      ] GC(36) User=0,06s Sys=0,00s Real=0,01s
[2022-10-30T11:46:10.756+0100][gc,start    ] GC(37) Pause Young (Normal) (G1 Evacuation Pause)
[2022-10-30T11:46:10.756+0100][gc,task     ] GC(37) Using 8 workers of 8 for evacuation
[2022-10-30T11:46:10.777+0100][gc,mmu      ] GC(37) MMU target violated: 20,7ms (20,0ms/21,0ms)
[2022-10-30T11:46:10.777+0100][gc,phases   ] GC(37)   Pre Evacuate Collection Set: 0,3ms
[2022-10-30T11:46:10.777+0100][gc,phases   ] GC(37)   Merge Heap Roots: 0,3ms
[2022-10-30T11:46:10.777+0100][gc,phases   ] GC(37)   Evacuate Collection Set: 19,6ms
[2022-10-30T11:46:10.777+0100][gc,phases   ] GC(37)   Post Evacuate Collection Set: 0,5ms
[2022-10-30T11:46:10.777+0100][gc,phases   ] GC(37)   Other: 0,2ms
[2022-10-30T11:46:10.777+0100][gc,heap     ] GC(37) Eden regions: 221->0(121)
[2022-10-30T11:46:10.777+0100][gc,heap     ] GC(37) Survivor regions: 18->23(30)
[2022-10-30T11:46:10.777+0100][gc,heap     ] GC(37) Old regions: 130->133
[2022-10-30T11:46:10.777+0100][gc,heap     ] GC(37) Archive regions: 2->2
[2022-10-30T11:46:10.777+0100][gc,heap     ] GC(37) Humongous regions: 129->129
[2022-10-30T11:46:10.777+0100][gc,metaspace] GC(37) Metaspace: 43272K(43968K)->43272K(43968K) NonClass: 38265K(38656K)->38265K(38656K) Class: 5007K(5312K)->5007K(5312K)
[2022-10-30T11:46:10.777+0100][gc          ] GC(37) Pause Young (Normal) (G1 Evacuation Pause) 498M->285M(1024M) 20,939ms
[2022-10-30T11:46:10.777+0100][gc,cpu      ] GC(37) User=0,12s Sys=0,01s Real=0,02s
[2022-10-30T11:49:30.518+0100][gc,start    ] GC(38) Pause Young (Normal) (G1 Evacuation Pause)
[2022-10-30T11:49:30.518+0100][gc,task     ] GC(38) Using 8 workers of 8 for evacuation
[2022-10-30T11:49:30.541+0100][gc,mmu      ] GC(38) MMU target violated: 21,0ms (20,0ms/21,0ms)
[2022-10-30T11:49:30.541+0100][gc,phases   ] GC(38)   Pre Evacuate Collection Set: 0,1ms
[2022-10-30T11:49:30.541+0100][gc,phases   ] GC(38)   Merge Heap Roots: 0,1ms
[2022-10-30T11:49:30.541+0100][gc,phases   ] GC(38)   Evacuate Collection Set: 22,4ms
[2022-10-30T11:49:30.541+0100][gc,phases   ] GC(38)   Post Evacuate Collection Set: 0,4ms
[2022-10-30T11:49:30.541+0100][gc,phases   ] GC(38)   Other: 0,2ms
[2022-10-30T11:49:30.541+0100][gc,heap     ] GC(38) Eden regions: 117->0(354)
[2022-10-30T11:49:30.541+0100][gc,heap     ] GC(38) Survivor regions: 23->11(18)
[2022-10-30T11:49:30.541+0100][gc,heap     ] GC(38) Old regions: 133->148
[2022-10-30T11:49:30.541+0100][gc,heap     ] GC(38) Archive regions: 2->2
[2022-10-30T11:49:30.541+0100][gc,heap     ] GC(38) Humongous regions: 129->129
[2022-10-30T11:49:30.541+0100][gc,metaspace] GC(38) Metaspace: 43282K(43968K)->43282K(43968K) NonClass: 38275K(38656K)->38275K(38656K) Class: 5007K(5312K)->5007K(5312K)
[2022-10-30T11:49:30.541+0100][gc          ] GC(38) Pause Young (Normal) (G1 Evacuation Pause) 402M->287M(1024M) 23,250ms
[2022-10-30T11:49:30.541+0100][gc,cpu      ] GC(38) User=0,08s Sys=0,01s Real=0,03s
[2022-10-30T11:49:58.380+0100][gc,start    ] GC(39) Pause Young (Normal) (G1 Evacuation Pause)
[2022-10-30T11:49:58.380+0100][gc,task     ] GC(39) Using 8 workers of 8 for evacuation
[2022-10-30T11:49:58.391+0100][gc,phases   ] GC(39)   Pre Evacuate Collection Set: 0,1ms
[2022-10-30T11:49:58.391+0100][gc,phases   ] GC(39)   Merge Heap Roots: 0,2ms
[2022-10-30T11:49:58.391+0100][gc,phases   ] GC(39)   Evacuate Collection Set: 10,9ms
[2022-10-30T11:49:58.391+0100][gc,phases   ] GC(39)   Post Evacuate Collection Set: 0,4ms
[2022-10-30T11:49:58.391+0100][gc,phases   ] GC(39)   Other: 0,1ms
[2022-10-30T11:49:58.391+0100][gc,heap     ] GC(39) Eden regions: 354->0(581)
[2022-10-30T11:49:58.391+0100][gc,heap     ] GC(39) Survivor regions: 11->12(46)
[2022-10-30T11:49:58.391+0100][gc,heap     ] GC(39) Old regions: 148->148
[2022-10-30T11:49:58.391+0100][gc,heap     ] GC(39) Archive regions: 2->2
[2022-10-30T11:49:58.391+0100][gc,heap     ] GC(39) Humongous regions: 129->129
[2022-10-30T11:49:58.391+0100][gc,metaspace] GC(39) Metaspace: 43290K(43968K)->43290K(43968K) NonClass: 38282K(38656K)->38282K(38656K) Class: 5007K(5312K)->5007K(5312K)
[2022-10-30T11:49:58.391+0100][gc          ] GC(39) Pause Young (Normal) (G1 Evacuation Pause) 641M->288M(1024M) 11,837ms
[2022-10-30T11:49:58.391+0100][gc,cpu      ] GC(39) User=0,05s Sys=0,01s Real=0,02s
[2022-10-30T11:51:24.538+0100][gc,start    ] GC(40) Pause Young (Normal) (G1 Evacuation Pause)
[2022-10-30T11:51:24.538+0100][gc,task     ] GC(40) Using 8 workers of 8 for evacuation
[2022-10-30T11:51:24.559+0100][gc,mmu      ] GC(40) MMU target violated: 20,5ms (20,0ms/21,0ms)
[2022-10-30T11:51:24.559+0100][gc,phases   ] GC(40)   Pre Evacuate Collection Set: 0,1ms
[2022-10-30T11:51:24.559+0100][gc,phases   ] GC(40)   Merge Heap Roots: 0,1ms
[2022-10-30T11:51:24.559+0100][gc,phases   ] GC(40)   Evacuate Collection Set: 19,7ms
[2022-10-30T11:51:24.559+0100][gc,phases   ] GC(40)   Post Evacuate Collection Set: 0,4ms
[2022-10-30T11:51:24.559+0100][gc,phases   ] GC(40)   Other: 0,2ms
[2022-10-30T11:51:24.559+0100][gc,heap     ] GC(40) Eden regions: 581->0(306)
[2022-10-30T11:51:24.559+0100][gc,heap     ] GC(40) Survivor regions: 12->14(75)
[2022-10-30T11:51:24.559+0100][gc,heap     ] GC(40) Old regions: 148->148
[2022-10-30T11:51:24.559+0100][gc,heap     ] GC(40) Archive regions: 2->2
[2022-10-30T11:51:24.559+0100][gc,heap     ] GC(40) Humongous regions: 129->129
[2022-10-30T11:51:24.559+0100][gc,metaspace] GC(40) Metaspace: 43293K(43968K)->43293K(43968K) NonClass: 38286K(38656K)->38286K(38656K) Class: 5007K(5312K)->5007K(5312K)
[2022-10-30T11:51:24.559+0100][gc          ] GC(40) Pause Young (Normal) (G1 Evacuation Pause) 869M->291M(1024M) 20,778ms
[2022-10-30T11:51:24.559+0100][gc,cpu      ] GC(40) User=0,06s Sys=0,00s Real=0,02s
[2022-10-30T12:34:34.836+0100][gc,start    ] GC(41) Pause Young (Normal) (G1 Evacuation Pause)
[2022-10-30T12:34:34.836+0100][gc,task     ] GC(41) Using 8 workers of 8 for evacuation
[2022-10-30T12:34:34.845+0100][gc,phases   ] GC(41)   Pre Evacuate Collection Set: 0,1ms
[2022-10-30T12:34:34.845+0100][gc,phases   ] GC(41)   Merge Heap Roots: 0,1ms
[2022-10-30T12:34:34.845+0100][gc,phases   ] GC(41)   Evacuate Collection Set: 8,1ms
[2022-10-30T12:34:34.845+0100][gc,phases   ] GC(41)   Post Evacuate Collection Set: 0,4ms
[2022-10-30T12:34:34.845+0100][gc,phases   ] GC(41)   Other: 0,1ms
[2022-10-30T12:34:34.845+0100][gc,heap     ] GC(41) Eden regions: 306->0(413)
[2022-10-30T12:34:34.845+0100][gc,heap     ] GC(41) Survivor regions: 14->16(40)
[2022-10-30T12:34:34.845+0100][gc,heap     ] GC(41) Old regions: 148->148
[2022-10-30T12:34:34.845+0100][gc,heap     ] GC(41) Archive regions: 2->2
[2022-10-30T12:34:34.845+0100][gc,heap     ] GC(41) Humongous regions: 129->129
[2022-10-30T12:34:34.845+0100][gc,metaspace] GC(41) Metaspace: 43299K(43968K)->43299K(43968K) NonClass: 38291K(38656K)->38291K(38656K) Class: 5007K(5312K)->5007K(5312K)
[2022-10-30T12:34:34.845+0100][gc          ] GC(41) Pause Young (Normal) (G1 Evacuation Pause) 597M->292M(1024M) 8,884ms
[2022-10-30T12:34:34.845+0100][gc,cpu      ] GC(41) User=0,05s Sys=0,00s Real=0,01s
[2022-10-30T12:37:39.418+0100][gc,start    ] GC(42) Pause Young (Normal) (G1 Evacuation Pause)
[2022-10-30T12:37:39.418+0100][gc,task     ] GC(42) Using 8 workers of 8 for evacuation
[2022-10-30T12:37:39.433+0100][gc,phases   ] GC(42)   Pre Evacuate Collection Set: 0,1ms
[2022-10-30T12:37:39.433+0100][gc,phases   ] GC(42)   Merge Heap Roots: 0,1ms
[2022-10-30T12:37:39.433+0100][gc,phases   ] GC(42)   Evacuate Collection Set: 13,9ms
[2022-10-30T12:37:39.433+0100][gc,phases   ] GC(42)   Post Evacuate Collection Set: 0,7ms
[2022-10-30T12:37:39.433+0100][gc,phases   ] GC(42)   Other: 0,1ms
[2022-10-30T12:37:39.433+0100][gc,heap     ] GC(42) Eden regions: 413->0(598)
[2022-10-30T12:37:39.433+0100][gc,heap     ] GC(42) Survivor regions: 16->16(54)
[2022-10-30T12:37:39.433+0100][gc,heap     ] GC(42) Old regions: 148->148
[2022-10-30T12:37:39.433+0100][gc,heap     ] GC(42) Archive regions: 2->2
[2022-10-30T12:37:39.433+0100][gc,heap     ] GC(42) Humongous regions: 129->129
[2022-10-30T12:37:39.433+0100][gc,metaspace] GC(42) Metaspace: 43310K(43968K)->43310K(43968K) NonClass: 38302K(38656K)->38302K(38656K) Class: 5007K(5312K)->5007K(5312K)
[2022-10-30T12:37:39.433+0100][gc          ] GC(42) Pause Young (Normal) (G1 Evacuation Pause) 705M->293M(1024M) 15,129ms
[2022-10-30T12:37:39.433+0100][gc,cpu      ] GC(42) User=0,05s Sys=0,00s Real=0,02s
[2022-10-30T12:48:58.732+0100][gc,start    ] GC(43) Pause Young (Normal) (G1 Evacuation Pause)
[2022-10-30T12:48:58.732+0100][gc,task     ] GC(43) Using 8 workers of 8 for evacuation
[2022-10-30T12:48:58.748+0100][gc,phases   ] GC(43)   Pre Evacuate Collection Set: 0,1ms
[2022-10-30T12:48:58.748+0100][gc,phases   ] GC(43)   Merge Heap Roots: 0,2ms
[2022-10-30T12:48:58.748+0100][gc,phases   ] GC(43)   Evacuate Collection Set: 14,4ms
[2022-10-30T12:48:58.748+0100][gc,phases   ] GC(43)   Post Evacuate Collection Set: 0,5ms
[2022-10-30T12:48:58.748+0100][gc,phases   ] GC(43)   Other: 0,2ms
[2022-10-30T12:48:58.748+0100][gc,heap     ] GC(43) Eden regions: 598->0(595)
[2022-10-30T12:48:58.748+0100][gc,heap     ] GC(43) Survivor regions: 16->19(77)
[2022-10-30T12:48:58.748+0100][gc,heap     ] GC(43) Old regions: 148->148
[2022-10-30T12:48:58.748+0100][gc,heap     ] GC(43) Archive regions: 2->2
[2022-10-30T12:48:58.748+0100][gc,heap     ] GC(43) Humongous regions: 129->129
[2022-10-30T12:48:58.748+0100][gc,metaspace] GC(43) Metaspace: 43323K(43968K)->43323K(43968K) NonClass: 38315K(38656K)->38315K(38656K) Class: 5007K(5312K)->5007K(5312K)
[2022-10-30T12:48:58.748+0100][gc          ] GC(43) Pause Young (Normal) (G1 Evacuation Pause) 891M->295M(1024M) 15,468ms
[2022-10-30T12:48:58.748+0100][gc,cpu      ] GC(43) User=0,06s Sys=0,02s Real=0,01s
[2022-10-30T12:54:41.829+0100][gc,start    ] GC(44) Pause Young (Normal) (G1 Evacuation Pause)
[2022-10-30T12:54:41.829+0100][gc,task     ] GC(44) Using 8 workers of 8 for evacuation
[2022-10-30T12:54:41.845+0100][gc,phases   ] GC(44)   Pre Evacuate Collection Set: 0,1ms
[2022-10-30T12:54:41.845+0100][gc,phases   ] GC(44)   Merge Heap Roots: 0,2ms
[2022-10-30T12:54:41.845+0100][gc,phases   ] GC(44)   Evacuate Collection Set: 15,5ms
[2022-10-30T12:54:41.845+0100][gc,phases   ] GC(44)   Post Evacuate Collection Set: 0,6ms
[2022-10-30T12:54:41.845+0100][gc,phases   ] GC(44)   Other: 0,1ms
[2022-10-30T12:54:41.845+0100][gc,heap     ] GC(44) Eden regions: 595->0(592)
[2022-10-30T12:54:41.845+0100][gc,heap     ] GC(44) Survivor regions: 19->22(77)
[2022-10-30T12:54:41.845+0100][gc,heap     ] GC(44) Old regions: 148->148
[2022-10-30T12:54:41.845+0100][gc,heap     ] GC(44) Archive regions: 2->2
[2022-10-30T12:54:41.845+0100][gc,heap     ] GC(44) Humongous regions: 130->130
[2022-10-30T12:54:41.845+0100][gc,metaspace] GC(44) Metaspace: 43331K(44032K)->43331K(44032K) NonClass: 38324K(38720K)->38324K(38720K) Class: 5007K(5312K)->5007K(5312K)
[2022-10-30T12:54:41.845+0100][gc          ] GC(44) Pause Young (Normal) (G1 Evacuation Pause) 891M->299M(1024M) 16,571ms
[2022-10-30T12:54:41.845+0100][gc,cpu      ] GC(44) User=0,06s Sys=0,01s Real=0,01s
[2022-10-30T12:57:36.977+0100][gc,start    ] GC(45) Pause Young (Normal) (G1 Evacuation Pause)
[2022-10-30T12:57:36.977+0100][gc,task     ] GC(45) Using 8 workers of 8 for evacuation
[2022-10-30T12:57:36.994+0100][gc,phases   ] GC(45)   Pre Evacuate Collection Set: 0,1ms
[2022-10-30T12:57:36.994+0100][gc,phases   ] GC(45)   Merge Heap Roots: 0,1ms
[2022-10-30T12:57:36.994+0100][gc,phases   ] GC(45)   Evacuate Collection Set: 16,3ms
[2022-10-30T12:57:36.994+0100][gc,phases   ] GC(45)   Post Evacuate Collection Set: 0,5ms
[2022-10-30T12:57:36.994+0100][gc,phases   ] GC(45)   Other: 0,1ms
[2022-10-30T12:57:36.994+0100][gc,heap     ] GC(45) Eden regions: 592->0(590)
[2022-10-30T12:57:36.994+0100][gc,heap     ] GC(45) Survivor regions: 22->24(77)
[2022-10-30T12:57:36.994+0100][gc,heap     ] GC(45) Old regions: 148->148
[2022-10-30T12:57:36.994+0100][gc,heap     ] GC(45) Archive regions: 2->2
[2022-10-30T12:57:36.994+0100][gc,heap     ] GC(45) Humongous regions: 130->130
[2022-10-30T12:57:36.994+0100][gc,metaspace] GC(45) Metaspace: 43334K(44032K)->43334K(44032K) NonClass: 38327K(38720K)->38327K(38720K) Class: 5007K(5312K)->5007K(5312K)
[2022-10-30T12:57:36.994+0100][gc          ] GC(45) Pause Young (Normal) (G1 Evacuation Pause) 891M->302M(1024M) 17,269ms
[2022-10-30T12:57:36.994+0100][gc,cpu      ] GC(45) User=0,08s Sys=0,00s Real=0,02s
[2022-10-30T14:07:57.918+0100][gc,start    ] GC(46) Pause Young (Normal) (G1 Evacuation Pause)
[2022-10-30T14:07:57.918+0100][gc,task     ] GC(46) Using 8 workers of 8 for evacuation
[2022-10-30T14:07:57.934+0100][gc,phases   ] GC(46)   Pre Evacuate Collection Set: 0,1ms
[2022-10-30T14:07:57.934+0100][gc,phases   ] GC(46)   Merge Heap Roots: 0,2ms
[2022-10-30T14:07:57.934+0100][gc,phases   ] GC(46)   Evacuate Collection Set: 14,5ms
[2022-10-30T14:07:57.934+0100][gc,phases   ] GC(46)   Post Evacuate Collection Set: 0,5ms
[2022-10-30T14:07:57.934+0100][gc,phases   ] GC(46)   Other: 0,1ms
[2022-10-30T14:07:57.934+0100][gc,heap     ] GC(46) Eden regions: 590->0(589)
[2022-10-30T14:07:57.934+0100][gc,heap     ] GC(46) Survivor regions: 24->25(77)
[2022-10-30T14:07:57.934+0100][gc,heap     ] GC(46) Old regions: 148->148
[2022-10-30T14:07:57.934+0100][gc,heap     ] GC(46) Archive regions: 2->2
[2022-10-30T14:07:57.934+0100][gc,heap     ] GC(46) Humongous regions: 130->130
[2022-10-30T14:07:57.934+0100][gc,metaspace] GC(46) Metaspace: 43365K(44032K)->43365K(44032K) NonClass: 38357K(38720K)->38357K(38720K) Class: 5007K(5312K)->5007K(5312K)
[2022-10-30T14:07:57.934+0100][gc          ] GC(46) Pause Young (Normal) (G1 Evacuation Pause) 892M->303M(1024M) 15,535ms
[2022-10-30T14:07:57.934+0100][gc,cpu      ] GC(46) User=0,06s Sys=0,00s Real=0,02s
[2022-10-30T14:09:31.104+0100][gc,start    ] GC(47) Pause Young (Normal) (G1 Evacuation Pause)
[2022-10-30T14:09:31.104+0100][gc,task     ] GC(47) Using 8 workers of 8 for evacuation
[2022-10-30T14:09:31.138+0100][gc,mmu      ] GC(47) MMU target violated: 21,0ms (20,0ms/21,0ms)
[2022-10-30T14:09:31.139+0100][gc,phases   ] GC(47)   Pre Evacuate Collection Set: 0,2ms
[2022-10-30T14:09:31.139+0100][gc,phases   ] GC(47)   Merge Heap Roots: 0,3ms
[2022-10-30T14:09:31.139+0100][gc,phases   ] GC(47)   Evacuate Collection Set: 33,4ms
[2022-10-30T14:09:31.139+0100][gc,phases   ] GC(47)   Post Evacuate Collection Set: 0,5ms
[2022-10-30T14:09:31.139+0100][gc,phases   ] GC(47)   Other: 0,2ms
[2022-10-30T14:09:31.139+0100][gc,heap     ] GC(47) Eden regions: 589->0(319)
[2022-10-30T14:09:31.139+0100][gc,heap     ] GC(47) Survivor regions: 25->28(77)
[2022-10-30T14:09:31.139+0100][gc,heap     ] GC(47) Old regions: 148->148
[2022-10-30T14:09:31.139+0100][gc,heap     ] GC(47) Archive regions: 2->2
[2022-10-30T14:09:31.139+0100][gc,heap     ] GC(47) Humongous regions: 130->130
[2022-10-30T14:09:31.139+0100][gc,metaspace] GC(47) Metaspace: 43369K(44032K)->43369K(44032K) NonClass: 38361K(38720K)->38361K(38720K) Class: 5007K(5312K)->5007K(5312K)
[2022-10-30T14:09:31.139+0100][gc          ] GC(47) Pause Young (Normal) (G1 Evacuation Pause) 892M->305M(1024M) 34,636ms
[2022-10-30T14:09:31.139+0100][gc,cpu      ] GC(47) User=0,07s Sys=0,02s Real=0,03s
[2022-10-30T14:09:58.033+0100][gc,start    ] GC(48) Pause Young (Normal) (G1 Evacuation Pause)
[2022-10-30T14:09:58.033+0100][gc,task     ] GC(48) Using 8 workers of 8 for evacuation
[2022-10-30T14:09:58.047+0100][gc,phases   ] GC(48)   Pre Evacuate Collection Set: 0,2ms
[2022-10-30T14:09:58.047+0100][gc,phases   ] GC(48)   Merge Heap Roots: 0,1ms
[2022-10-30T14:09:58.047+0100][gc,phases   ] GC(48)   Evacuate Collection Set: 12,8ms
[2022-10-30T14:09:58.047+0100][gc,phases   ] GC(48)   Post Evacuate Collection Set: 0,4ms
[2022-10-30T14:09:58.047+0100][gc,phases   ] GC(48)   Other: 0,2ms
[2022-10-30T14:09:58.047+0100][gc,heap     ] GC(48) Eden regions: 318->0(589)
[2022-10-30T14:09:58.047+0100][gc,heap     ] GC(48) Survivor regions: 28->24(44)
[2022-10-30T14:09:58.047+0100][gc,heap     ] GC(48) Old regions: 148->152
[2022-10-30T14:09:58.047+0100][gc,heap     ] GC(48) Archive regions: 2->2
[2022-10-30T14:09:58.047+0100][gc,heap     ] GC(48) Humongous regions: 130->130
[2022-10-30T14:09:58.047+0100][gc,metaspace] GC(48) Metaspace: 43372K(44032K)->43372K(44032K) NonClass: 38364K(38720K)->38364K(38720K) Class: 5007K(5312K)->5007K(5312K)
[2022-10-30T14:09:58.047+0100][gc          ] GC(48) Pause Young (Normal) (G1 Evacuation Pause) 623M->306M(1024M) 13,782ms
[2022-10-30T14:09:58.047+0100][gc,cpu      ] GC(48) User=0,08s Sys=0,00s Real=0,01s
[2022-10-30T14:12:21.079+0100][gc,start    ] GC(49) Pause Young (Normal) (G1 Evacuation Pause)
[2022-10-30T14:12:21.079+0100][gc,task     ] GC(49) Using 8 workers of 8 for evacuation
[2022-10-30T14:12:21.093+0100][gc,phases   ] GC(49)   Pre Evacuate Collection Set: 0,1ms
[2022-10-30T14:12:21.093+0100][gc,phases   ] GC(49)   Merge Heap Roots: 0,2ms
[2022-10-30T14:12:21.093+0100][gc,phases   ] GC(49)   Evacuate Collection Set: 12,6ms
[2022-10-30T14:12:21.093+0100][gc,phases   ] GC(49)   Post Evacuate Collection Set: 0,5ms
[2022-10-30T14:12:21.093+0100][gc,phases   ] GC(49)   Other: 0,2ms
[2022-10-30T14:12:21.093+0100][gc,heap     ] GC(49) Eden regions: 589->0(583)
[2022-10-30T14:12:21.093+0100][gc,heap     ] GC(49) Survivor regions: 24->27(77)
[2022-10-30T14:12:21.093+0100][gc,heap     ] GC(49) Old regions: 152->152
[2022-10-30T14:12:21.093+0100][gc,heap     ] GC(49) Archive regions: 2->2
[2022-10-30T14:12:21.093+0100][gc,heap     ] GC(49) Humongous regions: 130->130
[2022-10-30T14:12:21.093+0100][gc,metaspace] GC(49) Metaspace: 43396K(44032K)->43396K(44032K) NonClass: 38388K(38720K)->38388K(38720K) Class: 5007K(5312K)->5007K(5312K)
[2022-10-30T14:12:21.093+0100][gc          ] GC(49) Pause Young (Normal) (G1 Evacuation Pause) 895M->309M(1024M) 13,629ms
[2022-10-30T14:12:21.093+0100][gc,cpu      ] GC(49) User=0,06s Sys=0,01s Real=0,02s
[2022-10-30T14:14:12.369+0100][gc,start    ] GC(50) Pause Young (Normal) (G1 Evacuation Pause)
[2022-10-30T14:14:12.369+0100][gc,task     ] GC(50) Using 8 workers of 8 for evacuation
[2022-10-30T14:14:12.383+0100][gc,phases   ] GC(50)   Pre Evacuate Collection Set: 0,1ms
[2022-10-30T14:14:12.383+0100][gc,phases   ] GC(50)   Merge Heap Roots: 0,1ms
[2022-10-30T14:14:12.383+0100][gc,phases   ] GC(50)   Evacuate Collection Set: 13,1ms
[2022-10-30T14:14:12.383+0100][gc,phases   ] GC(50)   Post Evacuate Collection Set: 0,5ms
[2022-10-30T14:14:12.383+0100][gc,phases   ] GC(50)   Other: 0,1ms
[2022-10-30T14:14:12.383+0100][gc,heap     ] GC(50) Eden regions: 583->0(576)
[2022-10-30T14:14:12.383+0100][gc,heap     ] GC(50) Survivor regions: 27->30(77)
[2022-10-30T14:14:12.383+0100][gc,heap     ] GC(50) Old regions: 152->152
[2022-10-30T14:14:12.383+0100][gc,heap     ] GC(50) Archive regions: 2->2
[2022-10-30T14:14:12.383+0100][gc,heap     ] GC(50) Humongous regions: 131->131
[2022-10-30T14:14:12.383+0100][gc,metaspace] GC(50) Metaspace: 43407K(44032K)->43407K(44032K) NonClass: 38399K(38720K)->38399K(38720K) Class: 5007K(5312K)->5007K(5312K)
[2022-10-30T14:14:12.383+0100][gc          ] GC(50) Pause Young (Normal) (G1 Evacuation Pause) 893M->313M(1024M) 14,056ms
[2022-10-30T14:14:12.383+0100][gc,cpu      ] GC(50) User=0,07s Sys=0,00s Real=0,01s
[2022-10-30T14:16:47.110+0100][gc,start    ] GC(51) Pause Young (Normal) (G1 Evacuation Pause)
[2022-10-30T14:16:47.110+0100][gc,task     ] GC(51) Using 8 workers of 8 for evacuation
[2022-10-30T14:16:47.130+0100][gc,mmu      ] GC(51) MMU target violated: 20,2ms (20,0ms/21,0ms)
[2022-10-30T14:16:47.130+0100][gc,phases   ] GC(51)   Pre Evacuate Collection Set: 0,2ms
[2022-10-30T14:16:47.130+0100][gc,phases   ] GC(51)   Merge Heap Roots: 0,2ms
[2022-10-30T14:16:47.130+0100][gc,phases   ] GC(51)   Evacuate Collection Set: 19,1ms
[2022-10-30T14:16:47.130+0100][gc,phases   ] GC(51)   Post Evacuate Collection Set: 0,6ms
[2022-10-30T14:16:47.130+0100][gc,phases   ] GC(51)   Other: 0,2ms
[2022-10-30T14:16:47.130+0100][gc,heap     ] GC(51) Eden regions: 576->0(572)
[2022-10-30T14:16:47.130+0100][gc,heap     ] GC(51) Survivor regions: 30->32(76)
[2022-10-30T14:16:47.130+0100][gc,heap     ] GC(51) Old regions: 152->152
[2022-10-30T14:16:47.130+0100][gc,heap     ] GC(51) Archive regions: 2->2
[2022-10-30T14:16:47.130+0100][gc,heap     ] GC(51) Humongous regions: 131->131
[2022-10-30T14:16:47.130+0100][gc,metaspace] GC(51) Metaspace: 43422K(44096K)->43422K(44096K) NonClass: 38414K(38784K)->38414K(38784K) Class: 5007K(5312K)->5007K(5312K)
[2022-10-30T14:16:47.130+0100][gc          ] GC(51) Pause Young (Normal) (G1 Evacuation Pause) 889M->314M(1024M) 20,483ms
[2022-10-30T14:16:47.130+0100][gc,cpu      ] GC(51) User=0,07s Sys=0,00s Real=0,02s
[2022-10-30T14:19:45.217+0100][gc,start    ] GC(52) Pause Young (Normal) (G1 Evacuation Pause)
[2022-10-30T14:19:45.217+0100][gc,task     ] GC(52) Using 8 workers of 8 for evacuation
[2022-10-30T14:19:45.236+0100][gc,phases   ] GC(52)   Pre Evacuate Collection Set: 0,1ms
[2022-10-30T14:19:45.236+0100][gc,phases   ] GC(52)   Merge Heap Roots: 0,1ms
[2022-10-30T14:19:45.236+0100][gc,phases   ] GC(52)   Evacuate Collection Set: 18,7ms
[2022-10-30T14:19:45.236+0100][gc,phases   ] GC(52)   Post Evacuate Collection Set: 0,4ms
[2022-10-30T14:19:45.236+0100][gc,phases   ] GC(52)   Other: 0,1ms
[2022-10-30T14:19:45.236+0100][gc,heap     ] GC(52) Eden regions: 572->0(568)
[2022-10-30T14:19:45.236+0100][gc,heap     ] GC(52) Survivor regions: 32->34(76)
[2022-10-30T14:19:45.236+0100][gc,heap     ] GC(52) Old regions: 152->152
[2022-10-30T14:19:45.236+0100][gc,heap     ] GC(52) Archive regions: 2->2
[2022-10-30T14:19:45.236+0100][gc,heap     ] GC(52) Humongous regions: 131->131
[2022-10-30T14:19:45.236+0100][gc,metaspace] GC(52) Metaspace: 43426K(44096K)->43426K(44096K) NonClass: 38418K(38784K)->38418K(38784K) Class: 5007K(5312K)->5007K(5312K)
[2022-10-30T14:19:45.236+0100][gc          ] GC(52) Pause Young (Normal) (G1 Evacuation Pause) 886M->317M(1024M) 19,613ms
[2022-10-30T14:19:45.236+0100][gc,cpu      ] GC(52) User=0,07s Sys=0,00s Real=0,02s
[2022-10-30T14:21:14.518+0100][gc,start    ] GC(53) Pause Young (Normal) (G1 Evacuation Pause)
[2022-10-30T14:21:14.518+0100][gc,task     ] GC(53) Using 8 workers of 8 for evacuation
[2022-10-30T14:21:14.534+0100][gc,phases   ] GC(53)   Pre Evacuate Collection Set: 0,1ms
[2022-10-30T14:21:14.534+0100][gc,phases   ] GC(53)   Merge Heap Roots: 0,1ms
[2022-10-30T14:21:14.534+0100][gc,phases   ] GC(53)   Evacuate Collection Set: 14,4ms
[2022-10-30T14:21:14.534+0100][gc,phases   ] GC(53)   Post Evacuate Collection Set: 0,5ms
[2022-10-30T14:21:14.534+0100][gc,phases   ] GC(53)   Other: 0,1ms
[2022-10-30T14:21:14.534+0100][gc,heap     ] GC(53) Eden regions: 568->0(565)
[2022-10-30T14:21:14.534+0100][gc,heap     ] GC(53) Survivor regions: 34->35(76)
[2022-10-30T14:21:14.534+0100][gc,heap     ] GC(53) Old regions: 152->153
[2022-10-30T14:21:14.534+0100][gc,heap     ] GC(53) Archive regions: 2->2
[2022-10-30T14:21:14.534+0100][gc,heap     ] GC(53) Humongous regions: 131->131
[2022-10-30T14:21:14.534+0100][gc,metaspace] GC(53) Metaspace: 43428K(44096K)->43428K(44096K) NonClass: 38420K(38784K)->38420K(38784K) Class: 5007K(5312K)->5007K(5312K)
[2022-10-30T14:21:14.534+0100][gc          ] GC(53) Pause Young (Normal) (G1 Evacuation Pause) 885M->318M(1024M) 15,470ms
[2022-10-30T14:21:14.534+0100][gc,cpu      ] GC(53) User=0,08s Sys=0,00s Real=0,02s
[2022-10-30T14:49:23.609+0100][gc,start    ] GC(54) Pause Young (Normal) (G1 Evacuation Pause)
[2022-10-30T14:49:23.609+0100][gc,task     ] GC(54) Using 8 workers of 8 for evacuation
[2022-10-30T14:49:23.626+0100][gc,phases   ] GC(54)   Pre Evacuate Collection Set: 0,2ms
[2022-10-30T14:49:23.626+0100][gc,phases   ] GC(54)   Merge Heap Roots: 0,1ms
[2022-10-30T14:49:23.626+0100][gc,phases   ] GC(54)   Evacuate Collection Set: 15,6ms
[2022-10-30T14:49:23.626+0100][gc,phases   ] GC(54)   Post Evacuate Collection Set: 0,5ms
[2022-10-30T14:49:23.626+0100][gc,phases   ] GC(54)   Other: 0,2ms
[2022-10-30T14:49:23.626+0100][gc,heap     ] GC(54) Eden regions: 565->0(563)
[2022-10-30T14:49:23.626+0100][gc,heap     ] GC(54) Survivor regions: 35->35(75)
[2022-10-30T14:49:23.626+0100][gc,heap     ] GC(54) Old regions: 153->155
[2022-10-30T14:49:23.626+0100][gc,heap     ] GC(54) Archive regions: 2->2
[2022-10-30T14:49:23.626+0100][gc,heap     ] GC(54) Humongous regions: 131->131
[2022-10-30T14:49:23.626+0100][gc,metaspace] GC(54) Metaspace: 43438K(44096K)->43438K(44096K) NonClass: 38431K(38784K)->38431K(38784K) Class: 5007K(5312K)->5007K(5312K)
[2022-10-30T14:49:23.626+0100][gc          ] GC(54) Pause Young (Normal) (G1 Evacuation Pause) 883M->320M(1024M) 16,653ms
[2022-10-30T14:49:23.626+0100][gc,cpu      ] GC(54) User=0,08s Sys=0,00s Real=0,01s
[2022-10-30T15:12:47.901+0100][gc,start    ] GC(55) Pause Young (Normal) (G1 Evacuation Pause)
[2022-10-30T15:12:47.901+0100][gc,task     ] GC(55) Using 8 workers of 8 for evacuation
[2022-10-30T15:12:47.928+0100][gc,mmu      ] GC(55) MMU target violated: 21,0ms (20,0ms/21,0ms)
[2022-10-30T15:12:47.928+0100][gc,phases   ] GC(55)   Pre Evacuate Collection Set: 0,1ms
[2022-10-30T15:12:47.928+0100][gc,phases   ] GC(55)   Merge Heap Roots: 0,2ms
[2022-10-30T15:12:47.928+0100][gc,phases   ] GC(55)   Evacuate Collection Set: 26,2ms
[2022-10-30T15:12:47.928+0100][gc,phases   ] GC(55)   Post Evacuate Collection Set: 0,5ms
[2022-10-30T15:12:47.928+0100][gc,phases   ] GC(55)   Other: 0,2ms
[2022-10-30T15:12:47.928+0100][gc,heap     ] GC(55) Eden regions: 563->0(513)
[2022-10-30T15:12:47.928+0100][gc,heap     ] GC(55) Survivor regions: 35->35(75)
[2022-10-30T15:12:47.928+0100][gc,heap     ] GC(55) Old regions: 155->157
[2022-10-30T15:12:47.928+0100][gc,heap     ] GC(55) Archive regions: 2->2
[2022-10-30T15:12:47.928+0100][gc,heap     ] GC(55) Humongous regions: 131->131
[2022-10-30T15:12:47.928+0100][gc,metaspace] GC(55) Metaspace: 43442K(44096K)->43442K(44096K) NonClass: 38435K(38784K)->38435K(38784K) Class: 5007K(5312K)->5007K(5312K)
[2022-10-30T15:12:47.928+0100][gc          ] GC(55) Pause Young (Normal) (G1 Evacuation Pause) 883M->323M(1024M) 27,258ms
[2022-10-30T15:12:47.928+0100][gc,cpu      ] GC(55) User=0,09s Sys=0,00s Real=0,03s
[2022-10-30T15:27:52.580+0100][gc,start    ] GC(56) Pause Young (Normal) (G1 Evacuation Pause)
[2022-10-30T15:27:52.580+0100][gc,task     ] GC(56) Using 8 workers of 8 for evacuation
[2022-10-30T15:27:52.593+0100][gc,phases   ] GC(56)   Pre Evacuate Collection Set: 0,2ms
[2022-10-30T15:27:52.593+0100][gc,phases   ] GC(56)   Merge Heap Roots: 0,1ms
[2022-10-30T15:27:52.593+0100][gc,phases   ] GC(56)   Evacuate Collection Set: 12,2ms
[2022-10-30T15:27:52.593+0100][gc,phases   ] GC(56)   Post Evacuate Collection Set: 0,5ms
[2022-10-30T15:27:52.593+0100][gc,phases   ] GC(56)   Other: 0,1ms
[2022-10-30T15:27:52.593+0100][gc,heap     ] GC(56) Eden regions: 502->0(554)
[2022-10-30T15:27:52.593+0100][gc,heap     ] GC(56) Survivor regions: 35->37(68)
[2022-10-30T15:27:52.593+0100][gc,heap     ] GC(56) Old regions: 157->158
[2022-10-30T15:27:52.593+0100][gc,heap     ] GC(56) Archive regions: 2->2
[2022-10-30T15:27:52.593+0100][gc,heap     ] GC(56) Humongous regions: 133->133
[2022-10-30T15:27:52.593+0100][gc,metaspace] GC(56) Metaspace: 43444K(44096K)->43444K(44096K) NonClass: 38437K(38784K)->38437K(38784K) Class: 5007K(5312K)->5007K(5312K)
[2022-10-30T15:27:52.593+0100][gc          ] GC(56) Pause Young (Normal) (G1 Evacuation Pause) 827M->328M(1024M) 13,193ms
[2022-10-30T15:27:52.593+0100][gc,cpu      ] GC(56) User=0,08s Sys=0,00s Real=0,01s
[2022-10-30T15:48:48.832+0100][gc,start    ] GC(57) Pause Young (Normal) (G1 Evacuation Pause)
[2022-10-30T15:48:48.832+0100][gc,task     ] GC(57) Using 8 workers of 8 for evacuation
[2022-10-30T15:48:48.857+0100][gc,mmu      ] GC(57) MMU target violated: 21,0ms (20,0ms/21,0ms)
[2022-10-30T15:48:48.857+0100][gc,phases   ] GC(57)   Pre Evacuate Collection Set: 0,1ms
[2022-10-30T15:48:48.857+0100][gc,phases   ] GC(57)   Merge Heap Roots: 0,1ms
[2022-10-30T15:48:48.857+0100][gc,phases   ] GC(57)   Evacuate Collection Set: 24,3ms
[2022-10-30T15:48:48.857+0100][gc,phases   ] GC(57)   Post Evacuate Collection Set: 0,5ms
[2022-10-30T15:48:48.857+0100][gc,phases   ] GC(57)   Other: 0,2ms
[2022-10-30T15:48:48.857+0100][gc,heap     ] GC(57) Eden regions: 554->0(555)
[2022-10-30T15:48:48.857+0100][gc,heap     ] GC(57) Survivor regions: 37->36(74)
[2022-10-30T15:48:48.857+0100][gc,heap     ] GC(57) Old regions: 158->159
[2022-10-30T15:48:48.857+0100][gc,heap     ] GC(57) Archive regions: 2->2
[2022-10-30T15:48:48.857+0100][gc,heap     ] GC(57) Humongous regions: 133->133
[2022-10-30T15:48:48.857+0100][gc,metaspace] GC(57) Metaspace: 43468K(44096K)->43468K(44096K) NonClass: 38461K(38784K)->38461K(38784K) Class: 5007K(5312K)->5007K(5312K)
[2022-10-30T15:48:48.857+0100][gc          ] GC(57) Pause Young (Normal) (G1 Evacuation Pause) 882M->328M(1024M) 25,253ms
[2022-10-30T15:48:48.857+0100][gc,cpu      ] GC(57) User=0,09s Sys=0,00s Real=0,02s
[2022-10-30T15:51:06.743+0100][gc,start    ] GC(58) Pause Young (Normal) (G1 Evacuation Pause)
[2022-10-30T15:51:06.743+0100][gc,task     ] GC(58) Using 8 workers of 8 for evacuation
[2022-10-30T15:51:06.769+0100][gc,mmu      ] GC(58) MMU target violated: 21,0ms (20,0ms/21,0ms)
[2022-10-30T15:51:06.769+0100][gc,phases   ] GC(58)   Pre Evacuate Collection Set: 0,2ms
[2022-10-30T15:51:06.769+0100][gc,phases   ] GC(58)   Merge Heap Roots: 0,2ms
[2022-10-30T15:51:06.769+0100][gc,phases   ] GC(58)   Evacuate Collection Set: 24,6ms
[2022-10-30T15:51:06.769+0100][gc,phases   ] GC(58)   Post Evacuate Collection Set: 0,7ms
[2022-10-30T15:51:06.769+0100][gc,phases   ] GC(58)   Other: 0,2ms
[2022-10-30T15:51:06.769+0100][gc,heap     ] GC(58) Eden regions: 555->0(552)
[2022-10-30T15:51:06.769+0100][gc,heap     ] GC(58) Survivor regions: 36->36(74)
[2022-10-30T15:51:06.769+0100][gc,heap     ] GC(58) Old regions: 159->162
[2022-10-30T15:51:06.769+0100][gc,heap     ] GC(58) Archive regions: 2->2
[2022-10-30T15:51:06.769+0100][gc,heap     ] GC(58) Humongous regions: 133->133
[2022-10-30T15:51:06.769+0100][gc,metaspace] GC(58) Metaspace: 43482K(44096K)->43482K(44096K) NonClass: 38474K(38784K)->38474K(38784K) Class: 5007K(5312K)->5007K(5312K)
[2022-10-30T15:51:06.769+0100][gc          ] GC(58) Pause Young (Normal) (G1 Evacuation Pause) 883M->331M(1024M) 25,935ms
[2022-10-30T15:51:06.769+0100][gc,cpu      ] GC(58) User=0,08s Sys=0,00s Real=0,03s
[2022-10-30T15:51:43.278+0100][gc,start    ] GC(59) Pause Young (Normal) (G1 Evacuation Pause)
[2022-10-30T15:51:43.278+0100][gc,task     ] GC(59) Using 8 workers of 8 for evacuation
[2022-10-30T15:51:43.303+0100][gc,mmu      ] GC(59) MMU target violated: 21,0ms (20,0ms/21,0ms)
[2022-10-30T15:51:43.303+0100][gc,phases   ] GC(59)   Pre Evacuate Collection Set: 0,1ms
[2022-10-30T15:51:43.303+0100][gc,phases   ] GC(59)   Merge Heap Roots: 0,2ms
[2022-10-30T15:51:43.303+0100][gc,phases   ] GC(59)   Evacuate Collection Set: 24,1ms
[2022-10-30T15:51:43.303+0100][gc,phases   ] GC(59)   Post Evacuate Collection Set: 0,4ms
[2022-10-30T15:51:43.303+0100][gc,phases   ] GC(59)   Other: 0,2ms
[2022-10-30T15:51:43.303+0100][gc,heap     ] GC(59) Eden regions: 552->0(548)
[2022-10-30T15:51:43.303+0100][gc,heap     ] GC(59) Survivor regions: 36->37(74)
[2022-10-30T15:51:43.303+0100][gc,heap     ] GC(59) Old regions: 162->164
[2022-10-30T15:51:43.303+0100][gc,heap     ] GC(59) Archive regions: 2->2
[2022-10-30T15:51:43.303+0100][gc,heap     ] GC(59) Humongous regions: 133->133
[2022-10-30T15:51:43.303+0100][gc,metaspace] GC(59) Metaspace: 43487K(44160K)->43487K(44160K) NonClass: 38480K(38848K)->38480K(38848K) Class: 5007K(5312K)->5007K(5312K)
[2022-10-30T15:51:43.303+0100][gc          ] GC(59) Pause Young (Normal) (G1 Evacuation Pause) 883M->334M(1024M) 25,108ms
[2022-10-30T15:51:43.304+0100][gc,cpu      ] GC(59) User=0,08s Sys=0,00s Real=0,03s
[2022-10-30T15:53:15.247+0100][gc,start    ] GC(60) Pause Young (Normal) (G1 Evacuation Pause)
[2022-10-30T15:53:15.247+0100][gc,task     ] GC(60) Using 8 workers of 8 for evacuation
[2022-10-30T15:53:15.266+0100][gc,phases   ] GC(60)   Pre Evacuate Collection Set: 0,2ms
[2022-10-30T15:53:15.266+0100][gc,phases   ] GC(60)   Merge Heap Roots: 0,2ms
[2022-10-30T15:53:15.266+0100][gc,phases   ] GC(60)   Evacuate Collection Set: 17,7ms
[2022-10-30T15:53:15.266+0100][gc,phases   ] GC(60)   Post Evacuate Collection Set: 0,8ms
[2022-10-30T15:53:15.266+0100][gc,phases   ] GC(60)   Other: 0,3ms
[2022-10-30T15:53:15.266+0100][gc,heap     ] GC(60) Eden regions: 548->0(545)
[2022-10-30T15:53:15.266+0100][gc,heap     ] GC(60) Survivor regions: 37->37(74)
[2022-10-30T15:53:15.266+0100][gc,heap     ] GC(60) Old regions: 164->167
[2022-10-30T15:53:15.266+0100][gc,heap     ] GC(60) Archive regions: 2->2
[2022-10-30T15:53:15.266+0100][gc,heap     ] GC(60) Humongous regions: 133->133
[2022-10-30T15:53:15.266+0100][gc,metaspace] GC(60) Metaspace: 43508K(44160K)->43508K(44160K) NonClass: 38501K(38848K)->38501K(38848K) Class: 5007K(5312K)->5007K(5312K)
[2022-10-30T15:53:15.266+0100][gc          ] GC(60) Pause Young (Normal) (G1 Evacuation Pause) 882M->336M(1024M) 19,210ms
[2022-10-30T15:53:15.267+0100][gc,cpu      ] GC(60) User=0,08s Sys=0,00s Real=0,02s
[2022-10-30T16:16:00.065+0100][gc,start    ] GC(61) Pause Young (Normal) (G1 Evacuation Pause)
[2022-10-30T16:16:00.065+0100][gc,task     ] GC(61) Using 8 workers of 8 for evacuation
[2022-10-30T16:16:00.090+0100][gc,mmu      ] GC(61) MMU target violated: 21,0ms (20,0ms/21,0ms)
[2022-10-30T16:16:00.091+0100][gc,phases   ] GC(61)   Pre Evacuate Collection Set: 0,2ms
[2022-10-30T16:16:00.091+0100][gc,phases   ] GC(61)   Merge Heap Roots: 0,2ms
[2022-10-30T16:16:00.091+0100][gc,phases   ] GC(61)   Evacuate Collection Set: 24,1ms
[2022-10-30T16:16:00.091+0100][gc,phases   ] GC(61)   Post Evacuate Collection Set: 0,6ms
[2022-10-30T16:16:00.091+0100][gc,phases   ] GC(61)   Other: 0,2ms
[2022-10-30T16:16:00.091+0100][gc,heap     ] GC(61) Eden regions: 545->0(544)
[2022-10-30T16:16:00.091+0100][gc,heap     ] GC(61) Survivor regions: 37->37(73)
[2022-10-30T16:16:00.091+0100][gc,heap     ] GC(61) Old regions: 167->168
[2022-10-30T16:16:00.091+0100][gc,heap     ] GC(61) Archive regions: 2->2
[2022-10-30T16:16:00.091+0100][gc,heap     ] GC(61) Humongous regions: 133->133
[2022-10-30T16:16:00.091+0100][gc,metaspace] GC(61) Metaspace: 43510K(44160K)->43510K(44160K) NonClass: 38503K(38848K)->38503K(38848K) Class: 5007K(5312K)->5007K(5312K)
[2022-10-30T16:16:00.091+0100][gc          ] GC(61) Pause Young (Normal) (G1 Evacuation Pause) 881M->338M(1024M) 25,278ms
[2022-10-30T16:16:00.091+0100][gc,cpu      ] GC(61) User=0,07s Sys=0,01s Real=0,03s
[2022-10-30T16:23:11.468+0100][gc,start    ] GC(62) Pause Young (Normal) (G1 Evacuation Pause)
[2022-10-30T16:23:11.468+0100][gc,task     ] GC(62) Using 8 workers of 8 for evacuation
[2022-10-30T16:23:11.485+0100][gc,phases   ] GC(62)   Pre Evacuate Collection Set: 0,1ms
[2022-10-30T16:23:11.485+0100][gc,phases   ] GC(62)   Merge Heap Roots: 0,2ms
[2022-10-30T16:23:11.485+0100][gc,phases   ] GC(62)   Evacuate Collection Set: 15,8ms
[2022-10-30T16:23:11.485+0100][gc,phases   ] GC(62)   Post Evacuate Collection Set: 0,5ms
[2022-10-30T16:23:11.485+0100][gc,phases   ] GC(62)   Other: 0,1ms
[2022-10-30T16:23:11.485+0100][gc,heap     ] GC(62) Eden regions: 544->0(543)
[2022-10-30T16:23:11.485+0100][gc,heap     ] GC(62) Survivor regions: 37->36(73)
[2022-10-30T16:23:11.485+0100][gc,heap     ] GC(62) Old regions: 168->171
[2022-10-30T16:23:11.485+0100][gc,heap     ] GC(62) Archive regions: 2->2
[2022-10-30T16:23:11.485+0100][gc,heap     ] GC(62) Humongous regions: 133->133
[2022-10-30T16:23:11.485+0100][gc,metaspace] GC(62) Metaspace: 43512K(44160K)->43512K(44160K) NonClass: 38505K(38848K)->38505K(38848K) Class: 5007K(5312K)->5007K(5312K)
[2022-10-30T16:23:11.485+0100][gc          ] GC(62) Pause Young (Normal) (G1 Evacuation Pause) 882M->340M(1024M) 16,877ms
[2022-10-30T16:23:11.485+0100][gc,cpu      ] GC(62) User=0,08s Sys=0,01s Real=0,01s
