[2022-10-27T09:52:00.274+0200][gc] Using G1
[2022-10-27T09:52:00.282+0200][gc,init] Version: 17.0.4+8-Ubuntu-122.04 (release)
[2022-10-27T09:52:00.282+0200][gc,init] CPUs: 8 total, 8 available
[2022-10-27T09:52:00.282+0200][gc,init] Memory: 32052M
[2022-10-27T09:52:00.282+0200][gc,init] Large Page Support: Disabled
[2022-10-27T09:52:00.282+0200][gc,init] NUMA Support: Disabled
[2022-10-27T09:52:00.282+0200][gc,init] Compressed Oops: Enabled (32-bit)
[2022-10-27T09:52:00.282+0200][gc,init] Heap Region Size: 1M
[2022-10-27T09:52:00.282+0200][gc,init] Heap Min Capacity: 1G
[2022-10-27T09:52:00.282+0200][gc,init] Heap Initial Capacity: 1G
[2022-10-27T09:52:00.282+0200][gc,init] Heap Max Capacity: 1G
[2022-10-27T09:52:00.282+0200][gc,init] Pre-touch: Disabled
[2022-10-27T09:52:00.282+0200][gc,init] Parallel Workers: 8
[2022-10-27T09:52:00.282+0200][gc,init] Concurrent Workers: 2
[2022-10-27T09:52:00.282+0200][gc,init] Concurrent Refinement Workers: 8
[2022-10-27T09:52:00.282+0200][gc,init] Periodic GC: Disabled
[2022-10-27T09:52:00.282+0200][gc,metaspace] CDS archive(s) mapped at: [0x0000000800000000-0x0000000800be3000-0x0000000800be3000), size 12464128, SharedBaseAddress: 0x0000000800000000, ArchiveRelocationMode: 0.
[2022-10-27T09:52:00.282+0200][gc,metaspace] Compressed class space mapped at: 0x0000000800c00000-0x0000000840c00000, reserved size: 1073741824
[2022-10-27T09:52:00.282+0200][gc,metaspace] Narrow klass base: 0x0000000800000000, Narrow klass shift: 0, Narrow klass range: 0x100000000
[2022-10-27T09:52:01.459+0200][gc,start    ] GC(0) Pause Young (Normal) (G1 Evacuation Pause)
[2022-10-27T09:52:01.459+0200][gc,task     ] GC(0) Using 8 workers of 8 for evacuation
[2022-10-27T09:52:01.464+0200][gc,phases   ] GC(0)   Pre Evacuate Collection Set: 0,2ms
[2022-10-27T09:52:01.464+0200][gc,phases   ] GC(0)   Merge Heap Roots: 0,1ms
[2022-10-27T09:52:01.464+0200][gc,phases   ] GC(0)   Evacuate Collection Set: 3,4ms
[2022-10-27T09:52:01.464+0200][gc,phases   ] GC(0)   Post Evacuate Collection Set: 0,4ms
[2022-10-27T09:52:01.464+0200][gc,phases   ] GC(0)   Other: 0,7ms
[2022-10-27T09:52:01.464+0200][gc,heap     ] GC(0) Eden regions: 51->0(44)
[2022-10-27T09:52:01.464+0200][gc,heap     ] GC(0) Survivor regions: 0->7(7)
[2022-10-27T09:52:01.464+0200][gc,heap     ] GC(0) Old regions: 0->1
[2022-10-27T09:52:01.464+0200][gc,heap     ] GC(0) Archive regions: 2->2
[2022-10-27T09:52:01.464+0200][gc,heap     ] GC(0) Humongous regions: 0->0
[2022-10-27T09:52:01.464+0200][gc,metaspace] GC(0) Metaspace: 18859K(18944K)->18859K(18944K) NonClass: 16597K(16640K)->16597K(16640K) Class: 2262K(2304K)->2262K(2304K)
[2022-10-27T09:52:01.464+0200][gc          ] GC(0) Pause Young (Normal) (G1 Evacuation Pause) 51M->7M(1024M) 4,828ms
[2022-10-27T09:52:01.464+0200][gc,cpu      ] GC(0) User=0,02s Sys=0,01s Real=0,00s
[2022-10-27T09:52:01.735+0200][gc,start    ] GC(1) Pause Young (Concurrent Start) (Metadata GC Threshold)
[2022-10-27T09:52:01.735+0200][gc,task     ] GC(1) Using 8 workers of 8 for evacuation
[2022-10-27T09:52:01.741+0200][gc,phases   ] GC(1)   Pre Evacuate Collection Set: 0,2ms
[2022-10-27T09:52:01.741+0200][gc,phases   ] GC(1)   Merge Heap Roots: 0,1ms
[2022-10-27T09:52:01.741+0200][gc,phases   ] GC(1)   Evacuate Collection Set: 5,1ms
[2022-10-27T09:52:01.741+0200][gc,phases   ] GC(1)   Post Evacuate Collection Set: 0,4ms
[2022-10-27T09:52:01.741+0200][gc,phases   ] GC(1)   Other: 0,3ms
[2022-10-27T09:52:01.741+0200][gc,heap     ] GC(1) Eden regions: 11->0(49)
[2022-10-27T09:52:01.741+0200][gc,heap     ] GC(1) Survivor regions: 7->2(7)
[2022-10-27T09:52:01.741+0200][gc,heap     ] GC(1) Old regions: 1->8
[2022-10-27T09:52:01.741+0200][gc,heap     ] GC(1) Archive regions: 2->2
[2022-10-27T09:52:01.741+0200][gc,heap     ] GC(1) Humongous regions: 129->129
[2022-10-27T09:52:01.741+0200][gc,metaspace] GC(1) Metaspace: 21337K(21504K)->21337K(21504K) NonClass: 18749K(18816K)->18749K(18816K) Class: 2587K(2688K)->2587K(2688K)
[2022-10-27T09:52:01.741+0200][gc          ] GC(1) Pause Young (Concurrent Start) (Metadata GC Threshold) 147M->138M(1024M) 6,097ms
[2022-10-27T09:52:01.741+0200][gc,cpu      ] GC(1) User=0,03s Sys=0,00s Real=0,01s
[2022-10-27T09:52:01.741+0200][gc          ] GC(2) Concurrent Mark Cycle
[2022-10-27T09:52:01.741+0200][gc,marking  ] GC(2) Concurrent Clear Claimed Marks
[2022-10-27T09:52:01.741+0200][gc,marking  ] GC(2) Concurrent Clear Claimed Marks 0,024ms
[2022-10-27T09:52:01.741+0200][gc,marking  ] GC(2) Concurrent Scan Root Regions
[2022-10-27T09:52:01.744+0200][gc,marking  ] GC(2) Concurrent Scan Root Regions 3,051ms
[2022-10-27T09:52:01.744+0200][gc,marking  ] GC(2) Concurrent Mark
[2022-10-27T09:52:01.744+0200][gc,marking  ] GC(2) Concurrent Mark From Roots
[2022-10-27T09:52:01.744+0200][gc,task     ] GC(2) Using 2 workers of 2 for marking
[2022-10-27T09:52:01.749+0200][gc,marking  ] GC(2) Concurrent Mark From Roots 5,381ms
[2022-10-27T09:52:01.749+0200][gc,marking  ] GC(2) Concurrent Preclean
[2022-10-27T09:52:01.750+0200][gc,marking  ] GC(2) Concurrent Preclean 0,160ms
[2022-10-27T09:52:01.750+0200][gc,start    ] GC(2) Pause Remark
[2022-10-27T09:52:01.752+0200][gc          ] GC(2) Pause Remark 139M->139M(1024M) 1,859ms
[2022-10-27T09:52:01.752+0200][gc,cpu      ] GC(2) User=0,00s Sys=0,00s Real=0,00s
[2022-10-27T09:52:01.752+0200][gc,marking  ] GC(2) Concurrent Mark 7,658ms
[2022-10-27T09:52:01.752+0200][gc,marking  ] GC(2) Concurrent Rebuild Remembered Sets
[2022-10-27T09:52:01.754+0200][gc,marking  ] GC(2) Concurrent Rebuild Remembered Sets 2,500ms
[2022-10-27T09:52:01.754+0200][gc,start    ] GC(2) Pause Cleanup
[2022-10-27T09:52:01.755+0200][gc          ] GC(2) Pause Cleanup 139M->139M(1024M) 0,142ms
[2022-10-27T09:52:01.755+0200][gc,cpu      ] GC(2) User=0,00s Sys=0,00s Real=0,00s
[2022-10-27T09:52:01.755+0200][gc,marking  ] GC(2) Concurrent Cleanup for Next Mark
[2022-10-27T09:52:01.759+0200][gc,marking  ] GC(2) Concurrent Cleanup for Next Mark 4,940ms
[2022-10-27T09:52:01.760+0200][gc          ] GC(2) Concurrent Mark Cycle 18,626ms
[2022-10-27T09:52:02.492+0200][gc,start    ] GC(3) Pause Young (Normal) (G1 Evacuation Pause)
[2022-10-27T09:52:02.492+0200][gc,task     ] GC(3) Using 8 workers of 8 for evacuation
[2022-10-27T09:52:02.496+0200][gc,phases   ] GC(3)   Pre Evacuate Collection Set: 0,1ms
[2022-10-27T09:52:02.496+0200][gc,phases   ] GC(3)   Merge Heap Roots: 0,0ms
[2022-10-27T09:52:02.496+0200][gc,phases   ] GC(3)   Evacuate Collection Set: 3,3ms
[2022-10-27T09:52:02.496+0200][gc,phases   ] GC(3)   Post Evacuate Collection Set: 0,4ms
[2022-10-27T09:52:02.496+0200][gc,phases   ] GC(3)   Other: 0,1ms
[2022-10-27T09:52:02.496+0200][gc,heap     ] GC(3) Eden regions: 49->0(45)
[2022-10-27T09:52:02.496+0200][gc,heap     ] GC(3) Survivor regions: 2->6(7)
[2022-10-27T09:52:02.496+0200][gc,heap     ] GC(3) Old regions: 8->8
[2022-10-27T09:52:02.496+0200][gc,heap     ] GC(3) Archive regions: 2->2
[2022-10-27T09:52:02.496+0200][gc,heap     ] GC(3) Humongous regions: 129->129
[2022-10-27T09:52:02.496+0200][gc,metaspace] GC(3) Metaspace: 33079K(33344K)->33079K(33344K) NonClass: 29342K(29504K)->29342K(29504K) Class: 3736K(3840K)->3736K(3840K)
[2022-10-27T09:52:02.496+0200][gc          ] GC(3) Pause Young (Normal) (G1 Evacuation Pause) 187M->142M(1024M) 3,971ms
[2022-10-27T09:52:02.496+0200][gc,cpu      ] GC(3) User=0,02s Sys=0,00s Real=0,00s
[2022-10-27T09:52:42.822+0200][gc,start    ] GC(4) Pause Young (Concurrent Start) (Metadata GC Threshold)
[2022-10-27T09:52:42.823+0200][gc,task     ] GC(4) Using 8 workers of 8 for evacuation
[2022-10-27T09:52:42.830+0200][gc,phases   ] GC(4)   Pre Evacuate Collection Set: 0,2ms
[2022-10-27T09:52:42.830+0200][gc,phases   ] GC(4)   Merge Heap Roots: 0,1ms
[2022-10-27T09:52:42.830+0200][gc,phases   ] GC(4)   Evacuate Collection Set: 6,7ms
[2022-10-27T09:52:42.830+0200][gc,phases   ] GC(4)   Post Evacuate Collection Set: 0,4ms
[2022-10-27T09:52:42.830+0200][gc,phases   ] GC(4)   Other: 0,1ms
[2022-10-27T09:52:42.830+0200][gc,heap     ] GC(4) Eden regions: 15->0(49)
[2022-10-27T09:52:42.830+0200][gc,heap     ] GC(4) Survivor regions: 6->2(7)
[2022-10-27T09:52:42.830+0200][gc,heap     ] GC(4) Old regions: 8->13
[2022-10-27T09:52:42.830+0200][gc,heap     ] GC(4) Archive regions: 2->2
[2022-10-27T09:52:42.830+0200][gc,heap     ] GC(4) Humongous regions: 129->129
[2022-10-27T09:52:42.830+0200][gc,metaspace] GC(4) Metaspace: 35816K(36160K)->35816K(36160K) NonClass: 31599K(31808K)->31599K(31808K) Class: 4216K(4352K)->4216K(4352K)
[2022-10-27T09:52:42.830+0200][gc          ] GC(4) Pause Young (Concurrent Start) (Metadata GC Threshold) 157M->144M(1024M) 7,526ms
[2022-10-27T09:52:42.830+0200][gc,cpu      ] GC(4) User=0,03s Sys=0,00s Real=0,01s
[2022-10-27T09:52:42.830+0200][gc          ] GC(5) Concurrent Mark Cycle
[2022-10-27T09:52:42.830+0200][gc,marking  ] GC(5) Concurrent Clear Claimed Marks
[2022-10-27T09:52:42.830+0200][gc,marking  ] GC(5) Concurrent Clear Claimed Marks 0,029ms
[2022-10-27T09:52:42.830+0200][gc,marking  ] GC(5) Concurrent Scan Root Regions
[2022-10-27T09:52:42.833+0200][gc,marking  ] GC(5) Concurrent Scan Root Regions 2,802ms
[2022-10-27T09:52:42.833+0200][gc,marking  ] GC(5) Concurrent Mark
[2022-10-27T09:52:42.833+0200][gc,marking  ] GC(5) Concurrent Mark From Roots
[2022-10-27T09:52:42.833+0200][gc,task     ] GC(5) Using 2 workers of 2 for marking
[2022-10-27T09:52:42.840+0200][gc,marking  ] GC(5) Concurrent Mark From Roots 7,201ms
[2022-10-27T09:52:42.840+0200][gc,marking  ] GC(5) Concurrent Preclean
[2022-10-27T09:52:42.840+0200][gc,marking  ] GC(5) Concurrent Preclean 0,198ms
[2022-10-27T09:52:42.840+0200][gc,start    ] GC(5) Pause Remark
[2022-10-27T09:52:42.842+0200][gc          ] GC(5) Pause Remark 145M->145M(1024M) 1,984ms
[2022-10-27T09:52:42.842+0200][gc,cpu      ] GC(5) User=0,00s Sys=0,00s Real=0,00s
[2022-10-27T09:52:42.843+0200][gc,marking  ] GC(5) Concurrent Mark 9,594ms
[2022-10-27T09:52:42.843+0200][gc,marking  ] GC(5) Concurrent Rebuild Remembered Sets
[2022-10-27T09:52:42.849+0200][gc,marking  ] GC(5) Concurrent Rebuild Remembered Sets 6,154ms
[2022-10-27T09:52:42.851+0200][gc,start    ] GC(5) Pause Cleanup
[2022-10-27T09:52:42.851+0200][gc          ] GC(5) Pause Cleanup 145M->145M(1024M) 0,164ms
[2022-10-27T09:52:42.851+0200][gc,cpu      ] GC(5) User=0,00s Sys=0,00s Real=0,00s
[2022-10-27T09:52:42.851+0200][gc,marking  ] GC(5) Concurrent Cleanup for Next Mark
[2022-10-27T09:52:42.857+0200][gc,marking  ] GC(5) Concurrent Cleanup for Next Mark 5,444ms
[2022-10-27T09:52:42.857+0200][gc          ] GC(5) Concurrent Mark Cycle 26,568ms
[2022-10-27T09:56:04.722+0200][gc,start    ] GC(6) Pause Young (Prepare Mixed) (G1 Evacuation Pause)
[2022-10-27T09:56:04.722+0200][gc,task     ] GC(6) Using 8 workers of 8 for evacuation
[2022-10-27T09:56:04.733+0200][gc,phases   ] GC(6)   Pre Evacuate Collection Set: 0,2ms
[2022-10-27T09:56:04.733+0200][gc,phases   ] GC(6)   Merge Heap Roots: 0,1ms
[2022-10-27T09:56:04.733+0200][gc,phases   ] GC(6)   Evacuate Collection Set: 10,2ms
[2022-10-27T09:56:04.733+0200][gc,phases   ] GC(6)   Post Evacuate Collection Set: 0,5ms
[2022-10-27T09:56:04.733+0200][gc,phases   ] GC(6)   Other: 0,1ms
[2022-10-27T09:56:04.733+0200][gc,heap     ] GC(6) Eden regions: 49->0(46)
[2022-10-27T09:56:04.733+0200][gc,heap     ] GC(6) Survivor regions: 2->5(7)
[2022-10-27T09:56:04.733+0200][gc,heap     ] GC(6) Old regions: 13->13
[2022-10-27T09:56:04.733+0200][gc,heap     ] GC(6) Archive regions: 2->2
[2022-10-27T09:56:04.733+0200][gc,heap     ] GC(6) Humongous regions: 129->129
[2022-10-27T09:56:04.733+0200][gc,metaspace] GC(6) Metaspace: 40648K(41216K)->40648K(41216K) NonClass: 35867K(36160K)->35867K(36160K) Class: 4781K(5056K)->4781K(5056K)
[2022-10-27T09:56:04.733+0200][gc          ] GC(6) Pause Young (Prepare Mixed) (G1 Evacuation Pause) 193M->147M(1024M) 11,244ms
[2022-10-27T09:56:04.733+0200][gc,cpu      ] GC(6) User=0,03s Sys=0,00s Real=0,01s
[2022-10-27T10:04:20.936+0200][gc,start    ] GC(7) Pause Young (Mixed) (G1 Evacuation Pause)
[2022-10-27T10:04:20.936+0200][gc,task     ] GC(7) Using 8 workers of 8 for evacuation
[2022-10-27T10:04:20.943+0200][gc,phases   ] GC(7)   Pre Evacuate Collection Set: 0,2ms
[2022-10-27T10:04:20.943+0200][gc,phases   ] GC(7)   Merge Heap Roots: 0,1ms
[2022-10-27T10:04:20.943+0200][gc,phases   ] GC(7)   Evacuate Collection Set: 6,5ms
[2022-10-27T10:04:20.943+0200][gc,phases   ] GC(7)   Post Evacuate Collection Set: 0,4ms
[2022-10-27T10:04:20.943+0200][gc,phases   ] GC(7)   Other: 0,1ms
[2022-10-27T10:04:20.943+0200][gc,heap     ] GC(7) Eden regions: 46->0(48)
[2022-10-27T10:04:20.943+0200][gc,heap     ] GC(7) Survivor regions: 5->3(7)
[2022-10-27T10:04:20.943+0200][gc,heap     ] GC(7) Old regions: 13->16
[2022-10-27T10:04:20.943+0200][gc,heap     ] GC(7) Archive regions: 2->2
[2022-10-27T10:04:20.943+0200][gc,heap     ] GC(7) Humongous regions: 129->129
[2022-10-27T10:04:20.943+0200][gc,metaspace] GC(7) Metaspace: 40948K(41472K)->40948K(41472K) NonClass: 36132K(36416K)->36132K(36416K) Class: 4816K(5056K)->4816K(5056K)
[2022-10-27T10:04:20.943+0200][gc          ] GC(7) Pause Young (Mixed) (G1 Evacuation Pause) 193M->148M(1024M) 7,340ms
[2022-10-27T10:04:20.943+0200][gc,cpu      ] GC(7) User=0,03s Sys=0,01s Real=0,01s
[2022-10-27T10:10:51.692+0200][gc,start    ] GC(8) Pause Young (Normal) (G1 Evacuation Pause)
[2022-10-27T10:10:51.692+0200][gc,task     ] GC(8) Using 8 workers of 8 for evacuation
[2022-10-27T10:10:51.701+0200][gc,phases   ] GC(8)   Pre Evacuate Collection Set: 0,2ms
[2022-10-27T10:10:51.701+0200][gc,phases   ] GC(8)   Merge Heap Roots: 0,1ms
[2022-10-27T10:10:51.701+0200][gc,phases   ] GC(8)   Evacuate Collection Set: 8,0ms
[2022-10-27T10:10:51.701+0200][gc,phases   ] GC(8)   Post Evacuate Collection Set: 0,4ms
[2022-10-27T10:10:51.701+0200][gc,phases   ] GC(8)   Other: 0,1ms
[2022-10-27T10:10:51.701+0200][gc,heap     ] GC(8) Eden regions: 48->0(46)
[2022-10-27T10:10:51.701+0200][gc,heap     ] GC(8) Survivor regions: 3->5(7)
[2022-10-27T10:10:51.701+0200][gc,heap     ] GC(8) Old regions: 16->16
[2022-10-27T10:10:51.701+0200][gc,heap     ] GC(8) Archive regions: 2->2
[2022-10-27T10:10:51.701+0200][gc,heap     ] GC(8) Humongous regions: 129->129
[2022-10-27T10:10:51.701+0200][gc,metaspace] GC(8) Metaspace: 41716K(42304K)->41716K(42304K) NonClass: 36819K(37120K)->36819K(37120K) Class: 4896K(5184K)->4896K(5184K)
[2022-10-27T10:10:51.701+0200][gc          ] GC(8) Pause Young (Normal) (G1 Evacuation Pause) 196M->149M(1024M) 8,875ms
[2022-10-27T10:10:51.701+0200][gc,cpu      ] GC(8) User=0,02s Sys=0,00s Real=0,01s
[2022-10-27T10:10:55.739+0200][gc,start    ] GC(9) Pause Young (Normal) (G1 Evacuation Pause)
[2022-10-27T10:10:55.739+0200][gc,task     ] GC(9) Using 8 workers of 8 for evacuation
[2022-10-27T10:10:55.748+0200][gc,phases   ] GC(9)   Pre Evacuate Collection Set: 0,2ms
[2022-10-27T10:10:55.748+0200][gc,phases   ] GC(9)   Merge Heap Roots: 0,1ms
[2022-10-27T10:10:55.748+0200][gc,phases   ] GC(9)   Evacuate Collection Set: 8,9ms
[2022-10-27T10:10:55.748+0200][gc,phases   ] GC(9)   Post Evacuate Collection Set: 0,3ms
[2022-10-27T10:10:55.748+0200][gc,phases   ] GC(9)   Other: 0,1ms
[2022-10-27T10:10:55.748+0200][gc,heap     ] GC(9) Eden regions: 46->0(45)
[2022-10-27T10:10:55.748+0200][gc,heap     ] GC(9) Survivor regions: 5->6(7)
[2022-10-27T10:10:55.748+0200][gc,heap     ] GC(9) Old regions: 16->17
[2022-10-27T10:10:55.748+0200][gc,heap     ] GC(9) Archive regions: 2->2
[2022-10-27T10:10:55.748+0200][gc,heap     ] GC(9) Humongous regions: 129->129
[2022-10-27T10:10:55.748+0200][gc,metaspace] GC(9) Metaspace: 42326K(42880K)->42326K(42880K) NonClass: 37425K(37696K)->37425K(37696K) Class: 4900K(5184K)->4900K(5184K)
[2022-10-27T10:10:55.748+0200][gc          ] GC(9) Pause Young (Normal) (G1 Evacuation Pause) 195M->152M(1024M) 9,740ms
[2022-10-27T10:10:55.748+0200][gc,cpu      ] GC(9) User=0,02s Sys=0,00s Real=0,01s
[2022-10-27T10:10:58.255+0200][gc,start    ] GC(10) Pause Young (Normal) (G1 Evacuation Pause)
[2022-10-27T10:10:58.255+0200][gc,task     ] GC(10) Using 8 workers of 8 for evacuation
[2022-10-27T10:10:58.271+0200][gc,phases   ] GC(10)   Pre Evacuate Collection Set: 0,2ms
[2022-10-27T10:10:58.271+0200][gc,phases   ] GC(10)   Merge Heap Roots: 0,1ms
[2022-10-27T10:10:58.271+0200][gc,phases   ] GC(10)   Evacuate Collection Set: 14,9ms
[2022-10-27T10:10:58.271+0200][gc,phases   ] GC(10)   Post Evacuate Collection Set: 0,6ms
[2022-10-27T10:10:58.271+0200][gc,phases   ] GC(10)   Other: 0,1ms
[2022-10-27T10:10:58.271+0200][gc,heap     ] GC(10) Eden regions: 45->0(67)
[2022-10-27T10:10:58.271+0200][gc,heap     ] GC(10) Survivor regions: 6->5(7)
[2022-10-27T10:10:58.271+0200][gc,heap     ] GC(10) Old regions: 17->20
[2022-10-27T10:10:58.271+0200][gc,heap     ] GC(10) Archive regions: 2->2
[2022-10-27T10:10:58.271+0200][gc,heap     ] GC(10) Humongous regions: 129->129
[2022-10-27T10:10:58.271+0200][gc,metaspace] GC(10) Metaspace: 42450K(43008K)->42450K(43008K) NonClass: 37545K(37824K)->37545K(37824K) Class: 4905K(5184K)->4905K(5184K)
[2022-10-27T10:10:58.271+0200][gc          ] GC(10) Pause Young (Normal) (G1 Evacuation Pause) 197M->154M(1024M) 15,956ms
[2022-10-27T10:10:58.271+0200][gc,cpu      ] GC(10) User=0,03s Sys=0,00s Real=0,02s
[2022-10-27T10:11:01.856+0200][gc,start    ] GC(11) Pause Young (Normal) (G1 Evacuation Pause)
[2022-10-27T10:11:01.856+0200][gc,task     ] GC(11) Using 8 workers of 8 for evacuation
[2022-10-27T10:11:01.868+0200][gc,phases   ] GC(11)   Pre Evacuate Collection Set: 0,1ms
[2022-10-27T10:11:01.868+0200][gc,phases   ] GC(11)   Merge Heap Roots: 0,1ms
[2022-10-27T10:11:01.868+0200][gc,phases   ] GC(11)   Evacuate Collection Set: 10,9ms
[2022-10-27T10:11:01.868+0200][gc,phases   ] GC(11)   Post Evacuate Collection Set: 1,5ms
[2022-10-27T10:11:01.868+0200][gc,phases   ] GC(11)   Other: 0,1ms
[2022-10-27T10:11:01.868+0200][gc,heap     ] GC(11) Eden regions: 65->0(63)
[2022-10-27T10:11:01.868+0200][gc,heap     ] GC(11) Survivor regions: 5->8(9)
[2022-10-27T10:11:01.868+0200][gc,heap     ] GC(11) Old regions: 20->20
[2022-10-27T10:11:01.868+0200][gc,heap     ] GC(11) Archive regions: 2->2
[2022-10-27T10:11:01.869+0200][gc,heap     ] GC(11) Humongous regions: 129->129
[2022-10-27T10:11:01.869+0200][gc,metaspace] GC(11) Metaspace: 42464K(43008K)->42464K(43008K) NonClass: 37558K(37824K)->37558K(37824K) Class: 4906K(5184K)->4906K(5184K)
[2022-10-27T10:11:01.869+0200][gc          ] GC(11) Pause Young (Normal) (G1 Evacuation Pause) 219M->156M(1024M) 12,836ms
[2022-10-27T10:11:01.869+0200][gc,cpu      ] GC(11) User=0,03s Sys=0,00s Real=0,02s
[2022-10-27T10:11:05.082+0200][gc,start    ] GC(12) Pause Young (Normal) (G1 Evacuation Pause)
[2022-10-27T10:11:05.082+0200][gc,task     ] GC(12) Using 8 workers of 8 for evacuation
[2022-10-27T10:11:05.095+0200][gc,phases   ] GC(12)   Pre Evacuate Collection Set: 0,2ms
[2022-10-27T10:11:05.095+0200][gc,phases   ] GC(12)   Merge Heap Roots: 0,1ms
[2022-10-27T10:11:05.095+0200][gc,phases   ] GC(12)   Evacuate Collection Set: 11,5ms
[2022-10-27T10:11:05.095+0200][gc,phases   ] GC(12)   Post Evacuate Collection Set: 1,0ms
[2022-10-27T10:11:05.095+0200][gc,phases   ] GC(12)   Other: 0,1ms
[2022-10-27T10:11:05.095+0200][gc,heap     ] GC(12) Eden regions: 63->0(102)
[2022-10-27T10:11:05.095+0200][gc,heap     ] GC(12) Survivor regions: 8->6(9)
[2022-10-27T10:11:05.095+0200][gc,heap     ] GC(12) Old regions: 20->24
[2022-10-27T10:11:05.095+0200][gc,heap     ] GC(12) Archive regions: 2->2
[2022-10-27T10:11:05.095+0200][gc,heap     ] GC(12) Humongous regions: 129->129
[2022-10-27T10:11:05.095+0200][gc,metaspace] GC(12) Metaspace: 42480K(43072K)->42480K(43072K) NonClass: 37572K(37888K)->37572K(37888K) Class: 4907K(5184K)->4907K(5184K)
[2022-10-27T10:11:05.095+0200][gc          ] GC(12) Pause Young (Normal) (G1 Evacuation Pause) 219M->158M(1024M) 13,011ms
[2022-10-27T10:11:05.095+0200][gc,cpu      ] GC(12) User=0,03s Sys=0,00s Real=0,01s
[2022-10-27T10:11:21.433+0200][gc,start    ] GC(13) Pause Young (Normal) (G1 Evacuation Pause)
[2022-10-27T10:11:21.433+0200][gc,task     ] GC(13) Using 8 workers of 8 for evacuation
[2022-10-27T10:11:21.444+0200][gc,phases   ] GC(13)   Pre Evacuate Collection Set: 0,2ms
[2022-10-27T10:11:21.444+0200][gc,phases   ] GC(13)   Merge Heap Roots: 0,1ms
[2022-10-27T10:11:21.444+0200][gc,phases   ] GC(13)   Evacuate Collection Set: 10,0ms
[2022-10-27T10:11:21.444+0200][gc,phases   ] GC(13)   Post Evacuate Collection Set: 0,4ms
[2022-10-27T10:11:21.444+0200][gc,phases   ] GC(13)   Other: 0,1ms
[2022-10-27T10:11:21.444+0200][gc,heap     ] GC(13) Eden regions: 89->0(119)
[2022-10-27T10:11:21.444+0200][gc,heap     ] GC(13) Survivor regions: 6->7(12)
[2022-10-27T10:11:21.444+0200][gc,heap     ] GC(13) Old regions: 24->24
[2022-10-27T10:11:21.444+0200][gc,heap     ] GC(13) Archive regions: 2->2
[2022-10-27T10:11:21.444+0200][gc,heap     ] GC(13) Humongous regions: 129->129
[2022-10-27T10:11:21.444+0200][gc,metaspace] GC(13) Metaspace: 42487K(43072K)->42487K(43072K) NonClass: 37579K(37888K)->37579K(37888K) Class: 4907K(5184K)->4907K(5184K)
[2022-10-27T10:11:21.444+0200][gc          ] GC(13) Pause Young (Normal) (G1 Evacuation Pause) 247M->160M(1024M) 10,839ms
[2022-10-27T10:11:21.444+0200][gc,cpu      ] GC(13) User=0,04s Sys=0,00s Real=0,01s
[2022-10-27T10:11:26.118+0200][gc,start    ] GC(14) Pause Young (Normal) (G1 Evacuation Pause)
[2022-10-27T10:11:26.118+0200][gc,task     ] GC(14) Using 8 workers of 8 for evacuation
[2022-10-27T10:11:26.130+0200][gc,phases   ] GC(14)   Pre Evacuate Collection Set: 0,2ms
[2022-10-27T10:11:26.130+0200][gc,phases   ] GC(14)   Merge Heap Roots: 0,1ms
[2022-10-27T10:11:26.130+0200][gc,phases   ] GC(14)   Evacuate Collection Set: 11,1ms
[2022-10-27T10:11:26.130+0200][gc,phases   ] GC(14)   Post Evacuate Collection Set: 0,4ms
[2022-10-27T10:11:26.130+0200][gc,phases   ] GC(14)   Other: 0,2ms
[2022-10-27T10:11:26.130+0200][gc,heap     ] GC(14) Eden regions: 104->0(141)
[2022-10-27T10:11:26.130+0200][gc,heap     ] GC(14) Survivor regions: 7->10(14)
[2022-10-27T10:11:26.130+0200][gc,heap     ] GC(14) Old regions: 24->24
[2022-10-27T10:11:26.130+0200][gc,heap     ] GC(14) Archive regions: 2->2
[2022-10-27T10:11:26.130+0200][gc,heap     ] GC(14) Humongous regions: 129->129
[2022-10-27T10:11:26.130+0200][gc,metaspace] GC(14) Metaspace: 42493K(43136K)->42493K(43136K) NonClass: 37586K(37952K)->37586K(37952K) Class: 4907K(5184K)->4907K(5184K)
[2022-10-27T10:11:26.130+0200][gc          ] GC(14) Pause Young (Normal) (G1 Evacuation Pause) 264M->162M(1024M) 12,000ms
[2022-10-27T10:11:26.130+0200][gc,cpu      ] GC(14) User=0,04s Sys=0,00s Real=0,01s
[2022-10-27T10:13:13.363+0200][gc,start    ] GC(15) Pause Young (Normal) (G1 Evacuation Pause)
[2022-10-27T10:13:13.363+0200][gc,task     ] GC(15) Using 8 workers of 8 for evacuation
[2022-10-27T10:13:13.380+0200][gc,phases   ] GC(15)   Pre Evacuate Collection Set: 0,1ms
[2022-10-27T10:13:13.380+0200][gc,phases   ] GC(15)   Merge Heap Roots: 0,1ms
[2022-10-27T10:13:13.380+0200][gc,phases   ] GC(15)   Evacuate Collection Set: 15,5ms
[2022-10-27T10:13:13.380+0200][gc,phases   ] GC(15)   Post Evacuate Collection Set: 0,5ms
[2022-10-27T10:13:13.380+0200][gc,phases   ] GC(15)   Other: 0,1ms
[2022-10-27T10:13:13.380+0200][gc,heap     ] GC(15) Eden regions: 141->0(158)
[2022-10-27T10:13:13.380+0200][gc,heap     ] GC(15) Survivor regions: 10->13(19)
[2022-10-27T10:13:13.380+0200][gc,heap     ] GC(15) Old regions: 24->24
[2022-10-27T10:13:13.380+0200][gc,heap     ] GC(15) Archive regions: 2->2
[2022-10-27T10:13:13.380+0200][gc,heap     ] GC(15) Humongous regions: 129->129
[2022-10-27T10:13:13.380+0200][gc,metaspace] GC(15) Metaspace: 42547K(43136K)->42547K(43136K) NonClass: 37638K(37952K)->37638K(37952K) Class: 4908K(5184K)->4908K(5184K)
[2022-10-27T10:13:13.380+0200][gc          ] GC(15) Pause Young (Normal) (G1 Evacuation Pause) 303M->166M(1024M) 16,448ms
[2022-10-27T10:13:13.380+0200][gc,cpu      ] GC(15) User=0,05s Sys=0,00s Real=0,02s
[2022-10-27T10:15:27.367+0200][gc,start    ] GC(16) Pause Young (Normal) (G1 Evacuation Pause)
[2022-10-27T10:15:27.367+0200][gc,task     ] GC(16) Using 8 workers of 8 for evacuation
[2022-10-27T10:15:27.382+0200][gc,phases   ] GC(16)   Pre Evacuate Collection Set: 0,1ms
[2022-10-27T10:15:27.382+0200][gc,phases   ] GC(16)   Merge Heap Roots: 0,1ms
[2022-10-27T10:15:27.382+0200][gc,phases   ] GC(16)   Evacuate Collection Set: 13,7ms
[2022-10-27T10:15:27.382+0200][gc,phases   ] GC(16)   Post Evacuate Collection Set: 0,3ms
[2022-10-27T10:15:27.382+0200][gc,phases   ] GC(16)   Other: 0,1ms
[2022-10-27T10:15:27.382+0200][gc,heap     ] GC(16) Eden regions: 158->0(127)
[2022-10-27T10:15:27.382+0200][gc,heap     ] GC(16) Survivor regions: 13->19(22)
[2022-10-27T10:15:27.382+0200][gc,heap     ] GC(16) Old regions: 24->27
[2022-10-27T10:15:27.382+0200][gc,heap     ] GC(16) Archive regions: 2->2
[2022-10-27T10:15:27.382+0200][gc,heap     ] GC(16) Humongous regions: 129->129
[2022-10-27T10:15:27.382+0200][gc,metaspace] GC(16) Metaspace: 42562K(43136K)->42562K(43136K) NonClass: 37654K(37952K)->37654K(37952K) Class: 4908K(5184K)->4908K(5184K)
[2022-10-27T10:15:27.382+0200][gc          ] GC(16) Pause Young (Normal) (G1 Evacuation Pause) 324M->174M(1024M) 14,412ms
[2022-10-27T10:15:27.382+0200][gc,cpu      ] GC(16) User=0,07s Sys=0,02s Real=0,01s
[2022-10-27T10:15:45.402+0200][gc,start    ] GC(17) Pause Young (Normal) (G1 Evacuation Pause)
[2022-10-27T10:15:45.402+0200][gc,task     ] GC(17) Using 8 workers of 8 for evacuation
[2022-10-27T10:15:45.424+0200][gc,mmu      ] GC(17) MMU target violated: 21,0ms (20,0ms/21,0ms)
[2022-10-27T10:15:45.424+0200][gc,phases   ] GC(17)   Pre Evacuate Collection Set: 0,1ms
[2022-10-27T10:15:45.424+0200][gc,phases   ] GC(17)   Merge Heap Roots: 0,1ms
[2022-10-27T10:15:45.424+0200][gc,phases   ] GC(17)   Evacuate Collection Set: 21,6ms
[2022-10-27T10:15:45.424+0200][gc,phases   ] GC(17)   Post Evacuate Collection Set: 0,4ms
[2022-10-27T10:15:45.424+0200][gc,phases   ] GC(17)   Other: 0,2ms
[2022-10-27T10:15:45.424+0200][gc,heap     ] GC(17) Eden regions: 101->0(210)
[2022-10-27T10:15:45.424+0200][gc,heap     ] GC(17) Survivor regions: 19->5(15)
[2022-10-27T10:15:45.424+0200][gc,heap     ] GC(17) Old regions: 27->44
[2022-10-27T10:15:45.424+0200][gc,heap     ] GC(17) Archive regions: 2->2
[2022-10-27T10:15:45.424+0200][gc,heap     ] GC(17) Humongous regions: 129->129
[2022-10-27T10:15:45.424+0200][gc,metaspace] GC(17) Metaspace: 42578K(43136K)->42578K(43136K) NonClass: 37669K(37952K)->37669K(37952K) Class: 4908K(5184K)->4908K(5184K)
[2022-10-27T10:15:45.424+0200][gc          ] GC(17) Pause Young (Normal) (G1 Evacuation Pause) 275M->178M(1024M) 22,439ms
[2022-10-27T10:15:45.424+0200][gc,cpu      ] GC(17) User=0,08s Sys=0,00s Real=0,02s
[2022-10-27T10:15:53.937+0200][gc,start    ] GC(18) Pause Young (Normal) (G1 Evacuation Pause)
[2022-10-27T10:15:53.937+0200][gc,task     ] GC(18) Using 8 workers of 8 for evacuation
[2022-10-27T10:15:53.952+0200][gc,phases   ] GC(18)   Pre Evacuate Collection Set: 0,2ms
[2022-10-27T10:15:53.952+0200][gc,phases   ] GC(18)   Merge Heap Roots: 0,2ms
[2022-10-27T10:15:53.952+0200][gc,phases   ] GC(18)   Evacuate Collection Set: 13,7ms
[2022-10-27T10:15:53.952+0200][gc,phases   ] GC(18)   Post Evacuate Collection Set: 0,4ms
[2022-10-27T10:15:53.952+0200][gc,phases   ] GC(18)   Other: 0,1ms
[2022-10-27T10:15:53.952+0200][gc,heap     ] GC(18) Eden regions: 202->0(272)
[2022-10-27T10:15:53.952+0200][gc,heap     ] GC(18) Survivor regions: 5->9(26)
[2022-10-27T10:15:53.952+0200][gc,heap     ] GC(18) Old regions: 44->44
[2022-10-27T10:15:53.952+0200][gc,heap     ] GC(18) Archive regions: 2->2
[2022-10-27T10:15:53.952+0200][gc,heap     ] GC(18) Humongous regions: 129->129
[2022-10-27T10:15:53.952+0200][gc,metaspace] GC(18) Metaspace: 42588K(43136K)->42588K(43136K) NonClass: 37679K(37952K)->37679K(37952K) Class: 4908K(5184K)->4908K(5184K)
[2022-10-27T10:15:53.952+0200][gc          ] GC(18) Pause Young (Normal) (G1 Evacuation Pause) 380M->182M(1024M) 14,815ms
[2022-10-27T10:15:53.952+0200][gc,cpu      ] GC(18) User=0,04s Sys=0,01s Real=0,02s
[2022-10-27T10:21:22.392+0200][gc,start    ] GC(19) Pause Young (Normal) (G1 Evacuation Pause)
[2022-10-27T10:21:22.392+0200][gc,task     ] GC(19) Using 8 workers of 8 for evacuation
[2022-10-27T10:21:22.407+0200][gc,phases   ] GC(19)   Pre Evacuate Collection Set: 0,2ms
[2022-10-27T10:21:22.407+0200][gc,phases   ] GC(19)   Merge Heap Roots: 0,1ms
[2022-10-27T10:21:22.407+0200][gc,phases   ] GC(19)   Evacuate Collection Set: 14,2ms
[2022-10-27T10:21:22.407+0200][gc,phases   ] GC(19)   Post Evacuate Collection Set: 0,4ms
[2022-10-27T10:21:22.407+0200][gc,phases   ] GC(19)   Other: 0,2ms
[2022-10-27T10:21:22.407+0200][gc,heap     ] GC(19) Eden regions: 272->0(100)
[2022-10-27T10:21:22.407+0200][gc,heap     ] GC(19) Survivor regions: 9->19(36)
[2022-10-27T10:21:22.407+0200][gc,heap     ] GC(19) Old regions: 44->44
[2022-10-27T10:21:22.407+0200][gc,heap     ] GC(19) Archive regions: 2->2
[2022-10-27T10:21:22.407+0200][gc,heap     ] GC(19) Humongous regions: 129->129
[2022-10-27T10:21:22.407+0200][gc,metaspace] GC(19) Metaspace: 42622K(43200K)->42622K(43200K) NonClass: 37713K(38016K)->37713K(38016K) Class: 4908K(5184K)->4908K(5184K)
[2022-10-27T10:21:22.407+0200][gc          ] GC(19) Pause Young (Normal) (G1 Evacuation Pause) 454M->192M(1024M) 15,181ms
[2022-10-27T10:21:22.407+0200][gc,cpu      ] GC(19) User=0,07s Sys=0,01s Real=0,02s
[2022-10-27T10:21:37.933+0200][gc,start    ] GC(20) Pause Young (Normal) (G1 Evacuation Pause)
[2022-10-27T10:21:37.933+0200][gc,task     ] GC(20) Using 8 workers of 8 for evacuation
[2022-10-27T10:21:37.947+0200][gc,phases   ] GC(20)   Pre Evacuate Collection Set: 0,1ms
[2022-10-27T10:21:37.947+0200][gc,phases   ] GC(20)   Merge Heap Roots: 0,1ms
[2022-10-27T10:21:37.947+0200][gc,phases   ] GC(20)   Evacuate Collection Set: 12,7ms
[2022-10-27T10:21:37.947+0200][gc,phases   ] GC(20)   Post Evacuate Collection Set: 0,5ms
[2022-10-27T10:21:37.947+0200][gc,phases   ] GC(20)   Other: 0,1ms
[2022-10-27T10:21:37.947+0200][gc,heap     ] GC(20) Eden regions: 100->0(348)
[2022-10-27T10:21:37.947+0200][gc,heap     ] GC(20) Survivor regions: 19->5(15)
[2022-10-27T10:21:37.947+0200][gc,heap     ] GC(20) Old regions: 44->62
[2022-10-27T10:21:37.947+0200][gc,heap     ] GC(20) Archive regions: 2->2
[2022-10-27T10:21:37.947+0200][gc,heap     ] GC(20) Humongous regions: 129->129
[2022-10-27T10:21:37.947+0200][gc,metaspace] GC(20) Metaspace: 42624K(43200K)->42624K(43200K) NonClass: 37716K(38016K)->37716K(38016K) Class: 4908K(5184K)->4908K(5184K)
[2022-10-27T10:21:37.947+0200][gc          ] GC(20) Pause Young (Normal) (G1 Evacuation Pause) 292M->196M(1024M) 13,622ms
[2022-10-27T10:21:37.947+0200][gc,cpu      ] GC(20) User=0,08s Sys=0,02s Real=0,02s
[2022-10-27T10:25:33.913+0200][gc,start    ] GC(21) Pause Young (Normal) (G1 Evacuation Pause)
[2022-10-27T10:25:33.913+0200][gc,task     ] GC(21) Using 8 workers of 8 for evacuation
[2022-10-27T10:25:33.932+0200][gc,phases   ] GC(21)   Pre Evacuate Collection Set: 0,2ms
[2022-10-27T10:25:33.932+0200][gc,phases   ] GC(21)   Merge Heap Roots: 0,1ms
[2022-10-27T10:25:33.932+0200][gc,phases   ] GC(21)   Evacuate Collection Set: 17,7ms
[2022-10-27T10:25:33.932+0200][gc,phases   ] GC(21)   Post Evacuate Collection Set: 0,6ms
[2022-10-27T10:25:33.932+0200][gc,phases   ] GC(21)   Other: 0,1ms
[2022-10-27T10:25:33.932+0200][gc,heap     ] GC(21) Eden regions: 348->0(310)
[2022-10-27T10:25:33.932+0200][gc,heap     ] GC(21) Survivor regions: 5->11(45)
[2022-10-27T10:25:33.932+0200][gc,heap     ] GC(21) Old regions: 62->62
[2022-10-27T10:25:33.932+0200][gc,heap     ] GC(21) Archive regions: 2->2
[2022-10-27T10:25:33.932+0200][gc,heap     ] GC(21) Humongous regions: 129->129
[2022-10-27T10:25:33.932+0200][gc,metaspace] GC(21) Metaspace: 42649K(43200K)->42649K(43200K) NonClass: 37740K(38016K)->37740K(38016K) Class: 4908K(5184K)->4908K(5184K)
[2022-10-27T10:25:33.932+0200][gc          ] GC(21) Pause Young (Normal) (G1 Evacuation Pause) 544M->202M(1024M) 18,823ms
[2022-10-27T10:25:33.932+0200][gc,cpu      ] GC(21) User=0,05s Sys=0,00s Real=0,02s
[2022-10-27T10:26:01.807+0200][gc,start    ] GC(22) Pause Young (Normal) (G1 Evacuation Pause)
[2022-10-27T10:26:01.807+0200][gc,task     ] GC(22) Using 8 workers of 8 for evacuation
[2022-10-27T10:26:01.831+0200][gc,mmu      ] GC(22) MMU target violated: 21,0ms (20,0ms/21,0ms)
[2022-10-27T10:26:01.832+0200][gc,phases   ] GC(22)   Pre Evacuate Collection Set: 0,1ms
[2022-10-27T10:26:01.832+0200][gc,phases   ] GC(22)   Merge Heap Roots: 0,2ms
[2022-10-27T10:26:01.832+0200][gc,phases   ] GC(22)   Evacuate Collection Set: 23,2ms
[2022-10-27T10:26:01.832+0200][gc,phases   ] GC(22)   Post Evacuate Collection Set: 0,6ms
[2022-10-27T10:26:01.832+0200][gc,phases   ] GC(22)   Other: 0,2ms
[2022-10-27T10:26:01.832+0200][gc,heap     ] GC(22) Eden regions: 310->0(145)
[2022-10-27T10:26:01.832+0200][gc,heap     ] GC(22) Survivor regions: 11->23(41)
[2022-10-27T10:26:01.832+0200][gc,heap     ] GC(22) Old regions: 62->62
[2022-10-27T10:26:01.832+0200][gc,heap     ] GC(22) Archive regions: 2->2
[2022-10-27T10:26:01.832+0200][gc,heap     ] GC(22) Humongous regions: 129->129
[2022-10-27T10:26:01.832+0200][gc,metaspace] GC(22) Metaspace: 42656K(43200K)->42656K(43200K) NonClass: 37747K(38016K)->37747K(38016K) Class: 4908K(5184K)->4908K(5184K)
[2022-10-27T10:26:01.832+0200][gc          ] GC(22) Pause Young (Normal) (G1 Evacuation Pause) 512M->214M(1024M) 24,342ms
[2022-10-27T10:26:01.832+0200][gc,cpu      ] GC(22) User=0,08s Sys=0,00s Real=0,02s
[2022-10-27T10:26:06.759+0200][gc,start    ] GC(23) Pause Young (Normal) (G1 Evacuation Pause)
[2022-10-27T10:26:06.759+0200][gc,task     ] GC(23) Using 8 workers of 8 for evacuation
[2022-10-27T10:26:06.791+0200][gc,mmu      ] GC(23) MMU target violated: 21,0ms (20,0ms/21,0ms)
[2022-10-27T10:26:06.791+0200][gc,phases   ] GC(23)   Pre Evacuate Collection Set: 0,5ms
[2022-10-27T10:26:06.791+0200][gc,phases   ] GC(23)   Merge Heap Roots: 0,1ms
[2022-10-27T10:26:06.791+0200][gc,phases   ] GC(23)   Evacuate Collection Set: 30,4ms
[2022-10-27T10:26:06.791+0200][gc,phases   ] GC(23)   Post Evacuate Collection Set: 0,6ms
[2022-10-27T10:26:06.791+0200][gc,phases   ] GC(23)   Other: 0,2ms
[2022-10-27T10:26:06.791+0200][gc,heap     ] GC(23) Eden regions: 145->0(388)
[2022-10-27T10:26:06.791+0200][gc,heap     ] GC(23) Survivor regions: 23->5(21)
[2022-10-27T10:26:06.791+0200][gc,heap     ] GC(23) Old regions: 62->85
[2022-10-27T10:26:06.791+0200][gc,heap     ] GC(23) Archive regions: 2->2
[2022-10-27T10:26:06.791+0200][gc,heap     ] GC(23) Humongous regions: 129->129
[2022-10-27T10:26:06.791+0200][gc,metaspace] GC(23) Metaspace: 42661K(43264K)->42661K(43264K) NonClass: 37752K(38080K)->37752K(38080K) Class: 4908K(5184K)->4908K(5184K)
[2022-10-27T10:26:06.791+0200][gc          ] GC(23) Pause Young (Normal) (G1 Evacuation Pause) 359M->218M(1024M) 31,901ms
[2022-10-27T10:26:06.791+0200][gc,cpu      ] GC(23) User=0,09s Sys=0,02s Real=0,03s
[2022-10-27T10:33:02.965+0200][gc,start    ] GC(24) Pause Young (Normal) (G1 Evacuation Pause)
[2022-10-27T10:33:02.965+0200][gc,task     ] GC(24) Using 8 workers of 8 for evacuation
[2022-10-27T10:33:02.999+0200][gc,mmu      ] GC(24) MMU target violated: 21,0ms (20,0ms/21,0ms)
[2022-10-27T10:33:02.999+0200][gc,phases   ] GC(24)   Pre Evacuate Collection Set: 0,2ms
[2022-10-27T10:33:02.999+0200][gc,phases   ] GC(24)   Merge Heap Roots: 0,2ms
[2022-10-27T10:33:02.999+0200][gc,phases   ] GC(24)   Evacuate Collection Set: 32,7ms
[2022-10-27T10:33:02.999+0200][gc,phases   ] GC(24)   Post Evacuate Collection Set: 0,6ms
[2022-10-27T10:33:02.999+0200][gc,phases   ] GC(24)   Other: 0,2ms
[2022-10-27T10:33:02.999+0200][gc,heap     ] GC(24) Eden regions: 388->0(31)
[2022-10-27T10:33:02.999+0200][gc,heap     ] GC(24) Survivor regions: 5->20(50)
[2022-10-27T10:33:02.999+0200][gc,heap     ] GC(24) Old regions: 85->85
[2022-10-27T10:33:02.999+0200][gc,heap     ] GC(24) Archive regions: 2->2
[2022-10-27T10:33:02.999+0200][gc,heap     ] GC(24) Humongous regions: 129->129
[2022-10-27T10:33:02.999+0200][gc,metaspace] GC(24) Metaspace: 42708K(43264K)->42708K(43264K) NonClass: 37799K(38080K)->37799K(38080K) Class: 4908K(5184K)->4908K(5184K)
[2022-10-27T10:33:02.999+0200][gc          ] GC(24) Pause Young (Normal) (G1 Evacuation Pause) 606M->233M(1024M) 33,957ms
[2022-10-27T10:33:02.999+0200][gc,cpu      ] GC(24) User=0,08s Sys=0,02s Real=0,04s
[2022-10-27T10:33:04.396+0200][gc,start    ] GC(25) Pause Young (Normal) (G1 Evacuation Pause)
[2022-10-27T10:33:04.396+0200][gc,task     ] GC(25) Using 8 workers of 8 for evacuation
[2022-10-27T10:33:04.441+0200][gc,mmu      ] GC(25) MMU target violated: 21,0ms (20,0ms/21,0ms)
[2022-10-27T10:33:04.441+0200][gc,phases   ] GC(25)   Pre Evacuate Collection Set: 0,2ms
[2022-10-27T10:33:04.441+0200][gc,phases   ] GC(25)   Merge Heap Roots: 1,5ms
[2022-10-27T10:33:04.441+0200][gc,phases   ] GC(25)   Evacuate Collection Set: 41,9ms
[2022-10-27T10:33:04.441+0200][gc,phases   ] GC(25)   Post Evacuate Collection Set: 1,0ms
[2022-10-27T10:33:04.441+0200][gc,phases   ] GC(25)   Other: 0,2ms
[2022-10-27T10:33:04.441+0200][gc,heap     ] GC(25) Eden regions: 31->0(295)
[2022-10-27T10:33:04.441+0200][gc,heap     ] GC(25) Survivor regions: 20->3(7)
[2022-10-27T10:33:04.441+0200][gc,heap     ] GC(25) Old regions: 85->103
[2022-10-27T10:33:04.441+0200][gc,heap     ] GC(25) Archive regions: 2->2
[2022-10-27T10:33:04.441+0200][gc,heap     ] GC(25) Humongous regions: 129->129
[2022-10-27T10:33:04.441+0200][gc,metaspace] GC(25) Metaspace: 42708K(43264K)->42708K(43264K) NonClass: 37799K(38080K)->37799K(38080K) Class: 4908K(5184K)->4908K(5184K)
[2022-10-27T10:33:04.441+0200][gc          ] GC(25) Pause Young (Normal) (G1 Evacuation Pause) 264M->235M(1024M) 44,745ms
[2022-10-27T10:33:04.441+0200][gc,cpu      ] GC(25) User=0,06s Sys=0,02s Real=0,05s
[2022-10-27T10:43:40.555+0200][gc,start    ] GC(26) Pause Young (Normal) (G1 Evacuation Pause)
[2022-10-27T10:43:40.555+0200][gc,task     ] GC(26) Using 8 workers of 8 for evacuation
[2022-10-27T10:43:40.574+0200][gc,phases   ] GC(26)   Pre Evacuate Collection Set: 0,2ms
[2022-10-27T10:43:40.574+0200][gc,phases   ] GC(26)   Merge Heap Roots: 0,2ms
[2022-10-27T10:43:40.574+0200][gc,phases   ] GC(26)   Evacuate Collection Set: 18,5ms
[2022-10-27T10:43:40.574+0200][gc,phases   ] GC(26)   Post Evacuate Collection Set: 0,5ms
[2022-10-27T10:43:40.574+0200][gc,phases   ] GC(26)   Other: 0,1ms
[2022-10-27T10:43:40.574+0200][gc,heap     ] GC(26) Eden regions: 295->0(162)
[2022-10-27T10:43:40.574+0200][gc,heap     ] GC(26) Survivor regions: 3->10(38)
[2022-10-27T10:43:40.574+0200][gc,heap     ] GC(26) Old regions: 103->103
[2022-10-27T10:43:40.574+0200][gc,heap     ] GC(26) Archive regions: 2->2
[2022-10-27T10:43:40.574+0200][gc,heap     ] GC(26) Humongous regions: 129->129
[2022-10-27T10:43:40.575+0200][gc,metaspace] GC(26) Metaspace: 42784K(43392K)->42784K(43392K) NonClass: 37873K(38208K)->37873K(38208K) Class: 4910K(5184K)->4910K(5184K)
[2022-10-27T10:43:40.575+0200][gc          ] GC(26) Pause Young (Normal) (G1 Evacuation Pause) 530M->242M(1024M) 19,626ms
[2022-10-27T10:43:40.575+0200][gc,cpu      ] GC(26) User=0,05s Sys=0,00s Real=0,02s
[2022-10-27T10:43:48.573+0200][gc,start    ] GC(27) Pause Young (Normal) (G1 Evacuation Pause)
[2022-10-27T10:43:48.574+0200][gc,task     ] GC(27) Using 8 workers of 8 for evacuation
[2022-10-27T10:43:48.593+0200][gc,phases   ] GC(27)   Pre Evacuate Collection Set: 0,2ms
[2022-10-27T10:43:48.593+0200][gc,phases   ] GC(27)   Merge Heap Roots: 0,1ms
[2022-10-27T10:43:48.593+0200][gc,phases   ] GC(27)   Evacuate Collection Set: 18,5ms
[2022-10-27T10:43:48.593+0200][gc,phases   ] GC(27)   Post Evacuate Collection Set: 0,3ms
[2022-10-27T10:43:48.593+0200][gc,phases   ] GC(27)   Other: 0,1ms
[2022-10-27T10:43:48.593+0200][gc,heap     ] GC(27) Eden regions: 160->0(32)
[2022-10-27T10:43:48.593+0200][gc,heap     ] GC(27) Survivor regions: 10->19(22)
[2022-10-27T10:43:48.593+0200][gc,heap     ] GC(27) Old regions: 103->103
[2022-10-27T10:43:48.593+0200][gc,heap     ] GC(27) Archive regions: 2->2
[2022-10-27T10:43:48.593+0200][gc,heap     ] GC(27) Humongous regions: 129->129
[2022-10-27T10:43:48.593+0200][gc,metaspace] GC(27) Metaspace: 42788K(43392K)->42788K(43392K) NonClass: 37878K(38208K)->37878K(38208K) Class: 4910K(5184K)->4910K(5184K)
[2022-10-27T10:43:48.593+0200][gc          ] GC(27) Pause Young (Normal) (G1 Evacuation Pause) 402M->251M(1024M) 19,333ms
[2022-10-27T10:43:48.593+0200][gc,cpu      ] GC(27) User=0,06s Sys=0,01s Real=0,02s
[2022-10-27T10:43:49.914+0200][gc,start    ] GC(28) Pause Young (Normal) (G1 Evacuation Pause)
[2022-10-27T10:43:49.914+0200][gc,task     ] GC(28) Using 8 workers of 8 for evacuation
[2022-10-27T10:43:49.928+0200][gc,phases   ] GC(28)   Pre Evacuate Collection Set: 0,1ms
[2022-10-27T10:43:49.928+0200][gc,phases   ] GC(28)   Merge Heap Roots: 0,1ms
[2022-10-27T10:43:49.928+0200][gc,phases   ] GC(28)   Evacuate Collection Set: 13,2ms
[2022-10-27T10:43:49.928+0200][gc,phases   ] GC(28)   Post Evacuate Collection Set: 0,3ms
[2022-10-27T10:43:49.928+0200][gc,phases   ] GC(28)   Other: 0,1ms
[2022-10-27T10:43:49.928+0200][gc,heap     ] GC(28) Eden regions: 32->0(296)
[2022-10-27T10:43:49.928+0200][gc,heap     ] GC(28) Survivor regions: 19->3(7)
[2022-10-27T10:43:49.928+0200][gc,heap     ] GC(28) Old regions: 103->121
[2022-10-27T10:43:49.928+0200][gc,heap     ] GC(28) Archive regions: 2->2
[2022-10-27T10:43:49.928+0200][gc,heap     ] GC(28) Humongous regions: 129->129
[2022-10-27T10:43:49.928+0200][gc,metaspace] GC(28) Metaspace: 42788K(43392K)->42788K(43392K) NonClass: 37878K(38208K)->37878K(38208K) Class: 4910K(5184K)->4910K(5184K)
[2022-10-27T10:43:49.928+0200][gc          ] GC(28) Pause Young (Normal) (G1 Evacuation Pause) 283M->253M(1024M) 13,863ms
[2022-10-27T10:43:49.928+0200][gc,cpu      ] GC(28) User=0,08s Sys=0,00s Real=0,02s
[2022-10-27T10:44:16.217+0200][gc,start    ] GC(29) Pause Young (Normal) (G1 Evacuation Pause)
[2022-10-27T10:44:16.217+0200][gc,task     ] GC(29) Using 8 workers of 8 for evacuation
[2022-10-27T10:44:16.228+0200][gc,phases   ] GC(29)   Pre Evacuate Collection Set: 0,2ms
[2022-10-27T10:44:16.228+0200][gc,phases   ] GC(29)   Merge Heap Roots: 0,1ms
[2022-10-27T10:44:16.228+0200][gc,phases   ] GC(29)   Evacuate Collection Set: 10,2ms
[2022-10-27T10:44:16.228+0200][gc,phases   ] GC(29)   Post Evacuate Collection Set: 0,5ms
[2022-10-27T10:44:16.228+0200][gc,phases   ] GC(29)   Other: 0,1ms
[2022-10-27T10:44:16.228+0200][gc,heap     ] GC(29) Eden regions: 296->0(277)
[2022-10-27T10:44:16.228+0200][gc,heap     ] GC(29) Survivor regions: 3->9(38)
[2022-10-27T10:44:16.228+0200][gc,heap     ] GC(29) Old regions: 121->121
[2022-10-27T10:44:16.228+0200][gc,heap     ] GC(29) Archive regions: 2->2
[2022-10-27T10:44:16.228+0200][gc,heap     ] GC(29) Humongous regions: 129->129
[2022-10-27T10:44:16.228+0200][gc,metaspace] GC(29) Metaspace: 42799K(43392K)->42799K(43392K) NonClass: 37889K(38208K)->37889K(38208K) Class: 4910K(5184K)->4910K(5184K)
[2022-10-27T10:44:16.228+0200][gc          ] GC(29) Pause Young (Normal) (G1 Evacuation Pause) 549M->258M(1024M) 11,233ms
[2022-10-27T10:44:16.228+0200][gc,cpu      ] GC(29) User=0,03s Sys=0,00s Real=0,02s
[2022-10-27T10:46:31.671+0200][gc,start    ] GC(30) Pause Young (Normal) (G1 Evacuation Pause)
[2022-10-27T10:46:31.671+0200][gc,task     ] GC(30) Using 8 workers of 8 for evacuation
[2022-10-27T10:46:31.692+0200][gc,mmu      ] GC(30) MMU target violated: 20,8ms (20,0ms/21,0ms)
[2022-10-27T10:46:31.692+0200][gc,phases   ] GC(30)   Pre Evacuate Collection Set: 0,1ms
[2022-10-27T10:46:31.692+0200][gc,phases   ] GC(30)   Merge Heap Roots: 0,1ms
[2022-10-27T10:46:31.692+0200][gc,phases   ] GC(30)   Evacuate Collection Set: 19,6ms
[2022-10-27T10:46:31.692+0200][gc,phases   ] GC(30)   Post Evacuate Collection Set: 0,9ms
[2022-10-27T10:46:31.692+0200][gc,phases   ] GC(30)   Other: 0,2ms
[2022-10-27T10:46:31.692+0200][gc,heap     ] GC(30) Eden regions: 277->0(180)
[2022-10-27T10:46:31.692+0200][gc,heap     ] GC(30) Survivor regions: 9->16(36)
[2022-10-27T10:46:31.692+0200][gc,heap     ] GC(30) Old regions: 121->121
[2022-10-27T10:46:31.692+0200][gc,heap     ] GC(30) Archive regions: 2->2
[2022-10-27T10:46:31.692+0200][gc,heap     ] GC(30) Humongous regions: 129->129
[2022-10-27T10:46:31.692+0200][gc,metaspace] GC(30) Metaspace: 42808K(43392K)->42808K(43392K) NonClass: 37897K(38208K)->37897K(38208K) Class: 4910K(5184K)->4910K(5184K)
[2022-10-27T10:46:31.692+0200][gc          ] GC(30) Pause Young (Normal) (G1 Evacuation Pause) 535M->266M(1024M) 21,100ms
[2022-10-27T10:46:31.692+0200][gc,cpu      ] GC(30) User=0,07s Sys=0,00s Real=0,02s
[2022-10-27T10:46:54.749+0200][gc,start    ] GC(31) Pause Young (Normal) (G1 Evacuation Pause)
[2022-10-27T10:46:54.749+0200][gc,task     ] GC(31) Using 8 workers of 8 for evacuation
[2022-10-27T10:46:54.791+0200][gc,mmu      ] GC(31) MMU target violated: 21,0ms (20,0ms/21,0ms)
[2022-10-27T10:46:54.791+0200][gc,phases   ] GC(31)   Pre Evacuate Collection Set: 0,2ms
[2022-10-27T10:46:54.791+0200][gc,phases   ] GC(31)   Merge Heap Roots: 0,2ms
[2022-10-27T10:46:54.791+0200][gc,phases   ] GC(31)   Evacuate Collection Set: 41,1ms
[2022-10-27T10:46:54.791+0200][gc,phases   ] GC(31)   Post Evacuate Collection Set: 0,6ms
[2022-10-27T10:46:54.791+0200][gc,phases   ] GC(31)   Other: 0,2ms
[2022-10-27T10:46:54.791+0200][gc,heap     ] GC(31) Eden regions: 180->0(206)
[2022-10-27T10:46:54.791+0200][gc,heap     ] GC(31) Survivor regions: 16->13(25)
[2022-10-27T10:46:54.791+0200][gc,heap     ] GC(31) Old regions: 121->128
[2022-10-27T10:46:54.792+0200][gc,heap     ] GC(31) Archive regions: 2->2
[2022-10-27T10:46:54.792+0200][gc,heap     ] GC(31) Humongous regions: 129->129
[2022-10-27T10:46:54.792+0200][gc,metaspace] GC(31) Metaspace: 42818K(43392K)->42818K(43392K) NonClass: 37908K(38208K)->37908K(38208K) Class: 4910K(5184K)->4910K(5184K)
[2022-10-27T10:46:54.792+0200][gc          ] GC(31) Pause Young (Normal) (G1 Evacuation Pause) 446M->270M(1024M) 42,327ms
[2022-10-27T10:46:54.792+0200][gc,cpu      ] GC(31) User=0,08s Sys=0,00s Real=0,04s
[2022-10-27T10:51:28.730+0200][gc,start    ] GC(32) Pause Young (Normal) (G1 Evacuation Pause)
[2022-10-27T10:51:28.730+0200][gc,task     ] GC(32) Using 8 workers of 8 for evacuation
[2022-10-27T10:51:28.738+0200][gc,phases   ] GC(32)   Pre Evacuate Collection Set: 0,2ms
[2022-10-27T10:51:28.738+0200][gc,phases   ] GC(32)   Merge Heap Roots: 0,1ms
[2022-10-27T10:51:28.738+0200][gc,phases   ] GC(32)   Evacuate Collection Set: 7,6ms
[2022-10-27T10:51:28.738+0200][gc,phases   ] GC(32)   Post Evacuate Collection Set: 0,3ms
[2022-10-27T10:51:28.738+0200][gc,phases   ] GC(32)   Other: 0,1ms
[2022-10-27T10:51:28.738+0200][gc,heap     ] GC(32) Eden regions: 201->0(163)
[2022-10-27T10:51:28.738+0200][gc,heap     ] GC(32) Survivor regions: 13->18(27)
[2022-10-27T10:51:28.738+0200][gc,heap     ] GC(32) Old regions: 128->128
[2022-10-27T10:51:28.738+0200][gc,heap     ] GC(32) Archive regions: 2->2
[2022-10-27T10:51:28.738+0200][gc,heap     ] GC(32) Humongous regions: 129->129
[2022-10-27T10:51:28.738+0200][gc,metaspace] GC(32) Metaspace: 42820K(43392K)->42820K(43392K) NonClass: 37910K(38208K)->37910K(38208K) Class: 4910K(5184K)->4910K(5184K)
[2022-10-27T10:51:28.738+0200][gc          ] GC(32) Pause Young (Normal) (G1 Evacuation Pause) 471M->275M(1024M) 8,463ms
[2022-10-27T10:51:28.738+0200][gc,cpu      ] GC(32) User=0,06s Sys=0,00s Real=0,01s
[2022-10-27T10:56:57.648+0200][gc,start    ] GC(33) Pause Young (Normal) (G1 Evacuation Pause)
[2022-10-27T10:56:57.648+0200][gc,task     ] GC(33) Using 8 workers of 8 for evacuation
[2022-10-27T10:56:57.666+0200][gc,phases   ] GC(33)   Pre Evacuate Collection Set: 0,1ms
[2022-10-27T10:56:57.666+0200][gc,phases   ] GC(33)   Merge Heap Roots: 0,1ms
[2022-10-27T10:56:57.666+0200][gc,phases   ] GC(33)   Evacuate Collection Set: 17,2ms
[2022-10-27T10:56:57.666+0200][gc,phases   ] GC(33)   Post Evacuate Collection Set: 0,3ms
[2022-10-27T10:56:57.666+0200][gc,phases   ] GC(33)   Other: 0,1ms
[2022-10-27T10:56:57.666+0200][gc,heap     ] GC(33) Eden regions: 163->0(206)
[2022-10-27T10:56:57.666+0200][gc,heap     ] GC(33) Survivor regions: 18->16(23)
[2022-10-27T10:56:57.666+0200][gc,heap     ] GC(33) Old regions: 128->137
[2022-10-27T10:56:57.666+0200][gc,heap     ] GC(33) Archive regions: 2->2
[2022-10-27T10:56:57.666+0200][gc,heap     ] GC(33) Humongous regions: 129->129
[2022-10-27T10:56:57.666+0200][gc,metaspace] GC(33) Metaspace: 42863K(43456K)->42863K(43456K) NonClass: 37949K(38272K)->37949K(38272K) Class: 4913K(5184K)->4913K(5184K)
[2022-10-27T10:56:57.666+0200][gc          ] GC(33) Pause Young (Normal) (G1 Evacuation Pause) 438M->281M(1024M) 18,001ms
[2022-10-27T10:56:57.666+0200][gc,cpu      ] GC(33) User=0,08s Sys=0,00s Real=0,02s
[2022-10-27T10:57:20.726+0200][gc,start    ] GC(34) Pause Young (Normal) (G1 Evacuation Pause)
[2022-10-27T10:57:20.726+0200][gc,task     ] GC(34) Using 8 workers of 8 for evacuation
[2022-10-27T10:57:20.742+0200][gc,phases   ] GC(34)   Pre Evacuate Collection Set: 0,1ms
[2022-10-27T10:57:20.742+0200][gc,phases   ] GC(34)   Merge Heap Roots: 0,1ms
[2022-10-27T10:57:20.742+0200][gc,phases   ] GC(34)   Evacuate Collection Set: 15,1ms
[2022-10-27T10:57:20.742+0200][gc,phases   ] GC(34)   Post Evacuate Collection Set: 0,7ms
[2022-10-27T10:57:20.742+0200][gc,phases   ] GC(34)   Other: 0,2ms
[2022-10-27T10:57:20.742+0200][gc,heap     ] GC(34) Eden regions: 204->0(247)
[2022-10-27T10:57:20.742+0200][gc,heap     ] GC(34) Survivor regions: 16->16(28)
[2022-10-27T10:57:20.742+0200][gc,heap     ] GC(34) Old regions: 137->137
[2022-10-27T10:57:20.742+0200][gc,heap     ] GC(34) Archive regions: 2->2
[2022-10-27T10:57:20.742+0200][gc,heap     ] GC(34) Humongous regions: 129->129
[2022-10-27T10:57:20.742+0200][gc,metaspace] GC(34) Metaspace: 42883K(43456K)->42883K(43456K) NonClass: 37969K(38272K)->37969K(38272K) Class: 4913K(5184K)->4913K(5184K)
[2022-10-27T10:57:20.742+0200][gc          ] GC(34) Pause Young (Normal) (G1 Evacuation Pause) 485M->282M(1024M) 16,335ms
[2022-10-27T10:57:20.742+0200][gc,cpu      ] GC(34) User=0,06s Sys=0,00s Real=0,01s
[2022-10-27T11:01:10.321+0200][gc,start    ] GC(35) Pause Young (Normal) (G1 Evacuation Pause)
[2022-10-27T11:01:10.321+0200][gc,task     ] GC(35) Using 8 workers of 8 for evacuation
[2022-10-27T11:01:10.335+0200][gc,phases   ] GC(35)   Pre Evacuate Collection Set: 0,5ms
[2022-10-27T11:01:10.335+0200][gc,phases   ] GC(35)   Merge Heap Roots: 0,1ms
[2022-10-27T11:01:10.335+0200][gc,phases   ] GC(35)   Evacuate Collection Set: 12,4ms
[2022-10-27T11:01:10.335+0200][gc,phases   ] GC(35)   Post Evacuate Collection Set: 0,4ms
[2022-10-27T11:01:10.335+0200][gc,phases   ] GC(35)   Other: 0,1ms
[2022-10-27T11:01:10.335+0200][gc,heap     ] GC(35) Eden regions: 247->0(305)
[2022-10-27T11:01:10.335+0200][gc,heap     ] GC(35) Survivor regions: 16->17(33)
[2022-10-27T11:01:10.335+0200][gc,heap     ] GC(35) Old regions: 137->137
[2022-10-27T11:01:10.335+0200][gc,heap     ] GC(35) Archive regions: 2->2
[2022-10-27T11:01:10.335+0200][gc,heap     ] GC(35) Humongous regions: 129->129
[2022-10-27T11:01:10.335+0200][gc,metaspace] GC(35) Metaspace: 42883K(43456K)->42883K(43456K) NonClass: 37969K(38272K)->37969K(38272K) Class: 4913K(5184K)->4913K(5184K)
[2022-10-27T11:01:10.335+0200][gc          ] GC(35) Pause Young (Normal) (G1 Evacuation Pause) 529M->283M(1024M) 13,677ms
[2022-10-27T11:01:10.335+0200][gc,cpu      ] GC(35) User=0,05s Sys=0,00s Real=0,01s
[2022-10-27T11:03:56.721+0200][gc,start    ] GC(36) Pause Young (Normal) (G1 Evacuation Pause)
[2022-10-27T11:03:56.721+0200][gc,task     ] GC(36) Using 8 workers of 8 for evacuation
[2022-10-27T11:03:56.739+0200][gc,phases   ] GC(36)   Pre Evacuate Collection Set: 0,2ms
[2022-10-27T11:03:56.739+0200][gc,phases   ] GC(36)   Merge Heap Roots: 0,2ms
[2022-10-27T11:03:56.739+0200][gc,phases   ] GC(36)   Evacuate Collection Set: 17,3ms
[2022-10-27T11:03:56.739+0200][gc,phases   ] GC(36)   Post Evacuate Collection Set: 0,4ms
[2022-10-27T11:03:56.739+0200][gc,phases   ] GC(36)   Other: 0,1ms
[2022-10-27T11:03:56.739+0200][gc,heap     ] GC(36) Eden regions: 305->0(357)
[2022-10-27T11:03:56.739+0200][gc,heap     ] GC(36) Survivor regions: 17->19(41)
[2022-10-27T11:03:56.739+0200][gc,heap     ] GC(36) Old regions: 137->137
[2022-10-27T11:03:56.739+0200][gc,heap     ] GC(36) Archive regions: 2->2
[2022-10-27T11:03:56.739+0200][gc,heap     ] GC(36) Humongous regions: 129->129
[2022-10-27T11:03:56.739+0200][gc,metaspace] GC(36) Metaspace: 42896K(43456K)->42896K(43456K) NonClass: 37982K(38272K)->37982K(38272K) Class: 4913K(5184K)->4913K(5184K)
[2022-10-27T11:03:56.739+0200][gc          ] GC(36) Pause Young (Normal) (G1 Evacuation Pause) 588M->284M(1024M) 18,357ms
[2022-10-27T11:03:56.739+0200][gc,cpu      ] GC(36) User=0,05s Sys=0,00s Real=0,02s
[2022-10-27T11:07:31.506+0200][gc,start    ] GC(37) Pause Young (Normal) (G1 Evacuation Pause)
[2022-10-27T11:07:31.506+0200][gc,task     ] GC(37) Using 8 workers of 8 for evacuation
[2022-10-27T11:07:31.526+0200][gc,mmu      ] GC(37) MMU target violated: 20,5ms (20,0ms/21,0ms)
[2022-10-27T11:07:31.526+0200][gc,phases   ] GC(37)   Pre Evacuate Collection Set: 0,4ms
[2022-10-27T11:07:31.526+0200][gc,phases   ] GC(37)   Merge Heap Roots: 0,3ms
[2022-10-27T11:07:31.526+0200][gc,phases   ] GC(37)   Evacuate Collection Set: 19,4ms
[2022-10-27T11:07:31.526+0200][gc,phases   ] GC(37)   Post Evacuate Collection Set: 0,4ms
[2022-10-27T11:07:31.526+0200][gc,phases   ] GC(37)   Other: 0,2ms
[2022-10-27T11:07:31.526+0200][gc,heap     ] GC(37) Eden regions: 357->0(355)
[2022-10-27T11:07:31.526+0200][gc,heap     ] GC(37) Survivor regions: 19->20(47)
[2022-10-27T11:07:31.526+0200][gc,heap     ] GC(37) Old regions: 137->137
[2022-10-27T11:07:31.526+0200][gc,heap     ] GC(37) Archive regions: 2->2
[2022-10-27T11:07:31.526+0200][gc,heap     ] GC(37) Humongous regions: 129->129
[2022-10-27T11:07:31.526+0200][gc,metaspace] GC(37) Metaspace: 42911K(43456K)->42911K(43456K) NonClass: 37997K(38272K)->37997K(38272K) Class: 4913K(5184K)->4913K(5184K)
[2022-10-27T11:07:31.526+0200][gc          ] GC(37) Pause Young (Normal) (G1 Evacuation Pause) 641M->285M(1024M) 20,760ms
[2022-10-27T11:07:31.526+0200][gc,cpu      ] GC(37) User=0,07s Sys=0,00s Real=0,02s
[2022-10-27T11:08:02.158+0200][gc,start    ] GC(38) Pause Young (Normal) (G1 Evacuation Pause)
[2022-10-27T11:08:02.158+0200][gc,task     ] GC(38) Using 8 workers of 8 for evacuation
[2022-10-27T11:08:02.184+0200][gc,mmu      ] GC(38) MMU target violated: 21,0ms (20,0ms/21,0ms)
[2022-10-27T11:08:02.184+0200][gc,phases   ] GC(38)   Pre Evacuate Collection Set: 0,2ms
[2022-10-27T11:08:02.184+0200][gc,phases   ] GC(38)   Merge Heap Roots: 0,2ms
[2022-10-27T11:08:02.184+0200][gc,phases   ] GC(38)   Evacuate Collection Set: 25,3ms
[2022-10-27T11:08:02.184+0200][gc,phases   ] GC(38)   Post Evacuate Collection Set: 0,7ms
[2022-10-27T11:08:02.184+0200][gc,phases   ] GC(38)   Other: 0,2ms
[2022-10-27T11:08:02.184+0200][gc,heap     ] GC(38) Eden regions: 355->0(263)
[2022-10-27T11:08:02.184+0200][gc,heap     ] GC(38) Survivor regions: 20->22(47)
[2022-10-27T11:08:02.184+0200][gc,heap     ] GC(38) Old regions: 137->137
[2022-10-27T11:08:02.184+0200][gc,heap     ] GC(38) Archive regions: 2->2
[2022-10-27T11:08:02.184+0200][gc,heap     ] GC(38) Humongous regions: 129->129
[2022-10-27T11:08:02.184+0200][gc,metaspace] GC(38) Metaspace: 42924K(43456K)->42924K(43456K) NonClass: 38010K(38272K)->38010K(38272K) Class: 4913K(5184K)->4913K(5184K)
[2022-10-27T11:08:02.184+0200][gc          ] GC(38) Pause Young (Normal) (G1 Evacuation Pause) 640M->287M(1024M) 26,637ms
[2022-10-27T11:08:02.184+0200][gc,cpu      ] GC(38) User=0,07s Sys=0,00s Real=0,02s
[2022-10-27T11:15:02.191+0200][gc,start    ] GC(39) Pause Young (Normal) (G1 Evacuation Pause)
[2022-10-27T11:15:02.191+0200][gc,task     ] GC(39) Using 8 workers of 8 for evacuation
[2022-10-27T11:15:02.221+0200][gc,mmu      ] GC(39) MMU target violated: 21,0ms (20,0ms/21,0ms)
[2022-10-27T11:15:02.221+0200][gc,phases   ] GC(39)   Pre Evacuate Collection Set: 0,2ms
[2022-10-27T11:15:02.221+0200][gc,phases   ] GC(39)   Merge Heap Roots: 0,9ms
[2022-10-27T11:15:02.221+0200][gc,phases   ] GC(39)   Evacuate Collection Set: 27,4ms
[2022-10-27T11:15:02.221+0200][gc,phases   ] GC(39)   Post Evacuate Collection Set: 0,8ms
[2022-10-27T11:15:02.221+0200][gc,phases   ] GC(39)   Other: 0,2ms
[2022-10-27T11:15:02.221+0200][gc,heap     ] GC(39) Eden regions: 262->0(246)
[2022-10-27T11:15:02.221+0200][gc,heap     ] GC(39) Survivor regions: 22->20(36)
[2022-10-27T11:15:02.221+0200][gc,heap     ] GC(39) Old regions: 137->140
[2022-10-27T11:15:02.221+0200][gc,heap     ] GC(39) Archive regions: 2->2
[2022-10-27T11:15:02.221+0200][gc,heap     ] GC(39) Humongous regions: 129->129
[2022-10-27T11:15:02.221+0200][gc,metaspace] GC(39) Metaspace: 42932K(43520K)->42932K(43520K) NonClass: 38018K(38336K)->38018K(38336K) Class: 4913K(5184K)->4913K(5184K)
[2022-10-27T11:15:02.221+0200][gc          ] GC(39) Pause Young (Normal) (G1 Evacuation Pause) 549M->289M(1024M) 29,578ms
[2022-10-27T11:15:02.221+0200][gc,cpu      ] GC(39) User=0,07s Sys=0,00s Real=0,03s
[2022-10-27T11:15:26.921+0200][gc,start    ] GC(40) Pause Young (Normal) (G1 Evacuation Pause)
[2022-10-27T11:15:26.921+0200][gc,task     ] GC(40) Using 8 workers of 8 for evacuation
[2022-10-27T11:15:26.940+0200][gc,phases   ] GC(40)   Pre Evacuate Collection Set: 0,1ms
[2022-10-27T11:15:26.940+0200][gc,phases   ] GC(40)   Merge Heap Roots: 0,1ms
[2022-10-27T11:15:26.940+0200][gc,phases   ] GC(40)   Evacuate Collection Set: 18,8ms
[2022-10-27T11:15:26.940+0200][gc,phases   ] GC(40)   Post Evacuate Collection Set: 0,5ms
[2022-10-27T11:15:26.940+0200][gc,phases   ] GC(40)   Other: 0,1ms
[2022-10-27T11:15:26.940+0200][gc,heap     ] GC(40) Eden regions: 228->0(413)
[2022-10-27T11:15:26.940+0200][gc,heap     ] GC(40) Survivor regions: 20->16(31)
[2022-10-27T11:15:26.940+0200][gc,heap     ] GC(40) Old regions: 140->145
[2022-10-27T11:15:26.940+0200][gc,heap     ] GC(40) Archive regions: 2->2
[2022-10-27T11:15:26.940+0200][gc,heap     ] GC(40) Humongous regions: 129->129
[2022-10-27T11:15:26.940+0200][gc,metaspace] GC(40) Metaspace: 42940K(43520K)->42940K(43520K) NonClass: 38026K(38336K)->38026K(38336K) Class: 4913K(5184K)->4913K(5184K)
[2022-10-27T11:15:26.941+0200][gc          ] GC(40) Pause Young (Normal) (G1 Evacuation Pause) 517M->289M(1024M) 19,783ms
[2022-10-27T11:15:26.941+0200][gc,cpu      ] GC(40) User=0,07s Sys=0,00s Real=0,02s
[2022-10-27T11:20:54.525+0200][gc,start    ] GC(41) Pause Young (Normal) (G1 Evacuation Pause)
[2022-10-27T11:20:54.525+0200][gc,task     ] GC(41) Using 8 workers of 8 for evacuation
[2022-10-27T11:20:54.545+0200][gc,phases   ] GC(41)   Pre Evacuate Collection Set: 0,2ms
[2022-10-27T11:20:54.545+0200][gc,phases   ] GC(41)   Merge Heap Roots: 0,3ms
[2022-10-27T11:20:54.545+0200][gc,phases   ] GC(41)   Evacuate Collection Set: 18,5ms
[2022-10-27T11:20:54.545+0200][gc,phases   ] GC(41)   Post Evacuate Collection Set: 0,7ms
[2022-10-27T11:20:54.545+0200][gc,phases   ] GC(41)   Other: 0,1ms
[2022-10-27T11:20:54.545+0200][gc,heap     ] GC(41) Eden regions: 371->0(531)
[2022-10-27T11:20:54.545+0200][gc,heap     ] GC(41) Survivor regions: 16->17(49)
[2022-10-27T11:20:54.545+0200][gc,heap     ] GC(41) Old regions: 145->145
[2022-10-27T11:20:54.545+0200][gc,heap     ] GC(41) Archive regions: 2->2
[2022-10-27T11:20:54.545+0200][gc,heap     ] GC(41) Humongous regions: 130->130
[2022-10-27T11:20:54.545+0200][gc,metaspace] GC(41) Metaspace: 42952K(43520K)->42952K(43520K) NonClass: 38038K(38336K)->38038K(38336K) Class: 4913K(5184K)->4913K(5184K)
[2022-10-27T11:20:54.545+0200][gc          ] GC(41) Pause Young (Normal) (G1 Evacuation Pause) 661M->291M(1024M) 19,876ms
[2022-10-27T11:20:54.545+0200][gc,cpu      ] GC(41) User=0,05s Sys=0,01s Real=0,02s
[2022-10-27T11:27:12.094+0200][gc,start    ] GC(42) Pause Young (Normal) (G1 Evacuation Pause)
[2022-10-27T11:27:12.094+0200][gc,task     ] GC(42) Using 8 workers of 8 for evacuation
[2022-10-27T11:27:12.112+0200][gc,phases   ] GC(42)   Pre Evacuate Collection Set: 0,2ms
[2022-10-27T11:27:12.112+0200][gc,phases   ] GC(42)   Merge Heap Roots: 0,1ms
[2022-10-27T11:27:12.112+0200][gc,phases   ] GC(42)   Evacuate Collection Set: 16,9ms
[2022-10-27T11:27:12.112+0200][gc,phases   ] GC(42)   Post Evacuate Collection Set: 1,0ms
[2022-10-27T11:27:12.112+0200][gc,phases   ] GC(42)   Other: 0,2ms
[2022-10-27T11:27:12.112+0200][gc,heap     ] GC(42) Eden regions: 531->0(595)
[2022-10-27T11:27:12.112+0200][gc,heap     ] GC(42) Survivor regions: 17->19(69)
[2022-10-27T11:27:12.112+0200][gc,heap     ] GC(42) Old regions: 145->145
[2022-10-27T11:27:12.112+0200][gc,heap     ] GC(42) Archive regions: 2->2
[2022-10-27T11:27:12.112+0200][gc,heap     ] GC(42) Humongous regions: 130->130
[2022-10-27T11:27:12.112+0200][gc,metaspace] GC(42) Metaspace: 42952K(43520K)->42952K(43520K) NonClass: 38038K(38336K)->38038K(38336K) Class: 4913K(5184K)->4913K(5184K)
[2022-10-27T11:27:12.112+0200][gc          ] GC(42) Pause Young (Normal) (G1 Evacuation Pause) 822M->294M(1024M) 18,529ms
[2022-10-27T11:27:12.112+0200][gc,cpu      ] GC(42) User=0,05s Sys=0,01s Real=0,02s
[2022-10-27T11:29:21.636+0200][gc,start    ] GC(43) Pause Young (Normal) (G1 Evacuation Pause)
[2022-10-27T11:29:21.636+0200][gc,task     ] GC(43) Using 8 workers of 8 for evacuation
[2022-10-27T11:29:21.649+0200][gc,phases   ] GC(43)   Pre Evacuate Collection Set: 0,2ms
[2022-10-27T11:29:21.649+0200][gc,phases   ] GC(43)   Merge Heap Roots: 0,1ms
[2022-10-27T11:29:21.649+0200][gc,phases   ] GC(43)   Evacuate Collection Set: 12,0ms
[2022-10-27T11:29:21.649+0200][gc,phases   ] GC(43)   Post Evacuate Collection Set: 0,7ms
[2022-10-27T11:29:21.649+0200][gc,phases   ] GC(43)   Other: 0,1ms
[2022-10-27T11:29:21.649+0200][gc,heap     ] GC(43) Eden regions: 595->0(592)
[2022-10-27T11:29:21.649+0200][gc,heap     ] GC(43) Survivor regions: 19->22(77)
[2022-10-27T11:29:21.649+0200][gc,heap     ] GC(43) Old regions: 145->145
[2022-10-27T11:29:21.649+0200][gc,heap     ] GC(43) Archive regions: 2->2
[2022-10-27T11:29:21.649+0200][gc,heap     ] GC(43) Humongous regions: 130->130
[2022-10-27T11:29:21.649+0200][gc,metaspace] GC(43) Metaspace: 42971K(43584K)->42971K(43584K) NonClass: 38057K(38400K)->38057K(38400K) Class: 4914K(5184K)->4914K(5184K)
[2022-10-27T11:29:21.650+0200][gc          ] GC(43) Pause Young (Normal) (G1 Evacuation Pause) 889M->296M(1024M) 13,365ms
[2022-10-27T11:29:21.650+0200][gc,cpu      ] GC(43) User=0,05s Sys=0,02s Real=0,02s
[2022-10-27T11:44:32.854+0200][gc,start    ] GC(44) Pause Young (Normal) (G1 Evacuation Pause)
[2022-10-27T11:44:32.854+0200][gc,task     ] GC(44) Using 8 workers of 8 for evacuation
[2022-10-27T11:44:32.868+0200][gc,phases   ] GC(44)   Pre Evacuate Collection Set: 0,2ms
[2022-10-27T11:44:32.868+0200][gc,phases   ] GC(44)   Merge Heap Roots: 0,1ms
[2022-10-27T11:44:32.868+0200][gc,phases   ] GC(44)   Evacuate Collection Set: 13,0ms
[2022-10-27T11:44:32.868+0200][gc,phases   ] GC(44)   Post Evacuate Collection Set: 0,5ms
[2022-10-27T11:44:32.868+0200][gc,phases   ] GC(44)   Other: 0,1ms
[2022-10-27T11:44:32.868+0200][gc,heap     ] GC(44) Eden regions: 592->0(590)
[2022-10-27T11:44:32.868+0200][gc,heap     ] GC(44) Survivor regions: 22->24(77)
[2022-10-27T11:44:32.868+0200][gc,heap     ] GC(44) Old regions: 145->145
[2022-10-27T11:44:32.868+0200][gc,heap     ] GC(44) Archive regions: 2->2
[2022-10-27T11:44:32.868+0200][gc,heap     ] GC(44) Humongous regions: 130->130
[2022-10-27T11:44:32.868+0200][gc,metaspace] GC(44) Metaspace: 42976K(43584K)->42976K(43584K) NonClass: 38061K(38400K)->38061K(38400K) Class: 4914K(5184K)->4914K(5184K)
[2022-10-27T11:44:32.868+0200][gc          ] GC(44) Pause Young (Normal) (G1 Evacuation Pause) 888M->299M(1024M) 14,013ms
[2022-10-27T11:44:32.868+0200][gc,cpu      ] GC(44) User=0,07s Sys=0,00s Real=0,02s
[2022-10-27T11:55:33.977+0200][gc,start    ] GC(45) Pause Young (Normal) (G1 Evacuation Pause)
[2022-10-27T11:55:33.977+0200][gc,task     ] GC(45) Using 8 workers of 8 for evacuation
[2022-10-27T11:55:33.995+0200][gc,phases   ] GC(45)   Pre Evacuate Collection Set: 0,2ms
[2022-10-27T11:55:33.995+0200][gc,phases   ] GC(45)   Merge Heap Roots: 0,2ms
[2022-10-27T11:55:33.995+0200][gc,phases   ] GC(45)   Evacuate Collection Set: 17,4ms
[2022-10-27T11:55:33.995+0200][gc,phases   ] GC(45)   Post Evacuate Collection Set: 0,6ms
[2022-10-27T11:55:33.995+0200][gc,phases   ] GC(45)   Other: 0,1ms
[2022-10-27T11:55:33.995+0200][gc,heap     ] GC(45) Eden regions: 590->0(587)
[2022-10-27T11:55:33.995+0200][gc,heap     ] GC(45) Survivor regions: 24->27(77)
[2022-10-27T11:55:33.995+0200][gc,heap     ] GC(45) Old regions: 145->145
[2022-10-27T11:55:33.995+0200][gc,heap     ] GC(45) Archive regions: 2->2
[2022-10-27T11:55:33.995+0200][gc,heap     ] GC(45) Humongous regions: 130->130
[2022-10-27T11:55:33.995+0200][gc,metaspace] GC(45) Metaspace: 42984K(43584K)->42984K(43584K) NonClass: 38070K(38400K)->38070K(38400K) Class: 4914K(5184K)->4914K(5184K)
[2022-10-27T11:55:33.996+0200][gc          ] GC(45) Pause Young (Normal) (G1 Evacuation Pause) 889M->301M(1024M) 18,622ms
[2022-10-27T11:55:33.996+0200][gc,cpu      ] GC(45) User=0,07s Sys=0,00s Real=0,02s
[2022-10-27T11:59:41.300+0200][gc,start    ] GC(46) Pause Young (Normal) (G1 Evacuation Pause)
[2022-10-27T11:59:41.300+0200][gc,task     ] GC(46) Using 8 workers of 8 for evacuation
[2022-10-27T11:59:41.317+0200][gc,phases   ] GC(46)   Pre Evacuate Collection Set: 0,1ms
[2022-10-27T11:59:41.317+0200][gc,phases   ] GC(46)   Merge Heap Roots: 0,2ms
[2022-10-27T11:59:41.317+0200][gc,phases   ] GC(46)   Evacuate Collection Set: 15,8ms
[2022-10-27T11:59:41.317+0200][gc,phases   ] GC(46)   Post Evacuate Collection Set: 0,4ms
[2022-10-27T11:59:41.317+0200][gc,phases   ] GC(46)   Other: 0,1ms
[2022-10-27T11:59:41.317+0200][gc,heap     ] GC(46) Eden regions: 587->0(583)
[2022-10-27T11:59:41.317+0200][gc,heap     ] GC(46) Survivor regions: 27->30(77)
[2022-10-27T11:59:41.317+0200][gc,heap     ] GC(46) Old regions: 145->145
[2022-10-27T11:59:41.317+0200][gc,heap     ] GC(46) Archive regions: 2->2
[2022-10-27T11:59:41.317+0200][gc,heap     ] GC(46) Humongous regions: 131->131
[2022-10-27T11:59:41.317+0200][gc,metaspace] GC(46) Metaspace: 43006K(43584K)->43006K(43584K) NonClass: 38092K(38400K)->38092K(38400K) Class: 4914K(5184K)->4914K(5184K)
[2022-10-27T11:59:41.317+0200][gc          ] GC(46) Pause Young (Normal) (G1 Evacuation Pause) 889M->305M(1024M) 16,776ms
[2022-10-27T11:59:41.317+0200][gc,cpu      ] GC(46) User=0,08s Sys=0,00s Real=0,01s
[2022-10-27T13:52:09.501+0200][gc,start    ] GC(47) Pause Young (Normal) (G1 Evacuation Pause)
[2022-10-27T13:52:09.501+0200][gc,task     ] GC(47) Using 8 workers of 8 for evacuation
[2022-10-27T13:52:09.528+0200][gc,mmu      ] GC(47) MMU target violated: 21,0ms (20,0ms/21,0ms)
[2022-10-27T13:52:09.528+0200][gc,phases   ] GC(47)   Pre Evacuate Collection Set: 0,3ms
[2022-10-27T13:52:09.528+0200][gc,phases   ] GC(47)   Merge Heap Roots: 0,5ms
[2022-10-27T13:52:09.529+0200][gc,phases   ] GC(47)   Evacuate Collection Set: 25,6ms
[2022-10-27T13:52:09.529+0200][gc,phases   ] GC(47)   Post Evacuate Collection Set: 0,6ms
[2022-10-27T13:52:09.529+0200][gc,phases   ] GC(47)   Other: 0,4ms
[2022-10-27T13:52:09.529+0200][gc,heap     ] GC(47) Eden regions: 583->0(21)
[2022-10-27T13:52:09.529+0200][gc,heap     ] GC(47) Survivor regions: 30->30(77)
[2022-10-27T13:52:09.529+0200][gc,heap     ] GC(47) Old regions: 145->145
[2022-10-27T13:52:09.529+0200][gc,heap     ] GC(47) Archive regions: 2->2
[2022-10-27T13:52:09.529+0200][gc,heap     ] GC(47) Humongous regions: 131->131
[2022-10-27T13:52:09.529+0200][gc,metaspace] GC(47) Metaspace: 43021K(43584K)->43021K(43584K) NonClass: 38107K(38400K)->38107K(38400K) Class: 4914K(5184K)->4914K(5184K)
[2022-10-27T13:52:09.529+0200][gc          ] GC(47) Pause Young (Normal) (G1 Evacuation Pause) 888M->305M(1024M) 27,623ms
[2022-10-27T13:52:09.529+0200][gc,cpu      ] GC(47) User=0,19s Sys=0,00s Real=0,03s
[2022-10-27T13:56:24.708+0200][gc,start    ] GC(48) Pause Young (Normal) (G1 Evacuation Pause)
[2022-10-27T13:56:24.708+0200][gc,task     ] GC(48) Using 8 workers of 8 for evacuation
[2022-10-27T13:56:24.775+0200][gc,mmu      ] GC(48) MMU target violated: 21,0ms (20,0ms/21,0ms)
[2022-10-27T13:56:24.776+0200][gc,phases   ] GC(48)   Pre Evacuate Collection Set: 0,4ms
[2022-10-27T13:56:24.776+0200][gc,phases   ] GC(48)   Merge Heap Roots: 0,3ms
[2022-10-27T13:56:24.776+0200][gc,phases   ] GC(48)   Evacuate Collection Set: 65,8ms
[2022-10-27T13:56:24.776+0200][gc,phases   ] GC(48)   Post Evacuate Collection Set: 0,9ms
[2022-10-27T13:56:24.776+0200][gc,phases   ] GC(48)   Other: 0,4ms
[2022-10-27T13:56:24.776+0200][gc,heap     ] GC(48) Eden regions: 21->0(316)
[2022-10-27T13:56:24.776+0200][gc,heap     ] GC(48) Survivor regions: 30->6(7)
[2022-10-27T13:56:24.776+0200][gc,heap     ] GC(48) Old regions: 145->169
[2022-10-27T13:56:24.776+0200][gc,heap     ] GC(48) Archive regions: 2->2
[2022-10-27T13:56:24.776+0200][gc,heap     ] GC(48) Humongous regions: 131->131
[2022-10-27T13:56:24.776+0200][gc,metaspace] GC(48) Metaspace: 43021K(43584K)->43021K(43584K) NonClass: 38107K(38400K)->38107K(38400K) Class: 4914K(5184K)->4914K(5184K)
[2022-10-27T13:56:24.776+0200][gc          ] GC(48) Pause Young (Normal) (G1 Evacuation Pause) 326M->306M(1024M) 67,876ms
[2022-10-27T13:56:24.776+0200][gc,cpu      ] GC(48) User=0,37s Sys=0,05s Real=0,06s
[2022-10-27T15:05:23.320+0200][gc,start    ] GC(49) Pause Young (Normal) (G1 Evacuation Pause)
[2022-10-27T15:05:23.320+0200][gc,task     ] GC(49) Using 8 workers of 8 for evacuation
[2022-10-27T15:05:23.328+0200][gc,phases   ] GC(49)   Pre Evacuate Collection Set: 0,5ms
[2022-10-27T15:05:23.329+0200][gc,phases   ] GC(49)   Merge Heap Roots: 0,4ms
[2022-10-27T15:05:23.329+0200][gc,phases   ] GC(49)   Evacuate Collection Set: 6,4ms
[2022-10-27T15:05:23.329+0200][gc,phases   ] GC(49)   Post Evacuate Collection Set: 1,5ms
[2022-10-27T15:05:23.329+0200][gc,phases   ] GC(49)   Other: 0,3ms
[2022-10-27T15:05:23.329+0200][gc,heap     ] GC(49) Eden regions: 316->0(438)
[2022-10-27T15:05:23.329+0200][gc,heap     ] GC(49) Survivor regions: 6->4(41)
[2022-10-27T15:05:23.329+0200][gc,heap     ] GC(49) Old regions: 169->169
[2022-10-27T15:05:23.329+0200][gc,heap     ] GC(49) Archive regions: 2->2
[2022-10-27T15:05:23.329+0200][gc,heap     ] GC(49) Humongous regions: 131->131
[2022-10-27T15:05:23.329+0200][gc,metaspace] GC(49) Metaspace: 43038K(43648K)->43038K(43648K) NonClass: 38123K(38464K)->38123K(38464K) Class: 4914K(5184K)->4914K(5184K)
[2022-10-27T15:05:23.329+0200][gc          ] GC(49) Pause Young (Normal) (G1 Evacuation Pause) 622M->304M(1024M) 9,198ms
[2022-10-27T15:05:23.329+0200][gc,cpu      ] GC(49) User=0,06s Sys=0,00s Real=0,01s
[2022-10-27T16:41:57.636+0200][gc,start    ] GC(50) Pause Young (Normal) (G1 Evacuation Pause)
[2022-10-27T16:41:57.636+0200][gc,task     ] GC(50) Using 8 workers of 8 for evacuation
[2022-10-27T16:41:57.642+0200][gc,phases   ] GC(50)   Pre Evacuate Collection Set: 0,3ms
[2022-10-27T16:41:57.642+0200][gc,phases   ] GC(50)   Merge Heap Roots: 0,3ms
[2022-10-27T16:41:57.642+0200][gc,phases   ] GC(50)   Evacuate Collection Set: 5,1ms
[2022-10-27T16:41:57.642+0200][gc,phases   ] GC(50)   Post Evacuate Collection Set: 0,7ms
[2022-10-27T16:41:57.642+0200][gc,phases   ] GC(50)   Other: 0,3ms
[2022-10-27T16:41:57.642+0200][gc,heap     ] GC(50) Eden regions: 438->0(593)
[2022-10-27T16:41:57.642+0200][gc,heap     ] GC(50) Survivor regions: 4->4(56)
[2022-10-27T16:41:57.642+0200][gc,heap     ] GC(50) Old regions: 169->169
[2022-10-27T16:41:57.642+0200][gc,heap     ] GC(50) Archive regions: 2->2
[2022-10-27T16:41:57.642+0200][gc,heap     ] GC(50) Humongous regions: 131->131
[2022-10-27T16:41:57.642+0200][gc,metaspace] GC(50) Metaspace: 43055K(43648K)->43055K(43648K) NonClass: 38140K(38464K)->38140K(38464K) Class: 4914K(5184K)->4914K(5184K)
[2022-10-27T16:41:57.642+0200][gc          ] GC(50) Pause Young (Normal) (G1 Evacuation Pause) 742M->304M(1024M) 6,649ms
[2022-10-27T16:41:57.642+0200][gc,cpu      ] GC(50) User=0,05s Sys=0,00s Real=0,01s
[2022-10-27T18:52:22.416+0200][gc,start    ] GC(51) Pause Young (Normal) (G1 Evacuation Pause)
[2022-10-27T18:52:22.416+0200][gc,task     ] GC(51) Using 8 workers of 8 for evacuation
[2022-10-27T18:52:22.427+0200][gc,phases   ] GC(51)   Pre Evacuate Collection Set: 0,3ms
[2022-10-27T18:52:22.427+0200][gc,phases   ] GC(51)   Merge Heap Roots: 0,3ms
[2022-10-27T18:52:22.427+0200][gc,phases   ] GC(51)   Evacuate Collection Set: 7,8ms
[2022-10-27T18:52:22.427+0200][gc,phases   ] GC(51)   Post Evacuate Collection Set: 1,8ms
[2022-10-27T18:52:22.427+0200][gc,phases   ] GC(51)   Other: 0,3ms
[2022-10-27T18:52:22.427+0200][gc,heap     ] GC(51) Eden regions: 593->0(595)
[2022-10-27T18:52:22.427+0200][gc,heap     ] GC(51) Survivor regions: 4->4(75)
[2022-10-27T18:52:22.427+0200][gc,heap     ] GC(51) Old regions: 169->169
[2022-10-27T18:52:22.427+0200][gc,heap     ] GC(51) Archive regions: 2->2
[2022-10-27T18:52:22.427+0200][gc,heap     ] GC(51) Humongous regions: 131->131
[2022-10-27T18:52:22.427+0200][gc,metaspace] GC(51) Metaspace: 43073K(43648K)->43073K(43648K) NonClass: 38159K(38464K)->38159K(38464K) Class: 4914K(5184K)->4914K(5184K)
[2022-10-27T18:52:22.427+0200][gc          ] GC(51) Pause Young (Normal) (G1 Evacuation Pause) 897M->304M(1024M) 11,000ms
[2022-10-27T18:52:22.427+0200][gc,cpu      ] GC(51) User=0,06s Sys=0,00s Real=0,02s
