[2022-10-30T09:13:26.049+0100][gc] Using G1
[2022-10-30T09:13:26.057+0100][gc,init] Version: 17.0.4+8-Ubuntu-122.04 (release)
[2022-10-30T09:13:26.058+0100][gc,init] CPUs: 8 total, 8 available
[2022-10-30T09:13:26.058+0100][gc,init] Memory: 32052M
[2022-10-30T09:13:26.058+0100][gc,init] Large Page Support: Disabled
[2022-10-30T09:13:26.058+0100][gc,init] NUMA Support: Disabled
[2022-10-30T09:13:26.058+0100][gc,init] Compressed Oops: Enabled (32-bit)
[2022-10-30T09:13:26.058+0100][gc,init] Heap Region Size: 1M
[2022-10-30T09:13:26.058+0100][gc,init] Heap Min Capacity: 1G
[2022-10-30T09:13:26.058+0100][gc,init] Heap Initial Capacity: 1G
[2022-10-30T09:13:26.058+0100][gc,init] Heap Max Capacity: 1G
[2022-10-30T09:13:26.058+0100][gc,init] Pre-touch: Disabled
[2022-10-30T09:13:26.058+0100][gc,init] Parallel Workers: 8
[2022-10-30T09:13:26.058+0100][gc,init] Concurrent Workers: 2
[2022-10-30T09:13:26.058+0100][gc,init] Concurrent Refinement Workers: 8
[2022-10-30T09:13:26.058+0100][gc,init] Periodic GC: Disabled
[2022-10-30T09:13:26.058+0100][gc,metaspace] CDS archive(s) mapped at: [0x0000000800000000-0x0000000800be3000-0x0000000800be3000), size 12464128, SharedBaseAddress: 0x0000000800000000, ArchiveRelocationMode: 0.
[2022-10-30T09:13:26.058+0100][gc,metaspace] Compressed class space mapped at: 0x0000000800c00000-0x0000000840c00000, reserved size: 1073741824
[2022-10-30T09:13:26.058+0100][gc,metaspace] Narrow klass base: 0x0000000800000000, Narrow klass shift: 0, Narrow klass range: 0x100000000
[2022-10-30T09:13:27.000+0100][gc,start    ] GC(0) Pause Young (Normal) (G1 Evacuation Pause)
[2022-10-30T09:13:27.001+0100][gc,task     ] GC(0) Using 8 workers of 8 for evacuation
[2022-10-30T09:13:27.006+0100][gc,phases   ] GC(0)   Pre Evacuate Collection Set: 0,1ms
[2022-10-30T09:13:27.006+0100][gc,phases   ] GC(0)   Merge Heap Roots: 0,1ms
[2022-10-30T09:13:27.006+0100][gc,phases   ] GC(0)   Evacuate Collection Set: 3,8ms
[2022-10-30T09:13:27.006+0100][gc,phases   ] GC(0)   Post Evacuate Collection Set: 0,4ms
[2022-10-30T09:13:27.006+0100][gc,phases   ] GC(0)   Other: 1,0ms
[2022-10-30T09:13:27.006+0100][gc,heap     ] GC(0) Eden regions: 51->0(44)
[2022-10-30T09:13:27.006+0100][gc,heap     ] GC(0) Survivor regions: 0->7(7)
[2022-10-30T09:13:27.006+0100][gc,heap     ] GC(0) Old regions: 0->1
[2022-10-30T09:13:27.006+0100][gc,heap     ] GC(0) Archive regions: 2->2
[2022-10-30T09:13:27.006+0100][gc,heap     ] GC(0) Humongous regions: 0->0
[2022-10-30T09:13:27.006+0100][gc,metaspace] GC(0) Metaspace: 19038K(19200K)->19038K(19200K) NonClass: 16740K(16832K)->16740K(16832K) Class: 2297K(2368K)->2297K(2368K)
[2022-10-30T09:13:27.006+0100][gc          ] GC(0) Pause Young (Normal) (G1 Evacuation Pause) 51M->8M(1024M) 5,559ms
[2022-10-30T09:13:27.006+0100][gc,cpu      ] GC(0) User=0,03s Sys=0,00s Real=0,00s
[2022-10-30T09:13:27.147+0100][gc,start    ] GC(1) Pause Young (Concurrent Start) (Metadata GC Threshold)
[2022-10-30T09:13:27.147+0100][gc,task     ] GC(1) Using 8 workers of 8 for evacuation
[2022-10-30T09:13:27.150+0100][gc,phases   ] GC(1)   Pre Evacuate Collection Set: 0,1ms
[2022-10-30T09:13:27.150+0100][gc,phases   ] GC(1)   Merge Heap Roots: 0,0ms
[2022-10-30T09:13:27.150+0100][gc,phases   ] GC(1)   Evacuate Collection Set: 3,0ms
[2022-10-30T09:13:27.150+0100][gc,phases   ] GC(1)   Post Evacuate Collection Set: 0,3ms
[2022-10-30T09:13:27.150+0100][gc,phases   ] GC(1)   Other: 0,2ms
[2022-10-30T09:13:27.150+0100][gc,heap     ] GC(1) Eden regions: 10->0(50)
[2022-10-30T09:13:27.150+0100][gc,heap     ] GC(1) Survivor regions: 7->1(7)
[2022-10-30T09:13:27.150+0100][gc,heap     ] GC(1) Old regions: 1->7
[2022-10-30T09:13:27.150+0100][gc,heap     ] GC(1) Archive regions: 2->2
[2022-10-30T09:13:27.150+0100][gc,heap     ] GC(1) Humongous regions: 0->0
[2022-10-30T09:13:27.150+0100][gc,metaspace] GC(1) Metaspace: 21301K(21504K)->21301K(21504K) NonClass: 18717K(18816K)->18717K(18816K) Class: 2584K(2688K)->2584K(2688K)
[2022-10-30T09:13:27.150+0100][gc          ] GC(1) Pause Young (Concurrent Start) (Metadata GC Threshold) 17M->8M(1024M) 3,633ms
[2022-10-30T09:13:27.150+0100][gc,cpu      ] GC(1) User=0,02s Sys=0,00s Real=0,01s
[2022-10-30T09:13:27.151+0100][gc          ] GC(2) Concurrent Mark Cycle
[2022-10-30T09:13:27.151+0100][gc,marking  ] GC(2) Concurrent Clear Claimed Marks
[2022-10-30T09:13:27.151+0100][gc,marking  ] GC(2) Concurrent Clear Claimed Marks 0,016ms
[2022-10-30T09:13:27.151+0100][gc,marking  ] GC(2) Concurrent Scan Root Regions
[2022-10-30T09:13:27.152+0100][gc,marking  ] GC(2) Concurrent Scan Root Regions 1,926ms
[2022-10-30T09:13:27.153+0100][gc,marking  ] GC(2) Concurrent Mark
[2022-10-30T09:13:27.153+0100][gc,marking  ] GC(2) Concurrent Mark From Roots
[2022-10-30T09:13:27.153+0100][gc,task     ] GC(2) Using 2 workers of 2 for marking
[2022-10-30T09:13:27.154+0100][gc,marking  ] GC(2) Concurrent Mark From Roots 1,348ms
[2022-10-30T09:13:27.154+0100][gc,marking  ] GC(2) Concurrent Preclean
[2022-10-30T09:13:27.154+0100][gc,marking  ] GC(2) Concurrent Preclean 0,121ms
[2022-10-30T09:13:27.154+0100][gc,start    ] GC(2) Pause Remark
[2022-10-30T09:13:27.155+0100][gc          ] GC(2) Pause Remark 9M->9M(1024M) 0,982ms
[2022-10-30T09:13:27.155+0100][gc,cpu      ] GC(2) User=0,00s Sys=0,00s Real=0,00s
[2022-10-30T09:13:27.155+0100][gc,marking  ] GC(2) Concurrent Mark 2,684ms
[2022-10-30T09:13:27.155+0100][gc,marking  ] GC(2) Concurrent Rebuild Remembered Sets
[2022-10-30T09:13:27.155+0100][gc,marking  ] GC(2) Concurrent Rebuild Remembered Sets 0,007ms
[2022-10-30T09:13:27.155+0100][gc,start    ] GC(2) Pause Cleanup
[2022-10-30T09:13:27.155+0100][gc          ] GC(2) Pause Cleanup 9M->9M(1024M) 0,011ms
[2022-10-30T09:13:27.155+0100][gc,cpu      ] GC(2) User=0,00s Sys=0,00s Real=0,00s
[2022-10-30T09:13:27.155+0100][gc,marking  ] GC(2) Concurrent Cleanup for Next Mark
[2022-10-30T09:13:27.159+0100][gc,marking  ] GC(2) Concurrent Cleanup for Next Mark 3,839ms
[2022-10-30T09:13:27.159+0100][gc          ] GC(2) Concurrent Mark Cycle 8,710ms
[2022-10-30T09:13:28.445+0100][gc,start    ] GC(3) Pause Young (Normal) (G1 Evacuation Pause)
[2022-10-30T09:13:28.445+0100][gc,task     ] GC(3) Using 8 workers of 8 for evacuation
[2022-10-30T09:13:28.450+0100][gc,phases   ] GC(3)   Pre Evacuate Collection Set: 0,1ms
[2022-10-30T09:13:28.450+0100][gc,phases   ] GC(3)   Merge Heap Roots: 0,1ms
[2022-10-30T09:13:28.450+0100][gc,phases   ] GC(3)   Evacuate Collection Set: 4,5ms
[2022-10-30T09:13:28.450+0100][gc,phases   ] GC(3)   Post Evacuate Collection Set: 0,4ms
[2022-10-30T09:13:28.450+0100][gc,phases   ] GC(3)   Other: 0,1ms
[2022-10-30T09:13:28.450+0100][gc,heap     ] GC(3) Eden regions: 50->0(44)
[2022-10-30T09:13:28.450+0100][gc,heap     ] GC(3) Survivor regions: 1->7(7)
[2022-10-30T09:13:28.450+0100][gc,heap     ] GC(3) Old regions: 7->7
[2022-10-30T09:13:28.450+0100][gc,heap     ] GC(3) Archive regions: 2->2
[2022-10-30T09:13:28.450+0100][gc,heap     ] GC(3) Humongous regions: 129->129
[2022-10-30T09:13:28.450+0100][gc,metaspace] GC(3) Metaspace: 30582K(30848K)->30582K(30848K) NonClass: 27076K(27200K)->27076K(27200K) Class: 3506K(3648K)->3506K(3648K)
[2022-10-30T09:13:28.450+0100][gc          ] GC(3) Pause Young (Normal) (G1 Evacuation Pause) 187M->142M(1024M) 5,273ms
[2022-10-30T09:13:28.450+0100][gc,cpu      ] GC(3) User=0,02s Sys=0,00s Real=0,01s
[2022-10-30T09:13:28.919+0100][gc,heap,exit] Heap
[2022-10-30T09:13:28.919+0100][gc,heap,exit]  garbage-first heap   total 1048576K, used 157972K [0x00000000c0000000, 0x0000000100000000)
[2022-10-30T09:13:28.919+0100][gc,heap,exit]   region size 1024K, 19 young (19456K), 7 survivors (7168K)
[2022-10-30T09:13:28.919+0100][gc,heap,exit]  Metaspace       used 32065K, committed 32320K, reserved 1081344K
[2022-10-30T09:13:28.919+0100][gc,heap,exit]   class space    used 3747K, committed 3840K, reserved 1048576K
