[2022-10-13T08:28:16.005+0200][gc] Using G1
[2022-10-13T08:28:16.020+0200][gc,init] Version: 17.0.4+8-Ubuntu-122.04 (release)
[2022-10-13T08:28:16.020+0200][gc,init] CPUs: 8 total, 8 available
[2022-10-13T08:28:16.020+0200][gc,init] Memory: 32052M
[2022-10-13T08:28:16.020+0200][gc,init] Large Page Support: Disabled
[2022-10-13T08:28:16.020+0200][gc,init] NUMA Support: Disabled
[2022-10-13T08:28:16.020+0200][gc,init] Compressed Oops: Enabled (32-bit)
[2022-10-13T08:28:16.020+0200][gc,init] Heap Region Size: 1M
[2022-10-13T08:28:16.020+0200][gc,init] Heap Min Capacity: 1G
[2022-10-13T08:28:16.020+0200][gc,init] Heap Initial Capacity: 1G
[2022-10-13T08:28:16.020+0200][gc,init] Heap Max Capacity: 1G
[2022-10-13T08:28:16.020+0200][gc,init] Pre-touch: Disabled
[2022-10-13T08:28:16.020+0200][gc,init] Parallel Workers: 8
[2022-10-13T08:28:16.020+0200][gc,init] Concurrent Workers: 2
[2022-10-13T08:28:16.020+0200][gc,init] Concurrent Refinement Workers: 8
[2022-10-13T08:28:16.020+0200][gc,init] Periodic GC: Disabled
[2022-10-13T08:28:16.021+0200][gc,metaspace] CDS archive(s) mapped at: [0x0000000800000000-0x0000000800be3000-0x0000000800be3000), size 12464128, SharedBaseAddress: 0x0000000800000000, ArchiveRelocationMode: 0.
[2022-10-13T08:28:16.021+0200][gc,metaspace] Compressed class space mapped at: 0x0000000800c00000-0x0000000840c00000, reserved size: 1073741824
[2022-10-13T08:28:16.021+0200][gc,metaspace] Narrow klass base: 0x0000000800000000, Narrow klass shift: 0, Narrow klass range: 0x100000000
[2022-10-13T08:28:17.285+0200][gc,start    ] GC(0) Pause Young (Normal) (G1 Evacuation Pause)
[2022-10-13T08:28:17.286+0200][gc,task     ] GC(0) Using 8 workers of 8 for evacuation
[2022-10-13T08:28:17.291+0200][gc,phases   ] GC(0)   Pre Evacuate Collection Set: 2,0ms
[2022-10-13T08:28:17.291+0200][gc,phases   ] GC(0)   Merge Heap Roots: 0,1ms
[2022-10-13T08:28:17.291+0200][gc,phases   ] GC(0)   Evacuate Collection Set: 2,8ms
[2022-10-13T08:28:17.291+0200][gc,phases   ] GC(0)   Post Evacuate Collection Set: 0,4ms
[2022-10-13T08:28:17.291+0200][gc,phases   ] GC(0)   Other: 0,9ms
[2022-10-13T08:28:17.291+0200][gc,heap     ] GC(0) Eden regions: 51->0(44)
[2022-10-13T08:28:17.291+0200][gc,heap     ] GC(0) Survivor regions: 0->7(7)
[2022-10-13T08:28:17.291+0200][gc,heap     ] GC(0) Old regions: 0->1
[2022-10-13T08:28:17.291+0200][gc,heap     ] GC(0) Archive regions: 2->2
[2022-10-13T08:28:17.291+0200][gc,heap     ] GC(0) Humongous regions: 0->0
[2022-10-13T08:28:17.291+0200][gc,metaspace] GC(0) Metaspace: 18932K(19136K)->18932K(19136K) NonClass: 16657K(16768K)->16657K(16768K) Class: 2274K(2368K)->2274K(2368K)
[2022-10-13T08:28:17.291+0200][gc          ] GC(0) Pause Young (Normal) (G1 Evacuation Pause) 51M->8M(1024M) 6,175ms
[2022-10-13T08:28:17.291+0200][gc,cpu      ] GC(0) User=0,01s Sys=0,01s Real=0,00s
[2022-10-13T08:28:17.552+0200][gc,start    ] GC(1) Pause Young (Concurrent Start) (Metadata GC Threshold)
[2022-10-13T08:28:17.552+0200][gc,task     ] GC(1) Using 8 workers of 8 for evacuation
[2022-10-13T08:28:17.557+0200][gc,phases   ] GC(1)   Pre Evacuate Collection Set: 0,1ms
[2022-10-13T08:28:17.557+0200][gc,phases   ] GC(1)   Merge Heap Roots: 0,1ms
[2022-10-13T08:28:17.557+0200][gc,phases   ] GC(1)   Evacuate Collection Set: 4,4ms
[2022-10-13T08:28:17.557+0200][gc,phases   ] GC(1)   Post Evacuate Collection Set: 0,4ms
[2022-10-13T08:28:17.557+0200][gc,phases   ] GC(1)   Other: 0,2ms
[2022-10-13T08:28:17.557+0200][gc,heap     ] GC(1) Eden regions: 11->0(49)
[2022-10-13T08:28:17.558+0200][gc,heap     ] GC(1) Survivor regions: 7->2(7)
[2022-10-13T08:28:17.558+0200][gc,heap     ] GC(1) Old regions: 1->8
[2022-10-13T08:28:17.558+0200][gc,heap     ] GC(1) Archive regions: 2->2
[2022-10-13T08:28:17.558+0200][gc,heap     ] GC(1) Humongous regions: 129->129
[2022-10-13T08:28:17.558+0200][gc,metaspace] GC(1) Metaspace: 21344K(21504K)->21344K(21504K) NonClass: 18757K(18816K)->18757K(18816K) Class: 2587K(2688K)->2587K(2688K)
[2022-10-13T08:28:17.558+0200][gc          ] GC(1) Pause Young (Concurrent Start) (Metadata GC Threshold) 147M->138M(1024M) 5,274ms
[2022-10-13T08:28:17.558+0200][gc,cpu      ] GC(1) User=0,02s Sys=0,00s Real=0,00s
[2022-10-13T08:28:17.558+0200][gc          ] GC(2) Concurrent Mark Cycle
[2022-10-13T08:28:17.558+0200][gc,marking  ] GC(2) Concurrent Clear Claimed Marks
[2022-10-13T08:28:17.558+0200][gc,marking  ] GC(2) Concurrent Clear Claimed Marks 0,017ms
[2022-10-13T08:28:17.558+0200][gc,marking  ] GC(2) Concurrent Scan Root Regions
[2022-10-13T08:28:17.560+0200][gc,marking  ] GC(2) Concurrent Scan Root Regions 2,394ms
[2022-10-13T08:28:17.560+0200][gc,marking  ] GC(2) Concurrent Mark
[2022-10-13T08:28:17.560+0200][gc,marking  ] GC(2) Concurrent Mark From Roots
[2022-10-13T08:28:17.560+0200][gc,task     ] GC(2) Using 2 workers of 2 for marking
[2022-10-13T08:28:17.562+0200][gc,marking  ] GC(2) Concurrent Mark From Roots 1,829ms
[2022-10-13T08:28:17.562+0200][gc,marking  ] GC(2) Concurrent Preclean
[2022-10-13T08:28:17.562+0200][gc,marking  ] GC(2) Concurrent Preclean 0,122ms
[2022-10-13T08:28:17.562+0200][gc,start    ] GC(2) Pause Remark
[2022-10-13T08:28:17.563+0200][gc          ] GC(2) Pause Remark 139M->139M(1024M) 1,127ms
[2022-10-13T08:28:17.563+0200][gc,cpu      ] GC(2) User=0,00s Sys=0,00s Real=0,00s
[2022-10-13T08:28:17.563+0200][gc,marking  ] GC(2) Concurrent Mark 3,271ms
[2022-10-13T08:28:17.563+0200][gc,marking  ] GC(2) Concurrent Rebuild Remembered Sets
[2022-10-13T08:28:17.566+0200][gc,marking  ] GC(2) Concurrent Rebuild Remembered Sets 2,278ms
[2022-10-13T08:28:17.566+0200][gc,start    ] GC(2) Pause Cleanup
[2022-10-13T08:28:17.566+0200][gc          ] GC(2) Pause Cleanup 139M->139M(1024M) 0,140ms
[2022-10-13T08:28:17.566+0200][gc,cpu      ] GC(2) User=0,00s Sys=0,00s Real=0,00s
[2022-10-13T08:28:17.566+0200][gc,marking  ] GC(2) Concurrent Cleanup for Next Mark
[2022-10-13T08:28:17.571+0200][gc,marking  ] GC(2) Concurrent Cleanup for Next Mark 4,982ms
[2022-10-13T08:28:17.571+0200][gc          ] GC(2) Concurrent Mark Cycle 13,398ms
[2022-10-13T08:28:18.337+0200][gc,start    ] GC(3) Pause Young (Normal) (G1 Evacuation Pause)
[2022-10-13T08:28:18.337+0200][gc,task     ] GC(3) Using 8 workers of 8 for evacuation
[2022-10-13T08:28:18.344+0200][gc,phases   ] GC(3)   Pre Evacuate Collection Set: 0,1ms
[2022-10-13T08:28:18.344+0200][gc,phases   ] GC(3)   Merge Heap Roots: 0,0ms
[2022-10-13T08:28:18.344+0200][gc,phases   ] GC(3)   Evacuate Collection Set: 5,8ms
[2022-10-13T08:28:18.344+0200][gc,phases   ] GC(3)   Post Evacuate Collection Set: 0,9ms
[2022-10-13T08:28:18.344+0200][gc,phases   ] GC(3)   Other: 0,1ms
[2022-10-13T08:28:18.344+0200][gc,heap     ] GC(3) Eden regions: 49->0(45)
[2022-10-13T08:28:18.344+0200][gc,heap     ] GC(3) Survivor regions: 2->6(7)
[2022-10-13T08:28:18.344+0200][gc,heap     ] GC(3) Old regions: 8->8
[2022-10-13T08:28:18.344+0200][gc,heap     ] GC(3) Archive regions: 2->2
[2022-10-13T08:28:18.344+0200][gc,heap     ] GC(3) Humongous regions: 129->129
[2022-10-13T08:28:18.344+0200][gc,metaspace] GC(3) Metaspace: 32982K(33216K)->32982K(33216K) NonClass: 29260K(29376K)->29260K(29376K) Class: 3722K(3840K)->3722K(3840K)
[2022-10-13T08:28:18.344+0200][gc          ] GC(3) Pause Young (Normal) (G1 Evacuation Pause) 187M->142M(1024M) 7,106ms
[2022-10-13T08:28:18.344+0200][gc,cpu      ] GC(3) User=0,02s Sys=0,00s Real=0,01s
[2022-10-13T08:31:09.637+0200][gc,start    ] GC(4) Pause Young (Concurrent Start) (Metadata GC Threshold)
[2022-10-13T08:31:09.637+0200][gc,task     ] GC(4) Using 8 workers of 8 for evacuation
[2022-10-13T08:31:09.642+0200][gc,phases   ] GC(4)   Pre Evacuate Collection Set: 0,1ms
[2022-10-13T08:31:09.642+0200][gc,phases   ] GC(4)   Merge Heap Roots: 0,0ms
[2022-10-13T08:31:09.642+0200][gc,phases   ] GC(4)   Evacuate Collection Set: 4,2ms
[2022-10-13T08:31:09.642+0200][gc,phases   ] GC(4)   Post Evacuate Collection Set: 0,4ms
[2022-10-13T08:31:09.642+0200][gc,phases   ] GC(4)   Other: 0,1ms
[2022-10-13T08:31:09.642+0200][gc,heap     ] GC(4) Eden regions: 15->0(50)
[2022-10-13T08:31:09.642+0200][gc,heap     ] GC(4) Survivor regions: 6->1(7)
[2022-10-13T08:31:09.642+0200][gc,heap     ] GC(4) Old regions: 8->13
[2022-10-13T08:31:09.642+0200][gc,heap     ] GC(4) Archive regions: 2->2
[2022-10-13T08:31:09.642+0200][gc,heap     ] GC(4) Humongous regions: 129->129
[2022-10-13T08:31:09.642+0200][gc,metaspace] GC(4) Metaspace: 35756K(36096K)->35756K(36096K) NonClass: 31554K(31744K)->31554K(31744K) Class: 4202K(4352K)->4202K(4352K)
[2022-10-13T08:31:09.642+0200][gc          ] GC(4) Pause Young (Concurrent Start) (Metadata GC Threshold) 157M->143M(1024M) 4,938ms
[2022-10-13T08:31:09.642+0200][gc,cpu      ] GC(4) User=0,02s Sys=0,00s Real=0,01s
[2022-10-13T08:31:09.642+0200][gc          ] GC(5) Concurrent Mark Cycle
[2022-10-13T08:31:09.642+0200][gc,marking  ] GC(5) Concurrent Clear Claimed Marks
[2022-10-13T08:31:09.642+0200][gc,marking  ] GC(5) Concurrent Clear Claimed Marks 0,032ms
[2022-10-13T08:31:09.642+0200][gc,marking  ] GC(5) Concurrent Scan Root Regions
[2022-10-13T08:31:09.645+0200][gc,marking  ] GC(5) Concurrent Scan Root Regions 3,104ms
[2022-10-13T08:31:09.645+0200][gc,marking  ] GC(5) Concurrent Mark
[2022-10-13T08:31:09.645+0200][gc,marking  ] GC(5) Concurrent Mark From Roots
[2022-10-13T08:31:09.645+0200][gc,task     ] GC(5) Using 2 workers of 2 for marking
[2022-10-13T08:31:09.650+0200][gc,marking  ] GC(5) Concurrent Mark From Roots 4,546ms
[2022-10-13T08:31:09.650+0200][gc,marking  ] GC(5) Concurrent Preclean
[2022-10-13T08:31:09.650+0200][gc,marking  ] GC(5) Concurrent Preclean 0,146ms
[2022-10-13T08:31:09.650+0200][gc,start    ] GC(5) Pause Remark
[2022-10-13T08:31:09.652+0200][gc          ] GC(5) Pause Remark 143M->143M(1024M) 1,765ms
[2022-10-13T08:31:09.652+0200][gc,cpu      ] GC(5) User=0,01s Sys=0,00s Real=0,01s
[2022-10-13T08:31:09.652+0200][gc,marking  ] GC(5) Concurrent Mark 6,806ms
[2022-10-13T08:31:09.652+0200][gc,marking  ] GC(5) Concurrent Rebuild Remembered Sets
[2022-10-13T08:31:09.657+0200][gc,marking  ] GC(5) Concurrent Rebuild Remembered Sets 5,122ms
[2022-10-13T08:31:09.657+0200][gc,start    ] GC(5) Pause Cleanup
[2022-10-13T08:31:09.658+0200][gc          ] GC(5) Pause Cleanup 144M->144M(1024M) 0,153ms
[2022-10-13T08:31:09.658+0200][gc,cpu      ] GC(5) User=0,00s Sys=0,00s Real=0,00s
[2022-10-13T08:31:09.658+0200][gc,marking  ] GC(5) Concurrent Cleanup for Next Mark
[2022-10-13T08:31:09.662+0200][gc,marking  ] GC(5) Concurrent Cleanup for Next Mark 4,493ms
[2022-10-13T08:31:09.662+0200][gc          ] GC(5) Concurrent Mark Cycle 19,966ms
[2022-10-13T08:31:18.650+0200][gc,start    ] GC(6) Pause Young (Prepare Mixed) (G1 Evacuation Pause)
[2022-10-13T08:31:18.650+0200][gc,task     ] GC(6) Using 8 workers of 8 for evacuation
[2022-10-13T08:31:18.664+0200][gc,phases   ] GC(6)   Pre Evacuate Collection Set: 0,2ms
[2022-10-13T08:31:18.664+0200][gc,phases   ] GC(6)   Merge Heap Roots: 0,1ms
[2022-10-13T08:31:18.664+0200][gc,phases   ] GC(6)   Evacuate Collection Set: 13,9ms
[2022-10-13T08:31:18.664+0200][gc,phases   ] GC(6)   Post Evacuate Collection Set: 0,6ms
[2022-10-13T08:31:18.665+0200][gc,phases   ] GC(6)   Other: 0,1ms
[2022-10-13T08:31:18.665+0200][gc,heap     ] GC(6) Eden regions: 50->0(48)
[2022-10-13T08:31:18.665+0200][gc,heap     ] GC(6) Survivor regions: 1->3(7)
[2022-10-13T08:31:18.665+0200][gc,heap     ] GC(6) Old regions: 13->13
[2022-10-13T08:31:18.665+0200][gc,heap     ] GC(6) Archive regions: 2->2
[2022-10-13T08:31:18.665+0200][gc,heap     ] GC(6) Humongous regions: 129->129
[2022-10-13T08:31:18.665+0200][gc,metaspace] GC(6) Metaspace: 39416K(39872K)->39416K(39872K) NonClass: 34840K(35072K)->34840K(35072K) Class: 4576K(4800K)->4576K(4800K)
[2022-10-13T08:31:18.665+0200][gc          ] GC(6) Pause Young (Prepare Mixed) (G1 Evacuation Pause) 193M->145M(1024M) 14,910ms
[2022-10-13T08:31:18.665+0200][gc,cpu      ] GC(6) User=0,02s Sys=0,00s Real=0,02s
[2022-10-13T08:31:21.823+0200][gc,start    ] GC(7) Pause Young (Mixed) (G1 Evacuation Pause)
[2022-10-13T08:31:21.823+0200][gc,task     ] GC(7) Using 8 workers of 8 for evacuation
[2022-10-13T08:31:21.835+0200][gc,phases   ] GC(7)   Pre Evacuate Collection Set: 0,2ms
[2022-10-13T08:31:21.835+0200][gc,phases   ] GC(7)   Merge Heap Roots: 0,1ms
[2022-10-13T08:31:21.835+0200][gc,phases   ] GC(7)   Evacuate Collection Set: 10,1ms
[2022-10-13T08:31:21.835+0200][gc,phases   ] GC(7)   Post Evacuate Collection Set: 1,3ms
[2022-10-13T08:31:21.835+0200][gc,phases   ] GC(7)   Other: 0,1ms
[2022-10-13T08:31:21.835+0200][gc,heap     ] GC(7) Eden regions: 48->0(47)
[2022-10-13T08:31:21.835+0200][gc,heap     ] GC(7) Survivor regions: 3->4(7)
[2022-10-13T08:31:21.835+0200][gc,heap     ] GC(7) Old regions: 13->13
[2022-10-13T08:31:21.835+0200][gc,heap     ] GC(7) Archive regions: 2->2
[2022-10-13T08:31:21.835+0200][gc,heap     ] GC(7) Humongous regions: 129->129
[2022-10-13T08:31:21.835+0200][gc,metaspace] GC(7) Metaspace: 39739K(40192K)->39739K(40192K) NonClass: 35158K(35392K)->35158K(35392K) Class: 4580K(4800K)->4580K(4800K)
[2022-10-13T08:31:21.835+0200][gc          ] GC(7) Pause Young (Mixed) (G1 Evacuation Pause) 193M->146M(1024M) 11,842ms
[2022-10-13T08:31:21.835+0200][gc,cpu      ] GC(7) User=0,03s Sys=0,00s Real=0,01s
[2022-10-13T08:31:43.001+0200][gc,start    ] GC(8) Pause Young (Normal) (G1 Evacuation Pause)
[2022-10-13T08:31:43.002+0200][gc,task     ] GC(8) Using 8 workers of 8 for evacuation
[2022-10-13T08:31:43.026+0200][gc,mmu      ] GC(8) MMU target violated: 21,0ms (20,0ms/21,0ms)
[2022-10-13T08:31:43.026+0200][gc,phases   ] GC(8)   Pre Evacuate Collection Set: 0,2ms
[2022-10-13T08:31:43.026+0200][gc,phases   ] GC(8)   Merge Heap Roots: 0,1ms
[2022-10-13T08:31:43.026+0200][gc,phases   ] GC(8)   Evacuate Collection Set: 23,1ms
[2022-10-13T08:31:43.026+0200][gc,phases   ] GC(8)   Post Evacuate Collection Set: 0,6ms
[2022-10-13T08:31:43.026+0200][gc,phases   ] GC(8)   Other: 0,2ms
[2022-10-13T08:31:43.026+0200][gc,heap     ] GC(8) Eden regions: 47->0(47)
[2022-10-13T08:31:43.026+0200][gc,heap     ] GC(8) Survivor regions: 4->4(7)
[2022-10-13T08:31:43.026+0200][gc,heap     ] GC(8) Old regions: 13->14
[2022-10-13T08:31:43.026+0200][gc,heap     ] GC(8) Archive regions: 2->2
[2022-10-13T08:31:43.026+0200][gc,heap     ] GC(8) Humongous regions: 129->129
[2022-10-13T08:31:43.026+0200][gc,metaspace] GC(8) Metaspace: 39750K(40192K)->39750K(40192K) NonClass: 35169K(35392K)->35169K(35392K) Class: 4580K(4800K)->4580K(4800K)
[2022-10-13T08:31:43.026+0200][gc          ] GC(8) Pause Young (Normal) (G1 Evacuation Pause) 193M->146M(1024M) 24,301ms
[2022-10-13T08:31:43.026+0200][gc,cpu      ] GC(8) User=0,03s Sys=0,00s Real=0,02s
[2022-10-13T09:05:05.981+0200][gc,start    ] GC(9) Pause Young (Normal) (G1 Evacuation Pause)
[2022-10-13T09:05:05.981+0200][gc,task     ] GC(9) Using 8 workers of 8 for evacuation
[2022-10-13T09:05:05.986+0200][gc,phases   ] GC(9)   Pre Evacuate Collection Set: 0,3ms
[2022-10-13T09:05:05.986+0200][gc,phases   ] GC(9)   Merge Heap Roots: 0,1ms
[2022-10-13T09:05:05.986+0200][gc,phases   ] GC(9)   Evacuate Collection Set: 4,5ms
[2022-10-13T09:05:05.986+0200][gc,phases   ] GC(9)   Post Evacuate Collection Set: 0,7ms
[2022-10-13T09:05:05.986+0200][gc,phases   ] GC(9)   Other: 0,2ms
[2022-10-13T09:05:05.986+0200][gc,heap     ] GC(9) Eden regions: 47->0(63)
[2022-10-13T09:05:05.986+0200][gc,heap     ] GC(9) Survivor regions: 4->4(7)
[2022-10-13T09:05:05.986+0200][gc,heap     ] GC(9) Old regions: 14->14
[2022-10-13T09:05:05.986+0200][gc,heap     ] GC(9) Archive regions: 2->2
[2022-10-13T09:05:05.986+0200][gc,heap     ] GC(9) Humongous regions: 129->129
[2022-10-13T09:05:05.986+0200][gc,metaspace] GC(9) Metaspace: 40071K(40512K)->40071K(40512K) NonClass: 35468K(35712K)->35468K(35712K) Class: 4603K(4800K)->4603K(4800K)
[2022-10-13T09:05:05.987+0200][gc          ] GC(9) Pause Young (Normal) (G1 Evacuation Pause) 193M->146M(1024M) 5,932ms
[2022-10-13T09:05:05.987+0200][gc,cpu      ] GC(9) User=0,04s Sys=0,00s Real=0,00s
[2022-10-13T09:08:58.525+0200][gc,start    ] GC(10) Pause Young (Normal) (G1 Evacuation Pause)
[2022-10-13T09:08:58.525+0200][gc,task     ] GC(10) Using 8 workers of 8 for evacuation
[2022-10-13T09:08:58.532+0200][gc,phases   ] GC(10)   Pre Evacuate Collection Set: 0,2ms
[2022-10-13T09:08:58.533+0200][gc,phases   ] GC(10)   Merge Heap Roots: 0,1ms
[2022-10-13T09:08:58.533+0200][gc,phases   ] GC(10)   Evacuate Collection Set: 5,2ms
[2022-10-13T09:08:58.533+0200][gc,phases   ] GC(10)   Post Evacuate Collection Set: 2,0ms
[2022-10-13T09:08:58.533+0200][gc,phases   ] GC(10)   Other: 0,1ms
[2022-10-13T09:08:58.533+0200][gc,heap     ] GC(10) Eden regions: 63->0(91)
[2022-10-13T09:08:58.533+0200][gc,heap     ] GC(10) Survivor regions: 4->5(9)
[2022-10-13T09:08:58.533+0200][gc,heap     ] GC(10) Old regions: 14->14
[2022-10-13T09:08:58.533+0200][gc,heap     ] GC(10) Archive regions: 2->2
[2022-10-13T09:08:58.533+0200][gc,heap     ] GC(10) Humongous regions: 129->129
[2022-10-13T09:08:58.533+0200][gc,metaspace] GC(10) Metaspace: 40121K(40576K)->40121K(40576K) NonClass: 35515K(35776K)->35515K(35776K) Class: 4606K(4800K)->4606K(4800K)
[2022-10-13T09:08:58.533+0200][gc          ] GC(10) Pause Young (Normal) (G1 Evacuation Pause) 209M->147M(1024M) 7,738ms
[2022-10-13T09:08:58.533+0200][gc,cpu      ] GC(10) User=0,01s Sys=0,01s Real=0,01s
[2022-10-13T09:09:49.420+0200][gc,heap,exit] Heap
[2022-10-13T09:09:49.420+0200][gc,heap,exit]  garbage-first heap   total 1048576K, used 240170K [0x00000000c0000000, 0x0000000100000000)
[2022-10-13T09:09:49.421+0200][gc,heap,exit]   region size 1024K, 92 young (94208K), 5 survivors (5120K)
[2022-10-13T09:09:49.421+0200][gc,heap,exit]  Metaspace       used 40848K, committed 41344K, reserved 1089536K
[2022-10-13T09:09:49.421+0200][gc,heap,exit]   class space    used 4766K, committed 4992K, reserved 1048576K
