[2022-10-28T11:04:00.721+0200][gc] Using G1
[2022-10-28T11:04:00.732+0200][gc,init] Version: 17.0.4+8-Ubuntu-122.04 (release)
[2022-10-28T11:04:00.732+0200][gc,init] CPUs: 8 total, 8 available
[2022-10-28T11:04:00.732+0200][gc,init] Memory: 32052M
[2022-10-28T11:04:00.732+0200][gc,init] Large Page Support: Disabled
[2022-10-28T11:04:00.732+0200][gc,init] NUMA Support: Disabled
[2022-10-28T11:04:00.732+0200][gc,init] Compressed Oops: Enabled (32-bit)
[2022-10-28T11:04:00.732+0200][gc,init] Heap Region Size: 1M
[2022-10-28T11:04:00.732+0200][gc,init] Heap Min Capacity: 1G
[2022-10-28T11:04:00.732+0200][gc,init] Heap Initial Capacity: 1G
[2022-10-28T11:04:00.732+0200][gc,init] Heap Max Capacity: 1G
[2022-10-28T11:04:00.732+0200][gc,init] Pre-touch: Disabled
[2022-10-28T11:04:00.732+0200][gc,init] Parallel Workers: 8
[2022-10-28T11:04:00.732+0200][gc,init] Concurrent Workers: 2
[2022-10-28T11:04:00.732+0200][gc,init] Concurrent Refinement Workers: 8
[2022-10-28T11:04:00.732+0200][gc,init] Periodic GC: Disabled
[2022-10-28T11:04:00.733+0200][gc,metaspace] CDS archive(s) mapped at: [0x0000000800000000-0x0000000800be3000-0x0000000800be3000), size 12464128, SharedBaseAddress: 0x0000000800000000, ArchiveRelocationMode: 0.
[2022-10-28T11:04:00.733+0200][gc,metaspace] Compressed class space mapped at: 0x0000000800c00000-0x0000000840c00000, reserved size: 1073741824
[2022-10-28T11:04:00.733+0200][gc,metaspace] Narrow klass base: 0x0000000800000000, Narrow klass shift: 0, Narrow klass range: 0x100000000
[2022-10-28T11:04:02.341+0200][gc,start    ] GC(0) Pause Young (Normal) (G1 Evacuation Pause)
[2022-10-28T11:04:02.342+0200][gc,task     ] GC(0) Using 8 workers of 8 for evacuation
[2022-10-28T11:04:02.346+0200][gc,phases   ] GC(0)   Pre Evacuate Collection Set: 0,1ms
[2022-10-28T11:04:02.346+0200][gc,phases   ] GC(0)   Merge Heap Roots: 0,1ms
[2022-10-28T11:04:02.346+0200][gc,phases   ] GC(0)   Evacuate Collection Set: 3,6ms
[2022-10-28T11:04:02.346+0200][gc,phases   ] GC(0)   Post Evacuate Collection Set: 0,4ms
[2022-10-28T11:04:02.346+0200][gc,phases   ] GC(0)   Other: 0,8ms
[2022-10-28T11:04:02.346+0200][gc,heap     ] GC(0) Eden regions: 51->0(44)
[2022-10-28T11:04:02.346+0200][gc,heap     ] GC(0) Survivor regions: 0->7(7)
[2022-10-28T11:04:02.346+0200][gc,heap     ] GC(0) Old regions: 0->1
[2022-10-28T11:04:02.346+0200][gc,heap     ] GC(0) Archive regions: 2->2
[2022-10-28T11:04:02.346+0200][gc,heap     ] GC(0) Humongous regions: 0->0
[2022-10-28T11:04:02.346+0200][gc,metaspace] GC(0) Metaspace: 19040K(19200K)->19040K(19200K) NonClass: 16742K(16832K)->16742K(16832K) Class: 2297K(2368K)->2297K(2368K)
[2022-10-28T11:04:02.347+0200][gc          ] GC(0) Pause Young (Normal) (G1 Evacuation Pause) 51M->8M(1024M) 5,155ms
[2022-10-28T11:04:02.347+0200][gc,cpu      ] GC(0) User=0,02s Sys=0,00s Real=0,00s
[2022-10-28T11:04:02.533+0200][gc,start    ] GC(1) Pause Young (Concurrent Start) (Metadata GC Threshold)
[2022-10-28T11:04:02.533+0200][gc,task     ] GC(1) Using 8 workers of 8 for evacuation
[2022-10-28T11:04:02.542+0200][gc,phases   ] GC(1)   Pre Evacuate Collection Set: 0,3ms
[2022-10-28T11:04:02.542+0200][gc,phases   ] GC(1)   Merge Heap Roots: 0,0ms
[2022-10-28T11:04:02.542+0200][gc,phases   ] GC(1)   Evacuate Collection Set: 7,9ms
[2022-10-28T11:04:02.542+0200][gc,phases   ] GC(1)   Post Evacuate Collection Set: 0,3ms
[2022-10-28T11:04:02.542+0200][gc,phases   ] GC(1)   Other: 0,2ms
[2022-10-28T11:04:02.542+0200][gc,heap     ] GC(1) Eden regions: 10->0(50)
[2022-10-28T11:04:02.542+0200][gc,heap     ] GC(1) Survivor regions: 7->1(7)
[2022-10-28T11:04:02.542+0200][gc,heap     ] GC(1) Old regions: 1->7
[2022-10-28T11:04:02.542+0200][gc,heap     ] GC(1) Archive regions: 2->2
[2022-10-28T11:04:02.542+0200][gc,heap     ] GC(1) Humongous regions: 0->0
[2022-10-28T11:04:02.542+0200][gc,metaspace] GC(1) Metaspace: 21307K(21504K)->21307K(21504K) NonClass: 18723K(18816K)->18723K(18816K) Class: 2584K(2688K)->2584K(2688K)
[2022-10-28T11:04:02.542+0200][gc          ] GC(1) Pause Young (Concurrent Start) (Metadata GC Threshold) 17M->8M(1024M) 8,960ms
[2022-10-28T11:04:02.542+0200][gc,cpu      ] GC(1) User=0,03s Sys=0,00s Real=0,01s
[2022-10-28T11:04:02.542+0200][gc          ] GC(2) Concurrent Mark Cycle
[2022-10-28T11:04:02.543+0200][gc,marking  ] GC(2) Concurrent Clear Claimed Marks
[2022-10-28T11:04:02.543+0200][gc,marking  ] GC(2) Concurrent Clear Claimed Marks 0,020ms
[2022-10-28T11:04:02.543+0200][gc,marking  ] GC(2) Concurrent Scan Root Regions
[2022-10-28T11:04:02.545+0200][gc,marking  ] GC(2) Concurrent Scan Root Regions 2,661ms
[2022-10-28T11:04:02.545+0200][gc,marking  ] GC(2) Concurrent Mark
[2022-10-28T11:04:02.545+0200][gc,marking  ] GC(2) Concurrent Mark From Roots
[2022-10-28T11:04:02.545+0200][gc,task     ] GC(2) Using 2 workers of 2 for marking
[2022-10-28T11:04:02.547+0200][gc,marking  ] GC(2) Concurrent Mark From Roots 1,719ms
[2022-10-28T11:04:02.547+0200][gc,marking  ] GC(2) Concurrent Preclean
[2022-10-28T11:04:02.547+0200][gc,marking  ] GC(2) Concurrent Preclean 0,104ms
[2022-10-28T11:04:02.547+0200][gc,start    ] GC(2) Pause Remark
[2022-10-28T11:04:02.549+0200][gc          ] GC(2) Pause Remark 8M->8M(1024M) 1,672ms
[2022-10-28T11:04:02.549+0200][gc,cpu      ] GC(2) User=0,01s Sys=0,00s Real=0,01s
[2022-10-28T11:04:02.549+0200][gc,marking  ] GC(2) Concurrent Mark 3,734ms
[2022-10-28T11:04:02.549+0200][gc,marking  ] GC(2) Concurrent Rebuild Remembered Sets
[2022-10-28T11:04:02.549+0200][gc,marking  ] GC(2) Concurrent Rebuild Remembered Sets 0,007ms
[2022-10-28T11:04:02.549+0200][gc,start    ] GC(2) Pause Cleanup
[2022-10-28T11:04:02.549+0200][gc          ] GC(2) Pause Cleanup 8M->8M(1024M) 0,015ms
[2022-10-28T11:04:02.549+0200][gc,cpu      ] GC(2) User=0,00s Sys=0,00s Real=0,00s
[2022-10-28T11:04:02.549+0200][gc,marking  ] GC(2) Concurrent Cleanup for Next Mark
[2022-10-28T11:04:02.554+0200][gc,marking  ] GC(2) Concurrent Cleanup for Next Mark 4,458ms
[2022-10-28T11:04:02.554+0200][gc          ] GC(2) Concurrent Mark Cycle 11,199ms
[2022-10-28T11:04:03.894+0200][gc,start    ] GC(3) Pause Young (Normal) (G1 Evacuation Pause)
[2022-10-28T11:04:03.894+0200][gc,task     ] GC(3) Using 8 workers of 8 for evacuation
[2022-10-28T11:04:03.901+0200][gc,phases   ] GC(3)   Pre Evacuate Collection Set: 0,1ms
[2022-10-28T11:04:03.901+0200][gc,phases   ] GC(3)   Merge Heap Roots: 0,0ms
[2022-10-28T11:04:03.901+0200][gc,phases   ] GC(3)   Evacuate Collection Set: 6,2ms
[2022-10-28T11:04:03.901+0200][gc,phases   ] GC(3)   Post Evacuate Collection Set: 0,4ms
[2022-10-28T11:04:03.901+0200][gc,phases   ] GC(3)   Other: 0,1ms
[2022-10-28T11:04:03.901+0200][gc,heap     ] GC(3) Eden regions: 50->0(44)
[2022-10-28T11:04:03.901+0200][gc,heap     ] GC(3) Survivor regions: 1->7(7)
[2022-10-28T11:04:03.901+0200][gc,heap     ] GC(3) Old regions: 7->8
[2022-10-28T11:04:03.901+0200][gc,heap     ] GC(3) Archive regions: 2->2
[2022-10-28T11:04:03.901+0200][gc,heap     ] GC(3) Humongous regions: 129->129
[2022-10-28T11:04:03.901+0200][gc,metaspace] GC(3) Metaspace: 30134K(30400K)->30134K(30400K) NonClass: 26678K(26816K)->26678K(26816K) Class: 3455K(3584K)->3455K(3584K)
[2022-10-28T11:04:03.901+0200][gc          ] GC(3) Pause Young (Normal) (G1 Evacuation Pause) 187M->144M(1024M) 6,975ms
[2022-10-28T11:04:03.901+0200][gc,cpu      ] GC(3) User=0,04s Sys=0,00s Real=0,01s
[2022-10-28T11:04:04.440+0200][gc,heap,exit] Heap
[2022-10-28T11:04:04.440+0200][gc,heap,exit]  garbage-first heap   total 1048576K, used 161341K [0x00000000c0000000, 0x0000000100000000)
[2022-10-28T11:04:04.440+0200][gc,heap,exit]   region size 1024K, 21 young (21504K), 7 survivors (7168K)
[2022-10-28T11:04:04.440+0200][gc,heap,exit]  Metaspace       used 32016K, committed 32320K, reserved 1081344K
[2022-10-28T11:04:04.440+0200][gc,heap,exit]   class space    used 3747K, committed 3840K, reserved 1048576K
