[2022-10-30T09:13:18.153+0100][gc] Using G1
[2022-10-30T09:13:18.160+0100][gc,init] Version: 17.0.4+8-Ubuntu-122.04 (release)
[2022-10-30T09:13:18.160+0100][gc,init] CPUs: 8 total, 8 available
[2022-10-30T09:13:18.160+0100][gc,init] Memory: 32052M
[2022-10-30T09:13:18.160+0100][gc,init] Large Page Support: Disabled
[2022-10-30T09:13:18.160+0100][gc,init] NUMA Support: Disabled
[2022-10-30T09:13:18.160+0100][gc,init] Compressed Oops: Enabled (32-bit)
[2022-10-30T09:13:18.160+0100][gc,init] Heap Region Size: 1M
[2022-10-30T09:13:18.160+0100][gc,init] Heap Min Capacity: 512M
[2022-10-30T09:13:18.160+0100][gc,init] Heap Initial Capacity: 512M
[2022-10-30T09:13:18.160+0100][gc,init] Heap Max Capacity: 512M
[2022-10-30T09:13:18.160+0100][gc,init] Pre-touch: Disabled
[2022-10-30T09:13:18.160+0100][gc,init] Parallel Workers: 8
[2022-10-30T09:13:18.160+0100][gc,init] Concurrent Workers: 2
[2022-10-30T09:13:18.160+0100][gc,init] Concurrent Refinement Workers: 8
[2022-10-30T09:13:18.160+0100][gc,init] Periodic GC: Disabled
[2022-10-30T09:13:18.160+0100][gc,metaspace] CDS archive(s) mapped at: [0x0000000800000000-0x0000000800be3000-0x0000000800be3000), size 12464128, SharedBaseAddress: 0x0000000800000000, ArchiveRelocationMode: 0.
[2022-10-30T09:13:18.160+0100][gc,metaspace] Compressed class space mapped at: 0x0000000800c00000-0x0000000840c00000, reserved size: 1073741824
[2022-10-30T09:13:18.160+0100][gc,metaspace] Narrow klass base: 0x0000000800000000, Narrow klass shift: 0, Narrow klass range: 0x100000000
[2022-10-30T09:13:26.837+0100][gc,start    ] GC(0) Pause Young (Normal) (G1 Evacuation Pause)
[2022-10-30T09:13:26.838+0100][gc,task     ] GC(0) Using 8 workers of 8 for evacuation
[2022-10-30T09:13:26.841+0100][gc,phases   ] GC(0)   Pre Evacuate Collection Set: 0,1ms
[2022-10-30T09:13:26.841+0100][gc,phases   ] GC(0)   Merge Heap Roots: 0,0ms
[2022-10-30T09:13:26.841+0100][gc,phases   ] GC(0)   Evacuate Collection Set: 3,0ms
[2022-10-30T09:13:26.841+0100][gc,phases   ] GC(0)   Post Evacuate Collection Set: 0,3ms
[2022-10-30T09:13:26.841+0100][gc,phases   ] GC(0)   Other: 0,7ms
[2022-10-30T09:13:26.841+0100][gc,heap     ] GC(0) Eden regions: 25->0(21)
[2022-10-30T09:13:26.841+0100][gc,heap     ] GC(0) Survivor regions: 0->4(4)
[2022-10-30T09:13:26.841+0100][gc,heap     ] GC(0) Old regions: 0->4
[2022-10-30T09:13:26.841+0100][gc,heap     ] GC(0) Archive regions: 2->2
[2022-10-30T09:13:26.841+0100][gc,heap     ] GC(0) Humongous regions: 0->0
[2022-10-30T09:13:26.841+0100][gc,metaspace] GC(0) Metaspace: 8017K(8192K)->8017K(8192K) NonClass: 7125K(7232K)->7125K(7232K) Class: 892K(960K)->892K(960K)
[2022-10-30T09:13:26.841+0100][gc          ] GC(0) Pause Young (Normal) (G1 Evacuation Pause) 25M->7M(512M) 4,075ms
[2022-10-30T09:13:26.841+0100][gc,cpu      ] GC(0) User=0,02s Sys=0,00s Real=0,01s
[2022-10-30T14:07:17.525+0100][gc,start    ] GC(1) Pause Young (Normal) (G1 Evacuation Pause)
[2022-10-30T14:07:17.525+0100][gc,task     ] GC(1) Using 8 workers of 8 for evacuation
[2022-10-30T14:07:17.529+0100][gc,phases   ] GC(1)   Pre Evacuate Collection Set: 0,1ms
[2022-10-30T14:07:17.529+0100][gc,phases   ] GC(1)   Merge Heap Roots: 0,1ms
[2022-10-30T14:07:17.529+0100][gc,phases   ] GC(1)   Evacuate Collection Set: 3,0ms
[2022-10-30T14:07:17.529+0100][gc,phases   ] GC(1)   Post Evacuate Collection Set: 0,4ms
[2022-10-30T14:07:17.529+0100][gc,phases   ] GC(1)   Other: 0,1ms
[2022-10-30T14:07:17.529+0100][gc,heap     ] GC(1) Eden regions: 21->0(24)
[2022-10-30T14:07:17.529+0100][gc,heap     ] GC(1) Survivor regions: 4->1(4)
[2022-10-30T14:07:17.529+0100][gc,heap     ] GC(1) Old regions: 4->8
[2022-10-30T14:07:17.529+0100][gc,heap     ] GC(1) Archive regions: 2->2
[2022-10-30T14:07:17.529+0100][gc,heap     ] GC(1) Humongous regions: 0->0
[2022-10-30T14:07:17.529+0100][gc,metaspace] GC(1) Metaspace: 8727K(8896K)->8727K(8896K) NonClass: 7812K(7872K)->7812K(7872K) Class: 915K(1024K)->915K(1024K)
[2022-10-30T14:07:17.529+0100][gc          ] GC(1) Pause Young (Normal) (G1 Evacuation Pause) 28M->8M(512M) 3,971ms
[2022-10-30T14:07:17.529+0100][gc,cpu      ] GC(1) User=0,03s Sys=0,00s Real=0,01s
