[2022-10-27T09:51:53.174+0200][gc] Using G1
[2022-10-27T09:51:53.178+0200][gc,init] Version: 17.0.4+8-Ubuntu-122.04 (release)
[2022-10-27T09:51:53.178+0200][gc,init] CPUs: 8 total, 8 available
[2022-10-27T09:51:53.178+0200][gc,init] Memory: 32052M
[2022-10-27T09:51:53.178+0200][gc,init] Large Page Support: Disabled
[2022-10-27T09:51:53.178+0200][gc,init] NUMA Support: Disabled
[2022-10-27T09:51:53.178+0200][gc,init] Compressed Oops: Enabled (32-bit)
[2022-10-27T09:51:53.178+0200][gc,init] Heap Region Size: 1M
[2022-10-27T09:51:53.178+0200][gc,init] Heap Min Capacity: 512M
[2022-10-27T09:51:53.178+0200][gc,init] Heap Initial Capacity: 512M
[2022-10-27T09:51:53.178+0200][gc,init] Heap Max Capacity: 512M
[2022-10-27T09:51:53.178+0200][gc,init] Pre-touch: Disabled
[2022-10-27T09:51:53.178+0200][gc,init] Parallel Workers: 8
[2022-10-27T09:51:53.178+0200][gc,init] Concurrent Workers: 2
[2022-10-27T09:51:53.178+0200][gc,init] Concurrent Refinement Workers: 8
[2022-10-27T09:51:53.178+0200][gc,init] Periodic GC: Disabled
[2022-10-27T09:51:53.178+0200][gc,metaspace] CDS archive(s) mapped at: [0x0000000800000000-0x0000000800be3000-0x0000000800be3000), size 12464128, SharedBaseAddress: 0x0000000800000000, ArchiveRelocationMode: 0.
[2022-10-27T09:51:53.178+0200][gc,metaspace] Compressed class space mapped at: 0x0000000800c00000-0x0000000840c00000, reserved size: 1073741824
[2022-10-27T09:51:53.178+0200][gc,metaspace] Narrow klass base: 0x0000000800000000, Narrow klass shift: 0, Narrow klass range: 0x100000000
[2022-10-27T09:52:01.246+0200][gc,start    ] GC(0) Pause Young (Normal) (G1 Evacuation Pause)
[2022-10-27T09:52:01.247+0200][gc,task     ] GC(0) Using 8 workers of 8 for evacuation
[2022-10-27T09:52:01.251+0200][gc,phases   ] GC(0)   Pre Evacuate Collection Set: 0,1ms
[2022-10-27T09:52:01.251+0200][gc,phases   ] GC(0)   Merge Heap Roots: 0,0ms
[2022-10-27T09:52:01.251+0200][gc,phases   ] GC(0)   Evacuate Collection Set: 3,4ms
[2022-10-27T09:52:01.251+0200][gc,phases   ] GC(0)   Post Evacuate Collection Set: 0,3ms
[2022-10-27T09:52:01.251+0200][gc,phases   ] GC(0)   Other: 0,8ms
[2022-10-27T09:52:01.251+0200][gc,heap     ] GC(0) Eden regions: 25->0(21)
[2022-10-27T09:52:01.251+0200][gc,heap     ] GC(0) Survivor regions: 0->4(4)
[2022-10-27T09:52:01.251+0200][gc,heap     ] GC(0) Old regions: 0->4
[2022-10-27T09:52:01.251+0200][gc,heap     ] GC(0) Archive regions: 2->2
[2022-10-27T09:52:01.251+0200][gc,heap     ] GC(0) Humongous regions: 0->0
[2022-10-27T09:52:01.251+0200][gc,metaspace] GC(0) Metaspace: 7966K(8128K)->7966K(8128K) NonClass: 7075K(7168K)->7075K(7168K) Class: 891K(960K)->891K(960K)
[2022-10-27T09:52:01.251+0200][gc          ] GC(0) Pause Young (Normal) (G1 Evacuation Pause) 25M->8M(512M) 4,717ms
[2022-10-27T09:52:01.251+0200][gc,cpu      ] GC(0) User=0,02s Sys=0,00s Real=0,00s
[2022-10-27T13:48:21.930+0200][gc,start    ] GC(1) Pause Young (Normal) (G1 Evacuation Pause)
[2022-10-27T13:48:21.930+0200][gc,task     ] GC(1) Using 8 workers of 8 for evacuation
[2022-10-27T13:48:21.935+0200][gc,phases   ] GC(1)   Pre Evacuate Collection Set: 0,1ms
[2022-10-27T13:48:21.935+0200][gc,phases   ] GC(1)   Merge Heap Roots: 0,1ms
[2022-10-27T13:48:21.935+0200][gc,phases   ] GC(1)   Evacuate Collection Set: 4,5ms
[2022-10-27T13:48:21.935+0200][gc,phases   ] GC(1)   Post Evacuate Collection Set: 0,5ms
[2022-10-27T13:48:21.935+0200][gc,phases   ] GC(1)   Other: 0,2ms
[2022-10-27T13:48:21.935+0200][gc,heap     ] GC(1) Eden regions: 21->0(24)
[2022-10-27T13:48:21.935+0200][gc,heap     ] GC(1) Survivor regions: 4->1(4)
[2022-10-27T13:48:21.935+0200][gc,heap     ] GC(1) Old regions: 4->8
[2022-10-27T13:48:21.935+0200][gc,heap     ] GC(1) Archive regions: 2->2
[2022-10-27T13:48:21.935+0200][gc,heap     ] GC(1) Humongous regions: 0->0
[2022-10-27T13:48:21.935+0200][gc,metaspace] GC(1) Metaspace: 8846K(9088K)->8846K(9088K) NonClass: 7932K(8064K)->7932K(8064K) Class: 914K(1024K)->914K(1024K)
[2022-10-27T13:48:21.935+0200][gc          ] GC(1) Pause Young (Normal) (G1 Evacuation Pause) 29M->8M(512M) 5,518ms
[2022-10-27T13:48:21.935+0200][gc,cpu      ] GC(1) User=0,01s Sys=0,02s Real=0,00s
[2022-10-27T20:52:48.752+0200][gc,heap,exit] Heap
[2022-10-27T20:52:48.752+0200][gc,heap,exit]  garbage-first heap   total 524288K, used 31470K [0x00000000e0000000, 0x0000000100000000)
[2022-10-27T20:52:48.752+0200][gc,heap,exit]   region size 1024K, 24 young (24576K), 1 survivors (1024K)
[2022-10-27T20:52:48.752+0200][gc,heap,exit]  Metaspace       used 8860K, committed 9088K, reserved 1064960K
[2022-10-27T20:52:48.752+0200][gc,heap,exit]   class space    used 914K, committed 1024K, reserved 1048576K
