[2022-10-17T09:54:57.907+0200][gc] Using G1
[2022-10-17T09:54:57.914+0200][gc,init] Version: 17.0.4+8-Ubuntu-122.04 (release)
[2022-10-17T09:54:57.914+0200][gc,init] CPUs: 8 total, 8 available
[2022-10-17T09:54:57.914+0200][gc,init] Memory: 32052M
[2022-10-17T09:54:57.914+0200][gc,init] Large Page Support: Disabled
[2022-10-17T09:54:57.914+0200][gc,init] NUMA Support: Disabled
[2022-10-17T09:54:57.914+0200][gc,init] Compressed Oops: Enabled (32-bit)
[2022-10-17T09:54:57.914+0200][gc,init] Heap Region Size: 1M
[2022-10-17T09:54:57.914+0200][gc,init] Heap Min Capacity: 512M
[2022-10-17T09:54:57.914+0200][gc,init] Heap Initial Capacity: 512M
[2022-10-17T09:54:57.914+0200][gc,init] Heap Max Capacity: 512M
[2022-10-17T09:54:57.914+0200][gc,init] Pre-touch: Disabled
[2022-10-17T09:54:57.914+0200][gc,init] Parallel Workers: 8
[2022-10-17T09:54:57.914+0200][gc,init] Concurrent Workers: 2
[2022-10-17T09:54:57.914+0200][gc,init] Concurrent Refinement Workers: 8
[2022-10-17T09:54:57.914+0200][gc,init] Periodic GC: Disabled
[2022-10-17T09:54:57.914+0200][gc,metaspace] CDS archive(s) mapped at: [0x0000000800000000-0x0000000800be3000-0x0000000800be3000), size 12464128, SharedBaseAddress: 0x0000000800000000, ArchiveRelocationMode: 0.
[2022-10-17T09:54:57.914+0200][gc,metaspace] Compressed class space mapped at: 0x0000000800c00000-0x0000000840c00000, reserved size: 1073741824
[2022-10-17T09:54:57.914+0200][gc,metaspace] Narrow klass base: 0x0000000800000000, Narrow klass shift: 0, Narrow klass range: 0x100000000
[2022-10-17T09:55:08.578+0200][gc,start    ] GC(0) Pause Young (Normal) (G1 Evacuation Pause)
[2022-10-17T09:55:08.579+0200][gc,task     ] GC(0) Using 8 workers of 8 for evacuation
[2022-10-17T09:55:08.584+0200][gc,phases   ] GC(0)   Pre Evacuate Collection Set: 0,1ms
[2022-10-17T09:55:08.584+0200][gc,phases   ] GC(0)   Merge Heap Roots: 0,0ms
[2022-10-17T09:55:08.584+0200][gc,phases   ] GC(0)   Evacuate Collection Set: 4,1ms
[2022-10-17T09:55:08.584+0200][gc,phases   ] GC(0)   Post Evacuate Collection Set: 0,4ms
[2022-10-17T09:55:08.584+0200][gc,phases   ] GC(0)   Other: 0,6ms
[2022-10-17T09:55:08.584+0200][gc,heap     ] GC(0) Eden regions: 25->0(21)
[2022-10-17T09:55:08.584+0200][gc,heap     ] GC(0) Survivor regions: 0->4(4)
[2022-10-17T09:55:08.584+0200][gc,heap     ] GC(0) Old regions: 0->4
[2022-10-17T09:55:08.584+0200][gc,heap     ] GC(0) Archive regions: 2->2
[2022-10-17T09:55:08.584+0200][gc,heap     ] GC(0) Humongous regions: 0->0
[2022-10-17T09:55:08.584+0200][gc,metaspace] GC(0) Metaspace: 7942K(8064K)->7942K(8064K) NonClass: 7051K(7104K)->7051K(7104K) Class: 891K(960K)->891K(960K)
[2022-10-17T09:55:08.584+0200][gc          ] GC(0) Pause Young (Normal) (G1 Evacuation Pause) 25M->8M(512M) 5,279ms
[2022-10-17T09:55:08.584+0200][gc,cpu      ] GC(0) User=0,01s Sys=0,00s Real=0,01s
