[2022-10-13T08:24:38.156+0200][gc] Using G1
[2022-10-13T08:24:38.161+0200][gc,init] Version: 17.0.4+8-Ubuntu-122.04 (release)
[2022-10-13T08:24:38.161+0200][gc,init] CPUs: 8 total, 8 available
[2022-10-13T08:24:38.161+0200][gc,init] Memory: 32052M
[2022-10-13T08:24:38.161+0200][gc,init] Large Page Support: Disabled
[2022-10-13T08:24:38.161+0200][gc,init] NUMA Support: Disabled
[2022-10-13T08:24:38.161+0200][gc,init] Compressed Oops: Enabled (32-bit)
[2022-10-13T08:24:38.161+0200][gc,init] Heap Region Size: 1M
[2022-10-13T08:24:38.161+0200][gc,init] Heap Min Capacity: 512M
[2022-10-13T08:24:38.161+0200][gc,init] Heap Initial Capacity: 512M
[2022-10-13T08:24:38.161+0200][gc,init] Heap Max Capacity: 512M
[2022-10-13T08:24:38.161+0200][gc,init] Pre-touch: Disabled
[2022-10-13T08:24:38.162+0200][gc,init] Parallel Workers: 8
[2022-10-13T08:24:38.162+0200][gc,init] Concurrent Workers: 2
[2022-10-13T08:24:38.162+0200][gc,init] Concurrent Refinement Workers: 8
[2022-10-13T08:24:38.162+0200][gc,init] Periodic GC: Disabled
[2022-10-13T08:24:38.162+0200][gc,metaspace] CDS archive(s) mapped at: [0x0000000800000000-0x0000000800be3000-0x0000000800be3000), size 12464128, SharedBaseAddress: 0x0000000800000000, ArchiveRelocationMode: 0.
[2022-10-13T08:24:38.162+0200][gc,metaspace] Compressed class space mapped at: 0x0000000800c00000-0x0000000840c00000, reserved size: 1073741824
[2022-10-13T08:24:38.162+0200][gc,metaspace] Narrow klass base: 0x0000000800000000, Narrow klass shift: 0, Narrow klass range: 0x100000000
[2022-10-13T08:24:51.817+0200][gc,heap,exit] Heap
[2022-10-13T08:24:51.817+0200][gc,heap,exit]  garbage-first heap   total 524288K, used 23526K [0x00000000e0000000, 0x0000000100000000)
[2022-10-13T08:24:51.817+0200][gc,heap,exit]   region size 1024K, 23 young (23552K), 0 survivors (0K)
[2022-10-13T08:24:51.817+0200][gc,heap,exit]  Metaspace       used 7573K, committed 7744K, reserved 1056768K
[2022-10-13T08:24:51.817+0200][gc,heap,exit]   class space    used 845K, committed 960K, reserved 1048576K
